******************************************************************************
                  TI ARM Linker PC v20.2.7                     
******************************************************************************
>> Linked Tue Jun  9 13:10:44 2026

OUTPUT FILE NAME:   <practica-TIVA-2026.out>
ENTRY POINT SYMBOL: "_c_int00_noargs"  address: 00017909


MEMORY CONFIGURATION

         name            origin    length      used     unused   attr    fill
----------------------  --------  ---------  --------  --------  ----  --------
  FLASH                 00000000   00040000  00018922  000276de  R  X
  SRAM                  20000000   00008000  00006751  000018af  RW X


SEGMENT ALLOCATION MAP

run origin  load origin   length   init length attrs members
----------  ----------- ---------- ----------- ----- -------
00000000    00000000    00018928   00018928    r-x
  00000000    00000000    0000026c   0000026c    r-- .intvecs
  0000026c    0000026c    0001787a   0001787a    r-x .text
  00017ae8    00017ae8    00000cd4   00000cd4    r-- .const
  000187c0    000187c0    00000168   00000168    r-- .cinit
20000000    20000000    00006758   00000000    rw-
  20000000    20000000    0000026c   00000000    rw- .vtable
  2000026c    2000026c    00006041   00000000    rw- .bss
  200062b0    200062b0    000002a4   00000000    rw- .data
  20006558    20006558    00000200   00000000    rw- .stack


SECTION ALLOCATION MAP

 output                                  attributes/
section   page    origin      length       input sections
--------  ----  ----------  ----------   ----------------
.intvecs   0    00000000    0000026c     
                  00000000    0000026c     startup_ccs.obj (.intvecs)

.text      0    0000026c    0001787a     
                  0000026c    00003084     usbhostenum.obj (.text)
                  000032f0    00002870     tasks.obj (.text)
                  00005b60    0000238c     usb.obj (.text)
                  00007eec    00001688     sysctl.obj (.text)
                  00009574    00001570     usbdenum.obj (.text)
                  0000aae4    00001288     gpio.obj (.text)
                  0000bd6c    000010c4     queue.obj (.text)
                  0000ce30    00000fdc     usbdcdc.obj (.text)
                  0000de0c    00000fa8     usbdma.obj (.text)
                  0000edb4    00000d20     timer.obj (.text)
                  0000fad4    00000b8c     uartstdioMod.obj (.text)
                  00010660    00000b08     uart.obj (.text)
                  00011168    00000a4e     rtsv7M4_T_le_v4SPD16_eabi.lib : _printfi.c.obj (.text:__TI_printfi)
                  00011bb6    00000002                                   : _lock.c.obj (.text:_nop)
                  00011bb8    00000924     usbhhub.obj (.text)
                  000124dc    000007b4     timers.obj (.text)
                  00012c90    00000598     usbbuffer.obj (.text)
                  00013228    00000570     usbmode.obj (.text)
                  00013798    00000490     interrupt.obj (.text)
                  00013c28    0000048c     usbringbuf.obj (.text)
                  000140b4    00000478     heap_4.obj (.text)
                  0001452c    00000460     commands.obj (.text)
                  0001498c    000003bc     usbdconfig.obj (.text)
                  00014d48    000003b4     usb_dev_serial.obj (.text)
                  000150fc    000003a8     serial2USBprotocol.obj (.text)
                  000154a4    00000374     main.obj (.text)
                  00015818    000002de     usbdcdesc.obj (.text)
                  00015af6    00000002     rtsv7M4_T_le_v4SPD16_eabi.lib : div0.asm.obj (.text)
                  00015af8    000002d0     port.obj (.text)
                  00015dc8    00000270     rtsv7M4_T_le_v4SPD16_eabi.lib : _printfi.c.obj (.text:_pconv_a)
                  00016038    000001d2     usbdesc.obj (.text)
                  0001620a    00000002     --HOLE-- [fill = 0]
                  0001620c    000001d0     rtsv7M4_T_le_v4SPD16_eabi.lib : _printfi.c.obj (.text:_pconv_g)
                  000163dc    000001b6                                   : fd_add_t2.asm.obj (.text)
                  00016592    00000002     --HOLE-- [fill = 0]
                  00016594    0000013c                                   : _printfi.c.obj (.text:_pconv_e)
                  000166d0    00000136                                   : fd_div_t2.asm.obj (.text)
                  00016806    0000012a     list.obj (.text)
                  00016930    00000124     cpu_usage.obj (.text)
                  00016a54    00000124     rtsv7M4_T_le_v4SPD16_eabi.lib : _printfi.c.obj (.text:fcvt)
                  00016b78    00000110                                   : s_scalbn.c.obj (.text:scalbn)
                  00016c88    000000fc                                   : fd_mul_t2.asm.obj (.text)
                  00016d84    000000ec     usbtick.obj (.text)
                  00016e70    000000da     portasm.obj (.text)
                  00016f4a    000000c8     usbulpi.obj (.text)
                  00017012    00000002     --HOLE-- [fill = 0]
                  00017014    000000b1     rtsv7M4_T_le_v4SPD16_eabi.lib : _printfi.c.obj (.text:_ltostr)
                  000170c5    00000003     --HOLE-- [fill = 0]
                  000170c8    000000ac     cmdline.obj (.text)
                  00017174    0000009c     rtsv7M4_T_le_v4SPD16_eabi.lib : memcpy_t2.asm.obj (.text)
                  00017210    00000096                                   : ull_div_t2.asm.obj (.text)
                  000172a6    00000086                                   : fd_cmp_t2.asm.obj (.text:__aeabi_cdcmple)
                  0001732c    00000086                                   : fd_cmp_t2.asm.obj (.text:__aeabi_cdrcmple)
                  000173b2    0000007a                                   : memset_t2.asm.obj (.text)
                  0001742c    0000006e                                   : _printfi.c.obj (.text:_mcpy)
                  0001749a    00000002     --HOLE-- [fill = 0]
                  0001749c    00000068     crc.obj (.text)
                  00017504    00000068     RunTimeStatsConfig.obj (.text)
                  0001756c    00000068     rtsv7M4_T_le_v4SPD16_eabi.lib : copy_decompress_lzss.c.obj (.text:decompress:lzss:__TI_decompress_lzss)
                  000175d4    00000064                                   : s_frexp.c.obj (.text:frexp)
                  00017638    00000056                                   : _printfi.c.obj (.text:_pconv_f)
                  0001768e    00000054                                   : _ltoa.c.obj (.text:__TI_ltoa)
                  000176e2    00000052                                   : _printfi.c.obj (.text:_ecpy)
                  00017734    0000004c                                   : atoi.c.obj (.text:atoi)
                  00017780    00000048                                   : fd_toi_t2.asm.obj (.text)
                  000177c8    00000044                                   : autoinit.c.obj (.text:__TI_auto_init_nobinit_nopinit:__TI_auto_init_nobinit_nopinit)
                  0001780c    00000040                                   : u_divt2.asm.obj (.text)
                  0001784c    00000040                                   : sprintf.c.obj (.text:sprintf)
                  0001788c    0000003e                                   : _printfi.c.obj (.text:_fcpy)
                  000178ca    0000003e     cpu.obj (.text)
                  00017908    00000034     rtsv7M4_T_le_v4SPD16_eabi.lib : boot_cortex_m.c.obj (.text:_c_int00_noargs:_c_int00_noargs)
                  0001793c    00000034                                   : rand.c.obj (.text:rand)
                  00017970    0000002e                                   : i_tofd_t2.asm.obj (.text)
                  0001799e    00000002     --HOLE-- [fill = 0]
                  000179a0    00000024     RunTimeStatsConfig.obj (.text:GetOverflowCounts)
                  000179c4    00000024     usbdhandler.obj (.text)
                  000179e8    0000001c     rtsv7M4_T_le_v4SPD16_eabi.lib : memccpy.c.obj (.text:memccpy)
                  00017a04    0000001a                                   : s_copysign.c.obj (.text:copysign)
                  00017a1e    00000018                                   : sprintf.c.obj (.text:_outs)
                  00017a36    00000018                                   : strcmp.c.obj (.text:strcmp)
                  00017a4e    00000016                                   : strchr.c.obj (.text:strchr)
                  00017a64    00000014                                   : strcpy.c.obj (.text:strcpy)
                  00017a78    00000014                                   : strlen.c.obj (.text:strlen)
                  00017a8c    00000012                                   : wcslen.c.obj (.text:wcslen)
                  00017a9e    0000000e                                   : copy_decompress_none.c.obj (.text:decompress:none:__TI_decompress_none)
                  00017aac    0000000c                                   : copy_zero_init.c.obj (.text:decompress:ZI:__TI_zero_init)
                  00017ab8    0000000c     startup_ccs.obj (.text)
                  00017ac4    0000000a     rtsv7M4_T_le_v4SPD16_eabi.lib : sprintf.c.obj (.text:_outc)
                  00017ace    00000002     --HOLE-- [fill = 0]
                  00017ad0    00000008                                   : errno.c.obj (.text:__aeabi_errno_addr)
                  00017ad8    00000006     sysctl.obj (.text:SysCtlDelay)
                  00017ade    00000004     rtsv7M4_T_le_v4SPD16_eabi.lib : pre_init.c.obj (.text:_system_pre_init)
                  00017ae2    00000004                                   : exit.c.obj (.text:abort:abort)

.const     0    00017ae8    00000cd4     
                  00017ae8    00000200     crc.obj (.const:crctttab)
                  00017ce8    000001b0     sysctl.obj (.const:g_pppui32XTALtoVCO)
                  00017e98    00000101     rtsv7M4_T_le_v4SPD16_eabi.lib : ctype.c.obj (.const:.string:_ctypes_)
                  00017f99    00000003     --HOLE-- [fill = 0]
                  00017f9c    000000f2     commands.obj (.const:.string)
                  0001808e    00000002     --HOLE-- [fill = 0]
                  00018090    000000d8     gpio.obj (.const:g_ppui32GPIOIntMapSnowflake)
                  00018168    000000c0     gpio.obj (.const:g_ppui32GPIOIntMapBlizzard)
                  00018228    0000009c     interrupt.obj (.const:g_pui32Regs)
                  000182c4    00000090     gpio.obj (.const:g_pui32GPIOBaseAddrs)
                  00018354    0000006c     sysctl.obj (.const:g_pui32Xtals)
                  000183c0    00000060     timer.obj (.const:g_ppui32TimerIntMap)
                  00018420    00000040     timer.obj (.const:g_ppui32TimerIntMapSnowflake)
                  00018460    00000040     uart.obj (.const:g_ppui32UARTIntMap)
                  000184a0    00000040     uart.obj (.const:g_ppui32UARTIntMapSnowflake)
                  000184e0    00000036     usb_serial_structs.obj (.const:.string:g_pui8ConfigString)
                  00018516    00000002     --HOLE-- [fill = 0]
                  00018518    00000034     usbdenum.obj (.const:g_psUSBDStdRequests)
                  0001854c    00000030     usbdcdc.obj (.const:g_sCDCHandlers)
                  0001857c    00000030     sysctl.obj (.const:g_sXTALtoMEMTIM)
                  000185ac    0000002c     usb_serial_structs.obj (.const:.string:g_pui8ControlInterfaceString)
                  000185d8    00000024     usb_serial_structs.obj (.const:.string:g_pui8ManufacturerString)
                  000185fc    00000023     usbdcdc.obj (.const:.string:g_pui8CDCSerCommInterface)
                  0001861f    00000022     usb_serial_structs.obj (.const:.string:g_pui8ProductString)
                  00018641    00000003     --HOLE-- [fill = 0]
                  00018644    00000020     interrupt.obj (.const:g_pui32Priority)
                  00018664    00000018     usb_serial_structs.obj (.const:g_ppui8StringDescriptors)
                  0001867c    00000017     usbdcdc.obj (.const:.string:g_pui8CDCSerDataInterface)
                  00018693    00000017     usbdcdc.obj (.const:.string:g_pui8CDCSerDataInterfaceHS)
                  000186aa    00000002     --HOLE-- [fill = 0]
                  000186ac    00000014     interrupt.obj (.const:g_pui32Dii16Regs)
                  000186c0    00000014     interrupt.obj (.const:g_pui32EnRegs)
                  000186d4    00000014     interrupt.obj (.const:g_pui32PendRegs)
                  000186e8    00000014     interrupt.obj (.const:g_pui32UnpendRegs)
                  000186fc    00000012     usb_serial_structs.obj (.const:.string:g_pui8SerialNumberString)
                  0001870e    00000002     --HOLE-- [fill = 0]
                  00018710    00000012     uartstdioMod.obj (.const:.string)
                  00018722    00000002     --HOLE-- [fill = 0]
                  00018724    0000000c     uartstdioMod.obj (.const:g_ui32UARTBase)
                  00018730    0000000c     uartstdioMod.obj (.const:g_ui32UARTInt)
                  0001873c    0000000c     uartstdioMod.obj (.const:g_ui32UARTPeriph)
                  00018748    00000008     sysctl.obj (.const:g_pui32VCOFrequencies)
                  00018750    00000008     usbdcdc.obj (.const:g_sCDCCompSerConfigHeader)
                  00018758    00000008     usbdcdc.obj (.const:g_sCDCCompSerConfigHeaderHS)
                  00018760    00000008     usbdcdc.obj (.const:g_sCDCSerCommInterfaceSection)
                  00018768    00000008     usbdcdc.obj (.const:g_sCDCSerConfigHeader)
                  00018770    00000008     usbdcdc.obj (.const:g_sCDCSerConfigHeaderHS)
                  00018778    00000008     usbdcdc.obj (.const:g_sCDCSerConfigSection)
                  00018780    00000008     usbdcdc.obj (.const:g_sCDCSerDataInterfaceSection)
                  00018788    00000008     usbdcdc.obj (.const:g_sCDCSerDataInterfaceSectionHS)
                  00018790    00000008     usbdcdc.obj (.const:g_sIADSerConfigSection)
                  00018798    00000008     port.obj (.const)
                  000187a0    00000004     usb_serial_structs.obj (.const:.string:g_pui8LangDescriptor)
                  000187a4    00000004     usbdcdc.obj (.const:g_pCDCCompSerConfigDescriptors)
                  000187a8    00000004     usbdcdc.obj (.const:g_pCDCCompSerConfigDescriptorsHS)
                  000187ac    00000004     usbdcdc.obj (.const:g_ppCDCSerConfigDescriptors)
                  000187b0    00000004     usbdcdc.obj (.const:g_ppCDCSerConfigDescriptorsHS)
                  000187b4    00000004     tasks.obj (.const)
                  000187b8    00000004     uartstdioMod.obj (.const)

.cinit     0    000187c0    00000168     
                  000187c0    00000134     (.cinit..data.load) [load image, compression = lzss]
                  000188f4    0000000c     (__TI_handler_table)
                  00018900    00000008     (.cinit..bss.load) [load image, compression = zero_init]
                  00018908    00000008     (.cinit..vtable.load) [load image, compression = zero_init]
                  00018910    00000018     (__TI_cinit_table)

.init_array 
*          0    00000000    00000000     UNINITIALIZED

.vtable    0    20000000    0000026c     UNINITIALIZED
                  20000000    0000026c     interrupt.obj (.vtable)

.bss       0    2000026c    00006041     UNINITIALIZED
                  2000026c    00005000     heap_4.obj (.bss:ucHeap)
                  2000526c    000006cc     usbhostenum.obj (.bss:g_sUSBHCD)
                  20005938    00000200     uartstdioMod.obj (.bss:g_pcUARTRxHistoryBuffer)
                  20005b38    00000140     tasks.obj (.bss:pxReadyTasksLists)
                  20005c78    00000110     usbdma.obj (.bss:g_psUSBDMAInst)
                  20005d88    00000100     (.common:g_pui8USBRxBuffer)
                  20005e88    00000100     (.common:g_pui8USBTxBuffer)
                  20005f88    0000009c     usbhhub.obj (.bss:g_sRootHub)
                  20006024    00000050     (.common:g_psDCDInst)
                  20006074    00000050     (.common:xQueueRegistry)
                  200060c4    00000040     usbdenum.obj (.bss:g_pui8DataBufferIn)
                  20006104    00000024     cmdline.obj (.bss:g_ppcArgv)
                  20006128    00000020     uartstdioMod.obj (.bss:g_usUARTRxHistoryOffset)
                  20006148    00000018     usbhostenum.obj (.bss:g_pi32USBHActiveDriver)
                  20006160    00000018     usbhostenum.obj (.bss:g_ppvDriverInstance)
                  20006178    00000018     (.common:g_pfnTickHandlers)
                  20006190    00000018     (.common:g_pvTickInstance)
                  200061a8    00000014     uartstdioMod.obj (.bss)
                  200061bc    00000014     timers.obj (.bss:xActiveTimerList1)
                  200061d0    00000014     timers.obj (.bss:xActiveTimerList2)
                  200061e4    00000014     tasks.obj (.bss:xDelayedTaskList1)
                  200061f8    00000014     tasks.obj (.bss:xDelayedTaskList2)
                  2000620c    00000014     tasks.obj (.bss:xPendingReadyList)
                  20006220    00000014     tasks.obj (.bss:xSuspendedTaskList)
                  20006234    00000014     tasks.obj (.bss:xTasksWaitingTermination)
                  20006248    0000000c     cpu_usage.obj (.bss)
                  20006254    00000008     usbhostenum.obj (.bss:g_pui32Alloc)
                  2000625c    00000008     tasks.obj (.bss)
                  20006264    00000008     timers.obj (.bss)
                  2000626c    00000008     usb_dev_serial.obj (.bss)
                  20006274    00000008     usbhhub.obj (.bss)
                  2000627c    00000008     heap_4.obj (.bss:xStart)
                  20006284    00000004     usbdenum.obj (.bss)
                  20006288    00000004     usbhostenum.obj (.bss)
                  2000628c    00000004     usbmode.obj (.bss)
                  20006290    00000004     (.common:cola)
                  20006294    00000004     (.common:g_ppsDevInfo)
                  20006298    00000004     (.common:g_ui32CPUUsage)
                  2000629c    00000004     (.common:g_ui32PollRate)
                  200062a0    00000004     (.common:g_ui32SystemClock)
                  200062a4    00000004     (.common:mutexUART)
                  200062a8    00000004     (.common:mutexUSB)
                  200062ac    00000001     (.common:g_eOTGModeState)

.data      0    200062b0    000002a4     UNINITIALIZED
                  200062b0    00000060     usb_serial_structs.obj (.data:g_sCDCDevice)
                  20006310    00000054     commands.obj (.data:g_psCmdTable)
                  20006364    0000003c     tasks.obj (.data)
                  200063a0    00000038     usb_serial_structs.obj (.data:g_sRxBuffer)
                  200063d8    00000038     usb_serial_structs.obj (.data:g_sTxBuffer)
                  20006410    00000018     cpu_usage.obj (.data:g_pui32CPUUsageTimerBase)
                  20006428    00000018     cpu_usage.obj (.data:g_pui32CPUUsageTimerPeriph)
                  20006440    00000018     usbhostenum.obj (.data:g_sUSBHEP0State)
                  20006458    00000014     heap_4.obj (.data)
                  2000646c    00000014     usbhostenum.obj (.data)
                  20006480    00000012     usbdcdc.obj (.data:g_pui8CDCSerDeviceDescriptor)
                  20006492    00000002     usbdcdc.obj (.data)
                  20006494    00000010     usbdcdc.obj (.data:g_psCDCCompSerSections)
                  200064a4    00000010     usbdcdc.obj (.data:g_psCDCCompSerSectionsHS)
                  200064b4    0000000d     usb_dev_serial.obj (.data)
                  200064c1    00000003     --HOLE--
                  200064c4    0000000c     usbdcdc.obj (.data:g_psCDCSerSections)
                  200064d0    0000000c     usbdcdc.obj (.data:g_psCDCSerSectionsHS)
                  200064dc    0000000c     port.obj (.data)
                  200064e8    0000000c     timers.obj (.data)
                  200064f4    0000000c     uartstdioMod.obj (.data)
                  20006500    0000000c     usbtick.obj (.data)
                  2000650c    00000009     usbdcdc.obj (.data:g_pui8CDCSerDescriptor)
                  20006515    00000003     --HOLE--
                  20006518    00000009     usbmode.obj (.data)
                  20006521    00000003     --HOLE--
                  20006524    00000008     rtsv7M4_T_le_v4SPD16_eabi.lib : _lock.c.obj (.data:$O1$$)
                  2000652c    00000008     usbdcdc.obj (.data:g_pui8IADSerDescriptor)
                  20006534    00000008     usbdenum.obj (.data)
                  2000653c    00000007     usb_dev_serial.obj (.data:ConfigLinea)
                  20006543    00000001     --HOLE--
                  20006544    00000005     main.obj (.data)
                  20006549    00000003     --HOLE--
                  2000654c    00000004     rtsv7M4_T_le_v4SPD16_eabi.lib : errno.c.obj (.data)
                  20006550    00000004                                   : rand.c.obj (.data)

.stack     0    20006558    00000200     UNINITIALIZED
                  20006558    00000004     rtsv7M4_T_le_v4SPD16_eabi.lib : boot_cortex_m.c.obj (.stack)
                  2000655c    000001fc     --HOLE--

__llvm_prf_cnts 
*          0    20000000    00000000     UNINITIALIZED

MODULE SUMMARY

       Module                       code    ro data   rw data
       ------                       ----    -------   -------
    .\
       commands.obj                 1120    242       84     
       usb_dev_serial.obj           948     0         28     
       serial2USBprotocol.obj       936     0         0      
       usb_serial_structs.obj       0       214       720    
       main.obj                     884     0         25     
       startup_ccs.obj              12      620       0      
       crc.obj                      104     512       0      
    +--+----------------------------+-------+---------+---------+
       Total:                       4004    1588      857    
                                                             
    .\FreeRTOS\Source\
       tasks.obj                    10352   4         488    
       queue.obj                    4292    0         80     
       timers.obj                   1972    0         60     
       list.obj                     298     0         0      
    +--+----------------------------+-------+---------+---------+
       Total:                       16914   4         628    
                                                             
    .\FreeRTOS\Source\portable\CCS\ARM_CM4F\
       port.obj                     720     8         12     
       portasm.obj                  218     0         0      
    +--+----------------------------+-------+---------+---------+
       Total:                       938     8         12     
                                                             
    .\FreeRTOS\Source\portable\MemMang\
       heap_4.obj                   1144    0         20508  
    +--+----------------------------+-------+---------+---------+
       Total:                       1144    0         20508  
                                                             
    .\driverlib\
       usb.obj                      9100    0         0      
       sysctl.obj                   5774    596       0      
       gpio.obj                     4744    552       0      
       timer.obj                    3360    160       0      
       uart.obj                     2824    128       0      
       interrupt.obj                1168    268       620    
       cpu.obj                      62      0         0      
    +--+----------------------------+-------+---------+---------+
       Total:                       27032   1704      620    
                                                             
    .\usblib\
       usbdma.obj                   4008    0         272    
       usbbuffer.obj                1432    0         0      
       usbmode.obj                  1392    0         18     
       usbringbuf.obj               1164    0         0      
       usbdesc.obj                  466     0         0      
       usbtick.obj                  236     0         60     
       usbulpi.obj                  200     0         0      
    +--+----------------------------+-------+---------+---------+
       Total:                       8898    0         350    
                                                             
    .\usblib\device\
       usbdenum.obj                 5488    52        160    
       usbdcdc.obj                  4060    217       93     
       usbdconfig.obj               956     0         0      
       usbdcdesc.obj                734     0         0      
       usbdhandler.obj              36      0         0      
    +--+----------------------------+-------+---------+---------+
       Total:                       11274   269       253    
                                                             
    .\usblib\host\
       usbhostenum.obj              12420   0         1844   
       usbhhub.obj                  2340    0         164    
    +--+----------------------------+-------+---------+---------+
       Total:                       14760   0         2008   
                                                             
    .\utils\
       uartstdioMod.obj             2956    58        576    
       cpu_usage.obj                292     0         60     
       cmdline.obj                  172     0         36     
       RunTimeStatsConfig.obj       140     0         0      
    +--+----------------------------+-------+---------+---------+
       Total:                       3560    58        672    
                                                             
    C:\ti\ccs1240\ccs\tools\compiler\ti-cgt-arm_20.2.7.LTS\lib\rtsv7M4_T_le_v4SPD16_eabi.lib
       _printfi.c.obj               4851    0         0      
       fd_add_t2.asm.obj            438     0         0      
       fd_div_t2.asm.obj            310     0         0      
       s_scalbn.c.obj               272     0         0      
       fd_cmp_t2.asm.obj            268     0         0      
       ctype.c.obj                  0       257       0      
       fd_mul_t2.asm.obj            252     0         0      
       memcpy_t2.asm.obj            156     0         0      
       ull_div_t2.asm.obj           150     0         0      
       memset_t2.asm.obj            122     0         0      
       copy_decompress_lzss.c.obj   104     0         0      
       s_frexp.c.obj                100     0         0      
       sprintf.c.obj                98      0         0      
       _ltoa.c.obj                  84      0         0      
       atoi.c.obj                   76      0         0      
       fd_toi_t2.asm.obj            72      0         0      
       autoinit.c.obj               68      0         0      
       u_divt2.asm.obj              64      0         0      
       rand.c.obj                   52      0         4      
       boot_cortex_m.c.obj          52      0         0      
       i_tofd_t2.asm.obj            46      0         0      
       memccpy.c.obj                28      0         0      
       s_copysign.c.obj             26      0         0      
       strcmp.c.obj                 24      0         0      
       strchr.c.obj                 22      0         0      
       strcpy.c.obj                 20      0         0      
       strlen.c.obj                 20      0         0      
       wcslen.c.obj                 18      0         0      
       copy_decompress_none.c.obj   14      0         0      
       copy_zero_init.c.obj         12      0         0      
       errno.c.obj                  8       0         4      
       _lock.c.obj                  2       0         8      
       exit.c.obj                   4       0         0      
       pre_init.c.obj               4       0         0      
       div0.asm.obj                 2       0         0      
    +--+----------------------------+-------+---------+---------+
       Total:                       7839    257       16     
                                                             
       Stack:                       0       0         512    
       Linker Generated:            0       360       0      
    +--+----------------------------+-------+---------+---------+
       Grand Total:                 96363   4248      26436  


LINKER GENERATED COPY TABLES

__TI_cinit_table @ 00018910 records: 3, size/record: 8, table size: 24
	.data: load addr=000187c0, load size=00000134 bytes, run addr=200062b0, run size=000002a4 bytes, compression=lzss
	.bss: load addr=00018900, load size=00000008 bytes, run addr=2000026c, run size=00006041 bytes, compression=zero_init
	.vtable: load addr=00018908, load size=00000008 bytes, run addr=20000000, run size=0000026c bytes, compression=zero_init


LINKER GENERATED HANDLER TABLE

__TI_handler_table @ 000188f4 records: 3, size/record: 4, table size: 12
	index: 0, handler: __TI_zero_init
	index: 1, handler: __TI_decompress_lzss
	index: 2, handler: __TI_decompress_none


GLOBAL SYMBOLS: SORTED ALPHABETICALLY BY Name 

address   name                                 
-------   ----                                 
00017ae3  C$$EXIT                              
0001696f  CPUUsageInit                         
00016931  CPUUsageTick                         
000178ff  CPUbasepriGet                        
000178f1  CPUbasepriSet                        
000178cb  CPUcpsid                             
000178e1  CPUcpsie                             
000178d7  CPUprimask                           
000178ed  CPUwfi                               
000170c9  CmdLineProcess                       
0000026d  ConfigDescAlloc                      
00000303  ConfigDescFree                       
0000bcfb  GPIOADCTriggerDisable                
0000bccf  GPIOADCTriggerEnable                 
0000bca3  GPIODMATriggerDisable                
0000bc77  GPIODMATriggerEnable                 
0000acc1  GPIODirModeGet                       
0000ac3d  GPIODirModeSet                       
0000b491  GPIOIntClear                         
0000b439  GPIOIntDisable                       
0000b411  GPIOIntEnable                        
0000b4b3  GPIOIntRegister                      
0000b531  GPIOIntRegisterPin                   
0000b461  GPIOIntStatus                        
0000aee5  GPIOIntTypeGet                       
0000ad95  GPIOIntTypeSet                       
0000b4f1  GPIOIntUnregister                    
0000b5a9  GPIOIntUnregisterPin                 
0000b27d  GPIOPadConfigGet                     
0000af89  GPIOPadConfigSet                     
0000bbf1  GPIOPinConfigure                     
0000b5fb  GPIOPinRead                          
0000b64f  GPIOPinTypeADC                       
0000b685  GPIOPinTypeCAN                       
0000b6bb  GPIOPinTypeComparator                
0000b6f1  GPIOPinTypeComparatorOutput          
0000b727  GPIOPinTypeDIVSCLK                   
0000b75d  GPIOPinTypeEPI                       
0000b793  GPIOPinTypeEthernetLED               
0000b7c9  GPIOPinTypeEthernetMII               
0000b80d  GPIOPinTypeGPIOInput                 
0000b843  GPIOPinTypeGPIOOutput                
0000b879  GPIOPinTypeGPIOOutputOD              
0000b8af  GPIOPinTypeHibernateRTCCLK           
0000b8e5  GPIOPinTypeI2C                       
0000b91b  GPIOPinTypeI2CSCL                    
0000b951  GPIOPinTypeLCD                       
0000b987  GPIOPinTypeOneWire                   
0000b9bd  GPIOPinTypePWM                       
0000b9f3  GPIOPinTypeQEI                       
0000ba29  GPIOPinTypeSSI                       
0000ba5f  GPIOPinTypeTimer                     
0000ba95  GPIOPinTypeTrace                     
0000bacb  GPIOPinTypeUART                      
0000bb05  GPIOPinTypeUSBAnalog                 
0000bb3b  GPIOPinTypeUSBDigital                
0000bb71  GPIOPinTypeWakeHigh                  
0000bba9  GPIOPinTypeWakeLow                   
0000bbe1  GPIOPinWakeStatus                    
0000b621  GPIOPinWrite                         
0000bd27  GPIOUnlockPin                        
000179a1  GetOverflowCounts                    
000139c5  IntDisable                           
00013947  IntEnable                            
00013a4d  IntIsEnabled                         
000137ab  IntMasterDisable                     
0001379b  IntMasterEnable                      
00013b71  IntPendClear                         
00013b01  IntPendSet                           
00013911  IntPriorityGet                       
00013877  IntPriorityGroupingGet               
00013851  IntPriorityGroupingSet               
00013bd7  IntPriorityMaskGet                   
00013bcb  IntPriorityMaskSet                   
000138af  IntPrioritySet                       
000137bb  IntRegister                          
00013bdf  IntTrigger                           
00013831  IntUnregister                        
000025c1  InternalUSBHCDSendEvent              
00016dcb  InternalUSBRegisterTickHandler       
00016e1b  InternalUSBStartOfFrameTick          
00016d85  InternalUSBTickInit                  
00016dc3  InternalUSBTickReset                 
00013685  OTGDeviceDisconnect                  
0000d079  ProcessDataFromHost                  
0000d189  ProcessDataToHost                    
0000d127  ProcessNotificationToHost            
00017ab9  ResetISR                             
000094ff  SysCtlAltClkConfig                   
00008ac5  SysCtlClockFreqSet                   
00008fa5  SysCtlClockGet                       
000094c7  SysCtlClockOutConfig                 
00008dcd  SysCtlClockSet                       
000089ad  SysCtlDeepSleep                      
0000917d  SysCtlDeepSleepClockConfigSet        
00009161  SysCtlDeepSleepClockSet              
0000898d  SysCtlDeepSleepPowerSet              
00017ad9  SysCtlDelay                          
000082b1  SysCtlFlashSectorSizeGet             
00008285  SysCtlFlashSizeGet                   
00009351  SysCtlGPIOAHBDisable                 
000092cd  SysCtlGPIOAHBEnable                  
000088a1  SysCtlIntClear                       
00008889  SysCtlIntDisable                     
00008875  SysCtlIntEnable                      
00008851  SysCtlIntRegister                    
000088b1  SysCtlIntStatus                      
00008865  SysCtlIntUnregister                  
00008973  SysCtlLDODeepSleepGet                
00008925  SysCtlLDODeepSleepSet                
0000891b  SysCtlLDOSleepGet                    
000088cd  SysCtlLDOSleepSet                    
000089e9  SysCtlMOSCConfigSet                  
000094b3  SysCtlNMIClear                       
000094ad  SysCtlNMIStatus                      
000089f9  SysCtlPIOSCCalibrate                 
00009299  SysCtlPWMClockGet                    
00009229  SysCtlPWMClockSet                    
000087fd  SysCtlPeripheralClockGating          
000087af  SysCtlPeripheralDeepSleepDisable     
00008761  SysCtlPeripheralDeepSleepEnable      
0000866d  SysCtlPeripheralDisable              
00008601  SysCtlPeripheralEnable               
000084b5  SysCtlPeripheralPowerOff             
00008431  SysCtlPeripheralPowerOn              
0000831d  SysCtlPeripheralPresent              
000083a9  SysCtlPeripheralReady                
00008561  SysCtlPeripheralReset                
0000870d  SysCtlPeripheralSleepDisable         
000086bb  SysCtlPeripheralSleepEnable          
0000899d  SysCtlReset                          
00008a59  SysCtlResetBehaviorGet               
00008a49  SysCtlResetBehaviorSet               
000089d5  SysCtlResetCauseClear                
000089c9  SysCtlResetCauseGet                  
0000827b  SysCtlSRAMSizeGet                    
000089a5  SysCtlSleep                          
0000897d  SysCtlSleepPowerSet                  
000093c7  SysCtlUSBPLLDisable                  
000093bb  SysCtlUSBPLLEnable                   
00009401  SysCtlVCOGet                         
000093e9  SysCtlVoltageEventClear              
000093d3  SysCtlVoltageEventConfig             
000093e3  SysCtlVoltageEventStatus             
0000fa21  TimerADCEventGet                     
0000fa01  TimerADCEventSet                     
0000f451  TimerClockSourceGet                  
0000f415  TimerClockSourceSet                  
0000ef7d  TimerConfigure                       
0000f275  TimerControlEvent                    
0000f151  TimerControlLevel                    
0000f2d3  TimerControlStall                    
0000f1d1  TimerControlTrigger                  
0000f33d  TimerControlWaitOnTrigger            
0000fa5d  TimerDMAEventGet                     
0000fa3d  TimerDMAEventSet                     
0000eef1  TimerDisable                         
0000eea7  TimerEnable                          
0000f9c1  TimerIntClear                        
0000f96f  TimerIntDisable                      
0000f949  TimerIntEnable                       
0000f889  TimerIntRegister                     
0000f995  TimerIntStatus                       
0000f8f3  TimerIntUnregister                   
0000f643  TimerLoadGet                         
0000f6b1  TimerLoadGet64                       
0000f5e9  TimerLoadSet                         
0000f685  TimerLoadSet64                       
0000f7d9  TimerMatchGet                        
0000f843  TimerMatchGet64                      
0000f77f  TimerMatchSet                        
0000f81b  TimerMatchSet64                      
0000f4e7  TimerPrescaleGet                     
0000f59d  TimerPrescaleMatchGet                
0000f533  TimerPrescaleMatchSet                
0000f47d  TimerPrescaleSet                     
0000f3f1  TimerRTCDisable                      
0000f3cd  TimerRTCEnable                       
0000f9e1  TimerSynchronize                     
0000fa79  TimerUpdateMode                      
0000f6f7  TimerValueGet                        
0000f739  TimerValueGet64                      
000110eb  UART9BitAddrSend                     
000110b7  UART9BitAddrSet                      
00011093  UART9BitDisable                      
0001106f  UART9BitEnable                       
00010e17  UARTBreakCtl                         
00010e4f  UARTBusy                             
00010d95  UARTCharGet                          
00010d57  UARTCharGetNonBlocking               
00010deb  UARTCharPut                          
00010db9  UARTCharPutNonBlocking               
00010cff  UARTCharsAvail                       
00011051  UARTClockSourceGet                   
0001101b  UARTClockSourceSet                   
00010905  UARTConfigGetExpClk                  
00010827  UARTConfigSetExpClk                  
00010fb7  UARTDMADisable                       
00010f91  UARTDMAEnable                        
000109ad  UARTDisable                          
00010a69  UARTDisableSIR                       
0001052f  UARTEchoSet                          
00010965  UARTEnable                           
00010a2d  UARTEnableSIR                        
00010a09  UARTFIFODisable                      
000109e5  UARTFIFOEnable                       
000107eb  UARTFIFOLevelGet                     
00010779  UARTFIFOLevelSet                     
00010c81  UARTFlowControlGet                   
00010c3b  UARTFlowControlSet                   
000104fb  UARTFlushRx                          
00010509  UARTFlushTx                          
00010f71  UARTIntClear                         
00010f1f  UARTIntDisable                       
00010ef9  UARTIntEnable                        
00010e7b  UARTIntRegister                      
00010f45  UARTIntStatus                        
00010eb9  UARTIntUnregister                    
00011141  UARTLoopbackEnable                   
00010b55  UARTModemControlClear                
00010bb9  UARTModemControlGet                  
00010af1  UARTModemControlSet                  
00010bf9  UARTModemStatusGet                   
0001075b  UARTParityModeGet                    
0001070f  UARTParityModeSet                    
000104e3  UARTRxBytesAvail                     
00010ffd  UARTRxErrorClear                     
00010fdd  UARTRxErrorGet                       
00010acd  UARTSmartCardDisable                 
00010a8d  UARTSmartCardEnable                  
00010d2b  UARTSpaceAvail                       
0000fb2f  UARTStdioConfig                      
00010557  UARTStdioIntHandler                  
000104ef  UARTTxBytesFree                      
00010cdf  UARTTxIntModeGet                     
00010ca1  UARTTxIntModeSet                     
00010185  UARTgetc                             
0000fd25  UARTgets                             
000104bf  UARTprintf                           
000101ad  UARTvprintf                          
0000fc5b  UARTwrite                            
00016f4b  ULPIConfigSet                        
00016fed  ULPIPowerTransceiver                 
000179c5  USB0DeviceIntHandler                 
000132f3  USB0DualModeIntHandler               
000024b7  USB0HostIntHandler                   
0001359d  USB0OTGModeIntHandler                
00013053  USBBufferCallbackDataSet             
00013149  USBBufferDataAvailable               
0001302b  USBBufferDataRemoved                 
00012ffd  USBBufferDataWritten                 
00013189  USBBufferEventCallback               
000130d5  USBBufferFlush                       
00012fc3  USBBufferInfoGet                     
00012f3f  USBBufferInit                        
000130f5  USBBufferRead                        
00013169  USBBufferSpaceAvailable              
0001306d  USBBufferWrite                       
00012f89  USBBufferZeroLengthPacketInsert      
0000787b  USBClockDisable                      
00007851  USBClockEnable                       
00014d8d  USBControlHandler                    
00007839  USBControllerVersion                 
0000d893  USBDCDCCompositeInit                 
0000da11  USBDCDCInit                          
0000dc01  USBDCDCPacketRead                    
0000db49  USBDCDCPacketWrite                   
0000ddc3  USBDCDCPowerStatusSet                
0000dde5  USBDCDCRemoteWakeupRequest           
0000dd13  USBDCDCRxPacketAvailable             
0000dd7d  USBDCDCSerialStateChange             
0000daa5  USBDCDCSetControlCBData              
0000dad3  USBDCDCSetRxCBData                   
0000db05  USBDCDCSetTxCBData                   
0000da7f  USBDCDCTerm                          
0000dce9  USBDCDCTxPacketAvailable             
00015971  USBDCDConfigDescGet                  
00015923  USBDCDConfigDescGetNum               
000158eb  USBDCDConfigDescGetSize              
00015a53  USBDCDConfigGetInterface             
00015a89  USBDCDConfigGetInterfaceEndpoint     
000159ff  USBDCDConfigGetNumAlternateInterfaces
00009575  USBDCDDeviceInfoInit                 
00009a83  USBDCDFeatureGet                     
000099d1  USBDCDFeatureSet                     
000095d9  USBDCDInit                           
00009971  USBDCDPowerStatusSet                 
00009abd  USBDCDRemoteWakeLPM                  
00009ad7  USBDCDRemoteWakeupRequest            
0000986d  USBDCDRequestDataEP0                 
000098d9  USBDCDSendDataEP0                    
00009915  USBDCDSetDefaultConfiguration        
00009931  USBDCDStallEP0                       
000097d7  USBDCDTerm                           
00007ad3  USBDMAChannelAddressGet              
00007a99  USBDMAChannelAddressSet              
000079b1  USBDMAChannelConfigSet               
00007b4b  USBDMAChannelCountGet                
00007b11  USBDMAChannelCountSet                
00007973  USBDMAChannelDisable                 
00007935  USBDMAChannelEnable                  
000078d9  USBDMAChannelIntDisable              
0000789b  USBDMAChannelIntEnable               
00007917  USBDMAChannelIntStatus               
00007a17  USBDMAChannelStatus                  
00007a51  USBDMAChannelStatusClear             
00007b81  USBDMANumChannels                    
00016095  USBDescGet                           
000161b9  USBDescGetInterface                  
000161e7  USBDescGetInterfaceEndpoint          
00016039  USBDescGetNum                        
000160ff  USBDescGetNumAlternateInterfaces     
000065a3  USBDevAddrGet                        
00006581  USBDevAddrSet                        
00006539  USBDevConnect                        
0000655d  USBDevDisconnect                     
000069e7  USBDevEndpointConfigGet              
000068ad  USBDevEndpointConfigSet              
00006f01  USBDevEndpointDataAck                
000063c5  USBDevEndpointStall                  
0000646d  USBDevEndpointStallClear             
00006141  USBDevEndpointStatusClear            
00007d89  USBDevLPMConfig                      
00007dd3  USBDevLPMDisable                     
00007dad  USBDevLPMEnable                      
00007d63  USBDevLPMRemoteWake                  
00007769  USBDevMode                           
00005d87  USBDevSpeedGet                       
00014a53  USBDeviceConfig                      
00014c7f  USBDeviceConfigAlternate             
00009c1d  USBDeviceEnumHandler                 
00009d7d  USBDeviceEnumResetHandler            
0000a8f5  USBDeviceIntHandlerInternal          
00009b1d  USBDeviceResumeTickHandler           
0001333f  USBDualModeInit                      
000133bd  USBDualModeTerm                      
000076b5  USBEndpointDMAChannel                
00006c95  USBEndpointDMAConfigSet              
00006d67  USBEndpointDMADisable                
00006d2d  USBEndpointDMAEnable                 
00006da1  USBEndpointDataAvail                 
00006e2b  USBEndpointDataGet                   
00006ffd  USBEndpointDataPut                   
000070b7  USBEndpointDataSend                  
000062f9  USBEndpointDataToggleClear           
000077fd  USBEndpointPacketCountSet            
0000602d  USBEndpointStatus                    
0000767d  USBFIFOAddrGet                       
00006be9  USBFIFOConfigGet                     
00006b3d  USBFIFOConfigSet                     
0000715b  USBFIFOFlush                         
00007625  USBFrameNumberGet                    
00002b31  USBHCDControlTransfer                
00002ffd  USBHCDDevAddress                     
00003029  USBHCDDevClass                       
00002fd1  USBHCDDevHubPort                     
000030bd  USBHCDDevProtocol                    
00003071  USBHCDDevSubClass                    
00000429  USBHCDEventDisable                   
000003eb  USBHCDEventEnable                    
00003121  USBHCDFeatureSet                     
00002cb1  USBHCDHubDeviceConnected             
00002d75  USBHCDHubDeviceDisconnected          
000015b5  USBHCDInit                           
0000329d  USBHCDLPMResume                      
00003223  USBHCDLPMSleep                       
000031d9  USBHCDLPMStatus                      
00002711  USBHCDMain                           
000008c1  USBHCDPipeAlloc                      
0000060d  USBHCDPipeAllocSize                  
0000090d  USBHCDPipeConfig                     
00000e4f  USBHCDPipeDataAck                    
000010e1  USBHCDPipeFree                       
00000e85  USBHCDPipeRead                       
00000e05  USBHCDPipeReadNonBlocking            
00000ce1  USBHCDPipeSchedule                   
000005e7  USBHCDPipeTransferSizeGet            
00000ab1  USBHCDPipeWrite                      
0000154d  USBHCDPowerAutomatic                 
00001495  USBHCDPowerConfigGet                 
00001471  USBHCDPowerConfigInit                
000014bd  USBHCDPowerConfigSet                 
00001715  USBHCDRegisterDrivers                
00001801  USBHCDReset                          
00001879  USBHCDResume                         
00001abd  USBHCDSetAddress                     
00001bd5  USBHCDSetConfig                      
00001c2b  USBHCDSetInterface                   
00001a41  USBHCDStringDescriptorGet            
00001859  USBHCDSuspend                        
0000173d  USBHCDTerm                           
00012449  USBHHubClose                         
000123ed  USBHHubEnumerationComplete           
0001240f  USBHHubEnumerationError              
0001245d  USBHHubInit                          
0001248b  USBHHubLPMSleep                      
00012499  USBHHubLPMStatus                     
000121c1  USBHHubMain                          
00012431  USBHHubOpen                          
00005ccb  USBHighSpeed                         
000073a1  USBHostAddrGet                       
0000731d  USBHostAddrSet                       
00001c85  USBHostCheckPipes                    
000065c5  USBHostEndpointConfig                
00006f85  USBHostEndpointDataAck               
00006215  USBHostEndpointDataToggle            
00006379  USBHostEndpointPing                  
000067c5  USBHostEndpointSpeed                 
000060a5  USBHostEndpointStatusClear           
000074c5  USBHostHubAddrGet                    
00007415  USBHostHubAddrSet                    
00001d4d  USBHostIntHandlerInternal            
00007ce7  USBHostLPMConfig                     
00007d3d  USBHostLPMResume                     
00007c7b  USBHostLPMSend                       
00007749  USBHostMode                          
0000753d  USBHostPwrConfig                     
000075ff  USBHostPwrDisable                    
000075d9  USBHostPwrEnable                     
000075b3  USBHostPwrFaultDisable               
0000758d  USBHostPwrFaultEnable                
00007211  USBHostRequestIN                     
0000727f  USBHostRequestINClear                
000072f9  USBHostRequestStatus                 
00005c8f  USBHostReset                         
00005d07  USBHostResume                        
00005d43  USBHostSpeedGet                      
00005c6d  USBHostSuspend                       
00005dad  USBIntDisableControl                 
00005ed9  USBIntDisableEndpoint                
00005e25  USBIntEnableControl                  
00005f15  USBIntEnableEndpoint                 
00005fb5  USBIntRegister                       
00005e7f  USBIntStatusControl                  
00005f51  USBIntStatusEndpoint                 
00005ff3  USBIntUnregister                     
00007e23  USBLPMEndpointGet                    
00007ebb  USBLPMIntDisable                     
00007e93  USBLPMIntEnable                      
00007e75  USBLPMIntStatus                      
00007e01  USBLPMLinkStateGet                   
00007e4d  USBLPMRemoteWakeEnabled              
0000eb9d  USBLibDMAAddrGet                     
0000ebcd  USBLibDMAInit                        
0000ebb5  USBLibDMASizeGet                     
000077a9  USBModeConfig                        
00007693  USBModeGet                           
00007821  USBNumEndpointsGet                   
0001373d  USBOTGFeatureSet                     
0001369f  USBOTGMain                           
00007789  USBOTGMode                           
00013447  USBOTGModeInit                       
000133ff  USBOTGModeTerm                       
0001356d  USBOTGPollRate                       
00007641  USBOTGSessionRequest                 
000077cb  USBPHYPowerOff                       
000077e1  USBPHYPowerOn                        
00013ec3  USBRingBufAdvanceRead                
00013f19  USBRingBufAdvanceWrite               
00013da9  USBRingBufContigFree                 
00013d71  USBRingBufContigUsed                 
00013cb5  USBRingBufEmpty                      
00013ce7  USBRingBufFlush                      
00013d4d  USBRingBufFree                       
00013c73  USBRingBufFull                       
00014065  USBRingBufInit                       
00013e4d  USBRingBufRead                       
00013e07  USBRingBufReadOne                    
00013def  USBRingBufSize                       
00013d13  USBRingBufUsed                       
00013fef  USBRingBufWrite                      
00013fa9  USBRingBufWriteOne                   
00014e8b  USBRxHandler                         
00014f99  USBSerialGetChar                     
00014eed  USBSerialInit                        
00014fb1  USBSerialPutChar                     
00015005  USBSerialRead                        
00015049  USBSerialWrite                       
000132a9  USBStackModeSet                      
00014e1b  USBTxHandler                         
00007ba1  USBULPIConfig                        
00007bcf  USBULPIDisable                       
00007bb7  USBULPIEnable                        
00007be7  USBULPIRegRead                       
00007c2d  USBULPIRegWrite                      
20006758  __STACK_END                          
00000200  __STACK_SIZE                         
20006758  __STACK_TOP                          
00018910  __TI_CINIT_Base                      
00018928  __TI_CINIT_Limit                     
000188f4  __TI_Handler_Table_Base              
00018900  __TI_Handler_Table_Limit             
000177c9  __TI_auto_init_nobinit_nopinit       
0001756d  __TI_decompress_lzss                 
00017a9f  __TI_decompress_none                 
0001768f  __TI_ltoa                            
ffffffff  __TI_pprof_out_hndl                  
00011169  __TI_printfi                         
ffffffff  __TI_prof_data_size                  
ffffffff  __TI_prof_data_start                 
00000000  __TI_static_base__                   
00017aad  __TI_zero_init                       
000172a7  __aeabi_cdcmpeq                      
000172a7  __aeabi_cdcmple                      
0001732d  __aeabi_cdrcmple                     
00017781  __aeabi_d2iz                         
000163e7  __aeabi_dadd                         
000166d1  __aeabi_ddiv                         
00016c89  __aeabi_dmul                         
000163dd  __aeabi_dsub                         
00017ad1  __aeabi_errno_addr                   
00017971  __aeabi_i2d                          
00015af7  __aeabi_idiv0                        
00015af7  __aeabi_ldiv0                        
000173b3  __aeabi_memclr                       
000173b3  __aeabi_memclr4                      
000173b3  __aeabi_memclr8                      
00017175  __aeabi_memcpy                       
00017175  __aeabi_memcpy4                      
00017175  __aeabi_memcpy8                      
000173b5  __aeabi_memset                       
000173b5  __aeabi_memset4                      
000173b5  __aeabi_memset8                      
0001780d  __aeabi_uidiv                        
0001780d  __aeabi_uidivmod                     
00017211  __aeabi_uldivmod                     
ffffffff  __binit__                            
ffffffff  __c_args__                           
000154a5  __error__                            
UNDEFED   __mpu_init                           
20006558  __stack                              
20000000  __start___llvm_prf_cnts              
20000000  __stop___llvm_prf_cnts               
00017909  _c_int00_noargs                      
00017e98  _ctypes_                             
20006524  _lock                                
00011bb7  _nop                                 
UNDEFED   _system_post_cinit                   
00017adf  _system_pre_init                     
20006528  _unlock                              
00017ae3  abort                                
00017735  atoi                                 
ffffffff  binit                                
00015395  check_and_extract_message_param      
20006290  cola                                 
00017a05  copysign                             
00017a05  copysignl                            
0001749d  create_checksum                      
00015303  create_frame                         
00015387  decode_message_type                  
000152af  destuff_and_check_checksum           
0000376d  eTaskGetState                        
2000654c  errno                                
000175d5  frexp                                
000175d5  frexpl                               
20006500  g_bUSBTimerInitialized               
200062ac  g_eOTGModeState                      
20006518  g_iUSBMode                           
000187a4  g_pCDCCompSerConfigDescriptors       
000187a8  g_pCDCCompSerConfigDescriptorsHS     
20000000  g_pfnRAMVectors                      
20006178  g_pfnTickHandlers                    
00000000  g_pfnVectors                         
000187ac  g_ppCDCSerConfigDescriptors          
000187b0  g_ppCDCSerConfigDescriptorsHS        
20006294  g_ppsDevInfo                         
00018664  g_ppui8StringDescriptors             
20006494  g_psCDCCompSerSections               
200064a4  g_psCDCCompSerSectionsHS             
200064c4  g_psCDCSerSections                   
200064d0  g_psCDCSerSectionsHS                 
20006310  g_psCmdTable                         
20006024  g_psDCDInst                          
000185fc  g_pui8CDCSerCommInterface            
0001867c  g_pui8CDCSerDataInterface            
00018693  g_pui8CDCSerDataInterfaceHS          
2000650c  g_pui8CDCSerDescriptor               
20006480  g_pui8CDCSerDeviceDescriptor         
000184e0  g_pui8ConfigString                   
000185ac  g_pui8ControlInterfaceString         
2000652c  g_pui8IADSerDescriptor               
000187a0  g_pui8LangDescriptor                 
000185d8  g_pui8ManufacturerString             
0001861f  g_pui8ProductString                  
000186fc  g_pui8SerialNumberString             
20005d88  g_pui8USBRxBuffer                    
20005e88  g_pui8USBTxBuffer                    
20006190  g_pvTickInstance                     
00018750  g_sCDCCompSerConfigHeader            
00018758  g_sCDCCompSerConfigHeaderHS          
200062b0  g_sCDCDevice                         
0001854c  g_sCDCHandlers                       
00018760  g_sCDCSerCommInterfaceSection        
00018768  g_sCDCSerConfigHeader                
00018770  g_sCDCSerConfigHeaderHS              
00018778  g_sCDCSerConfigSection               
00018780  g_sCDCSerDataInterfaceSection        
00018788  g_sCDCSerDataInterfaceSectionHS      
00018790  g_sIADSerConfigSection               
200063a0  g_sRxBuffer                          
200063d8  g_sTxBuffer                          
20006298  g_ui32CPUUsage                       
20006504  g_ui32CurrentUSBTick                 
2000629c  g_ui32PollRate                       
200062a0  g_ui32SystemClock                    
20006508  g_ui32USBSOFCount                    
2000651c  g_ui32WaitTicks                      
200064b8  g_ulUARTRxCount                      
200064bc  g_ulUARTRxErrors                     
200064b4  g_ulUARTTxCount                      
000153c1  get_message_param_pointer            
000146db  initCommandLine                      
00016b79  ldexp                                
00016b79  ldexpl                               
0001569d  main                                 
000179e9  memccpy                              
00017175  memcpy                               
000173bb  memset                               
200062a4  mutexUART                            
200062a8  mutexUSB                             
0000cd31  pcQueueGetName                       
00003fc7  pcTaskGetName                        
00012709  pcTimerGetName                       
20006544  productosFabricados                  
000142a1  pvPortCalloc                         
000140b5  pvPortMalloc                         
0000522d  pvTaskIncrementMutexHeldCount        
00012b7f  pvTimerGetTimerID                    
20006364  pxCurrentTCB                         
00015af9  pxPortInitialiseStack                
0001793d  rand                                 
000153ef  receive_frame                        
00016b79  scalbn                               
00016b79  scalbnl                              
00015475  send_frame                           
0001784d  sprintf                              
00017a4f  strchr                               
00017a37  strcmp                               
00017a65  strcpy                               
00017a79  strlen                               
0000ca33  ucQueueGetQueueType                  
00018798  ulMaxSyscallInterruptPriority        
00016e81  ulPortGetIPSR                        
00005249  ulTaskGenericNotifyTake              
00005a21  ulTaskGenericNotifyValueClear        
000168e9  uxListRemove                         
0000ca13  uxQueueGetQueueNumber                
0000c977  uxQueueMessagesWaiting               
0000c9cf  uxQueueMessagesWaitingFromISR        
0000c9a1  uxQueueSpacesAvailable               
00003fc1  uxTaskGetNumberOfTasks               
00004baf  uxTaskGetStackHighWaterMark          
00004015  uxTaskGetSystemState                 
00004915  uxTaskGetTaskNumber                  
00003841  uxTaskPriorityGet                    
00003869  uxTaskPriorityGetFromISR             
00005207  uxTaskResetEventItemValue            
000126dd  uxTimerGetReloadMode                 
00012c51  uxTimerGetTimerNumber                
000187b4  uxTopUsedPriority                    
000154d9  vApplicationIdleHook                 
000154e1  vApplicationMallocFailedHook         
000154af  vApplicationStackOverflowHook        
000154b9  vApplicationTickHook                 
00017505  vConfigureTimerForRunTimeStats       
00016807  vListInitialise                      
00016837  vListInitialiseItem                  
00016883  vListInsert                          
00016847  vListInsertEnd                       
00016f3d  vPortEnableVFP                       
00015c31  vPortEndScheduler                    
00015c51  vPortEnterCritical                   
00015c8f  vPortExitCritical                    
00014203  vPortFree                            
00014465  vPortGetHeapStats                    
0001429f  vPortInitialiseBlocks                
00016ef9  vPortSVCHandler                      
00015cdd  vPortSetupTimerInterrupt             
00016f19  vPortStartFirstTask                  
00015d09  vPortValidateInterruptPriority       
0000ccb3  vQueueAddToRegistry                  
0000c9ef  vQueueDelete                         
0000ca21  vQueueSetQueueNumber                 
0000cd7b  vQueueUnregisterQueue                
0000cdc9  vQueueWaitForMessageRestricted       
00003715  vTaskDelay                           
0000354d  vTaskDelete                          
00003dc1  vTaskEndScheduler                    
00005819  vTaskGenericNotifyGiveFromISR        
00004a29  vTaskGetInfo                         
0000512f  vTaskGetRunTimeStats                 
00004845  vTaskInternalSetTimeOutState         
0000501d  vTaskList                            
0000490d  vTaskMissedYield                     
00004441  vTaskPlaceOnEventList                
000044fd  vTaskPlaceOnEventListRestricted      
0000446b  vTaskPlaceOnUnorderedEventList       
00004e95  vTaskPriorityDisinheritAfterTimeout  
000038b1  vTaskPrioritySet                     
000046e1  vTaskRemoveFromUnorderedEventList    
00003b79  vTaskResume                          
0000493d  vTaskSetTaskNumber                   
00004819  vTaskSetTimeOutState                 
00003d4d  vTaskStartScheduler                  
00003a29  vTaskSuspend                         
00003ddd  vTaskSuspendAll                      
00004341  vTaskSwitchContext                   
00012663  vTimerSetReloadMode                  
00012ba7  vTimerSetTimerID                     
00012c5f  vTimerSetTimerNumber                 
00017a8d  wcslen                               
00014293  xPortGetFreeHeapSize                 
00014299  xPortGetMinimumEverFreeHeapSize      
00016e99  xPortPendSVHandler                   
00015b7f  xPortStartScheduler                  
00015cb7  xPortSysTickHandler                  
0000bf4b  xQueueCreateMutex                    
0000be61  xQueueGenericCreate                  
0000bd6d  xQueueGenericReset                   
0000bf77  xQueueGenericSend                    
0000c139  xQueueGenericSendFromISR             
0000c259  xQueueGiveFromISR                    
0000cc33  xQueueIsQueueEmptyFromISR            
0000cc83  xQueueIsQueueFullFromISR             
0000c679  xQueuePeek                           
0000c8dd  xQueuePeekFromISR                    
0000c369  xQueueReceive                        
0000c7e9  xQueueReceiveFromISR                 
20006074  xQueueRegistry                       
0000c4cf  xQueueSemaphoreTake                  
000040f1  xTaskCatchUpTicks                    
00004869  xTaskCheckForTimeOut                 
000032f1  xTaskCreate                          
00003639  xTaskDelayUntil                      
00005405  xTaskGenericNotify                   
000055d9  xTaskGenericNotifyFromISR            
000059bd  xTaskGenericNotifyStateClear         
0000530d  xTaskGenericNotifyWait               
00004c1d  xTaskGetCurrentTaskHandle            
00004c3d  xTaskGetSchedulerState               
00003f9d  xTaskGetTickCount                    
00003fad  xTaskGetTickCountFromISR             
00004145  xTaskIncrementTick                   
00004d8f  xTaskPriorityDisinherit              
00004c7d  xTaskPriorityInherit                 
00004581  xTaskRemoveFromEventList             
00003df1  xTaskResumeAll                       
00003c55  xTaskResumeFromISR                   
00012517  xTimerCreate                         
000124dd  xTimerCreateTimerTask                
000125af  xTimerGenericCommand                 
000126e9  xTimerGetExpiryTime                  
00012647  xTimerGetPeriod                      
000126a7  xTimerGetReloadMode                  
00012629  xTimerGetTimerDaemonTaskHandle       
00012b49  xTimerIsTimerActive                  
00012c0b  xTimerPendFunctionCall               
00012bd5  xTimerPendFunctionCallFromISR        


GLOBAL SYMBOLS: SORTED BY Symbol Address 

address   name                                 
-------   ----                                 
00000000  __TI_static_base__                   
00000000  g_pfnVectors                         
00000200  __STACK_SIZE                         
0000026d  ConfigDescAlloc                      
00000303  ConfigDescFree                       
000003eb  USBHCDEventEnable                    
00000429  USBHCDEventDisable                   
000005e7  USBHCDPipeTransferSizeGet            
0000060d  USBHCDPipeAllocSize                  
000008c1  USBHCDPipeAlloc                      
0000090d  USBHCDPipeConfig                     
00000ab1  USBHCDPipeWrite                      
00000ce1  USBHCDPipeSchedule                   
00000e05  USBHCDPipeReadNonBlocking            
00000e4f  USBHCDPipeDataAck                    
00000e85  USBHCDPipeRead                       
000010e1  USBHCDPipeFree                       
00001471  USBHCDPowerConfigInit                
00001495  USBHCDPowerConfigGet                 
000014bd  USBHCDPowerConfigSet                 
0000154d  USBHCDPowerAutomatic                 
000015b5  USBHCDInit                           
00001715  USBHCDRegisterDrivers                
0000173d  USBHCDTerm                           
00001801  USBHCDReset                          
00001859  USBHCDSuspend                        
00001879  USBHCDResume                         
00001a41  USBHCDStringDescriptorGet            
00001abd  USBHCDSetAddress                     
00001bd5  USBHCDSetConfig                      
00001c2b  USBHCDSetInterface                   
00001c85  USBHostCheckPipes                    
00001d4d  USBHostIntHandlerInternal            
000024b7  USB0HostIntHandler                   
000025c1  InternalUSBHCDSendEvent              
00002711  USBHCDMain                           
00002b31  USBHCDControlTransfer                
00002cb1  USBHCDHubDeviceConnected             
00002d75  USBHCDHubDeviceDisconnected          
00002fd1  USBHCDDevHubPort                     
00002ffd  USBHCDDevAddress                     
00003029  USBHCDDevClass                       
00003071  USBHCDDevSubClass                    
000030bd  USBHCDDevProtocol                    
00003121  USBHCDFeatureSet                     
000031d9  USBHCDLPMStatus                      
00003223  USBHCDLPMSleep                       
0000329d  USBHCDLPMResume                      
000032f1  xTaskCreate                          
0000354d  vTaskDelete                          
00003639  xTaskDelayUntil                      
00003715  vTaskDelay                           
0000376d  eTaskGetState                        
00003841  uxTaskPriorityGet                    
00003869  uxTaskPriorityGetFromISR             
000038b1  vTaskPrioritySet                     
00003a29  vTaskSuspend                         
00003b79  vTaskResume                          
00003c55  xTaskResumeFromISR                   
00003d4d  vTaskStartScheduler                  
00003dc1  vTaskEndScheduler                    
00003ddd  vTaskSuspendAll                      
00003df1  xTaskResumeAll                       
00003f9d  xTaskGetTickCount                    
00003fad  xTaskGetTickCountFromISR             
00003fc1  uxTaskGetNumberOfTasks               
00003fc7  pcTaskGetName                        
00004015  uxTaskGetSystemState                 
000040f1  xTaskCatchUpTicks                    
00004145  xTaskIncrementTick                   
00004341  vTaskSwitchContext                   
00004441  vTaskPlaceOnEventList                
0000446b  vTaskPlaceOnUnorderedEventList       
000044fd  vTaskPlaceOnEventListRestricted      
00004581  xTaskRemoveFromEventList             
000046e1  vTaskRemoveFromUnorderedEventList    
00004819  vTaskSetTimeOutState                 
00004845  vTaskInternalSetTimeOutState         
00004869  xTaskCheckForTimeOut                 
0000490d  vTaskMissedYield                     
00004915  uxTaskGetTaskNumber                  
0000493d  vTaskSetTaskNumber                   
00004a29  vTaskGetInfo                         
00004baf  uxTaskGetStackHighWaterMark          
00004c1d  xTaskGetCurrentTaskHandle            
00004c3d  xTaskGetSchedulerState               
00004c7d  xTaskPriorityInherit                 
00004d8f  xTaskPriorityDisinherit              
00004e95  vTaskPriorityDisinheritAfterTimeout  
0000501d  vTaskList                            
0000512f  vTaskGetRunTimeStats                 
00005207  uxTaskResetEventItemValue            
0000522d  pvTaskIncrementMutexHeldCount        
00005249  ulTaskGenericNotifyTake              
0000530d  xTaskGenericNotifyWait               
00005405  xTaskGenericNotify                   
000055d9  xTaskGenericNotifyFromISR            
00005819  vTaskGenericNotifyGiveFromISR        
000059bd  xTaskGenericNotifyStateClear         
00005a21  ulTaskGenericNotifyValueClear        
00005c6d  USBHostSuspend                       
00005c8f  USBHostReset                         
00005ccb  USBHighSpeed                         
00005d07  USBHostResume                        
00005d43  USBHostSpeedGet                      
00005d87  USBDevSpeedGet                       
00005dad  USBIntDisableControl                 
00005e25  USBIntEnableControl                  
00005e7f  USBIntStatusControl                  
00005ed9  USBIntDisableEndpoint                
00005f15  USBIntEnableEndpoint                 
00005f51  USBIntStatusEndpoint                 
00005fb5  USBIntRegister                       
00005ff3  USBIntUnregister                     
0000602d  USBEndpointStatus                    
000060a5  USBHostEndpointStatusClear           
00006141  USBDevEndpointStatusClear            
00006215  USBHostEndpointDataToggle            
000062f9  USBEndpointDataToggleClear           
00006379  USBHostEndpointPing                  
000063c5  USBDevEndpointStall                  
0000646d  USBDevEndpointStallClear             
00006539  USBDevConnect                        
0000655d  USBDevDisconnect                     
00006581  USBDevAddrSet                        
000065a3  USBDevAddrGet                        
000065c5  USBHostEndpointConfig                
000067c5  USBHostEndpointSpeed                 
000068ad  USBDevEndpointConfigSet              
000069e7  USBDevEndpointConfigGet              
00006b3d  USBFIFOConfigSet                     
00006be9  USBFIFOConfigGet                     
00006c95  USBEndpointDMAConfigSet              
00006d2d  USBEndpointDMAEnable                 
00006d67  USBEndpointDMADisable                
00006da1  USBEndpointDataAvail                 
00006e2b  USBEndpointDataGet                   
00006f01  USBDevEndpointDataAck                
00006f85  USBHostEndpointDataAck               
00006ffd  USBEndpointDataPut                   
000070b7  USBEndpointDataSend                  
0000715b  USBFIFOFlush                         
00007211  USBHostRequestIN                     
0000727f  USBHostRequestINClear                
000072f9  USBHostRequestStatus                 
0000731d  USBHostAddrSet                       
000073a1  USBHostAddrGet                       
00007415  USBHostHubAddrSet                    
000074c5  USBHostHubAddrGet                    
0000753d  USBHostPwrConfig                     
0000758d  USBHostPwrFaultEnable                
000075b3  USBHostPwrFaultDisable               
000075d9  USBHostPwrEnable                     
000075ff  USBHostPwrDisable                    
00007625  USBFrameNumberGet                    
00007641  USBOTGSessionRequest                 
0000767d  USBFIFOAddrGet                       
00007693  USBModeGet                           
000076b5  USBEndpointDMAChannel                
00007749  USBHostMode                          
00007769  USBDevMode                           
00007789  USBOTGMode                           
000077a9  USBModeConfig                        
000077cb  USBPHYPowerOff                       
000077e1  USBPHYPowerOn                        
000077fd  USBEndpointPacketCountSet            
00007821  USBNumEndpointsGet                   
00007839  USBControllerVersion                 
00007851  USBClockEnable                       
0000787b  USBClockDisable                      
0000789b  USBDMAChannelIntEnable               
000078d9  USBDMAChannelIntDisable              
00007917  USBDMAChannelIntStatus               
00007935  USBDMAChannelEnable                  
00007973  USBDMAChannelDisable                 
000079b1  USBDMAChannelConfigSet               
00007a17  USBDMAChannelStatus                  
00007a51  USBDMAChannelStatusClear             
00007a99  USBDMAChannelAddressSet              
00007ad3  USBDMAChannelAddressGet              
00007b11  USBDMAChannelCountSet                
00007b4b  USBDMAChannelCountGet                
00007b81  USBDMANumChannels                    
00007ba1  USBULPIConfig                        
00007bb7  USBULPIEnable                        
00007bcf  USBULPIDisable                       
00007be7  USBULPIRegRead                       
00007c2d  USBULPIRegWrite                      
00007c7b  USBHostLPMSend                       
00007ce7  USBHostLPMConfig                     
00007d3d  USBHostLPMResume                     
00007d63  USBDevLPMRemoteWake                  
00007d89  USBDevLPMConfig                      
00007dad  USBDevLPMEnable                      
00007dd3  USBDevLPMDisable                     
00007e01  USBLPMLinkStateGet                   
00007e23  USBLPMEndpointGet                    
00007e4d  USBLPMRemoteWakeEnabled              
00007e75  USBLPMIntStatus                      
00007e93  USBLPMIntEnable                      
00007ebb  USBLPMIntDisable                     
0000827b  SysCtlSRAMSizeGet                    
00008285  SysCtlFlashSizeGet                   
000082b1  SysCtlFlashSectorSizeGet             
0000831d  SysCtlPeripheralPresent              
000083a9  SysCtlPeripheralReady                
00008431  SysCtlPeripheralPowerOn              
000084b5  SysCtlPeripheralPowerOff             
00008561  SysCtlPeripheralReset                
00008601  SysCtlPeripheralEnable               
0000866d  SysCtlPeripheralDisable              
000086bb  SysCtlPeripheralSleepEnable          
0000870d  SysCtlPeripheralSleepDisable         
00008761  SysCtlPeripheralDeepSleepEnable      
000087af  SysCtlPeripheralDeepSleepDisable     
000087fd  SysCtlPeripheralClockGating          
00008851  SysCtlIntRegister                    
00008865  SysCtlIntUnregister                  
00008875  SysCtlIntEnable                      
00008889  SysCtlIntDisable                     
000088a1  SysCtlIntClear                       
000088b1  SysCtlIntStatus                      
000088cd  SysCtlLDOSleepSet                    
0000891b  SysCtlLDOSleepGet                    
00008925  SysCtlLDODeepSleepSet                
00008973  SysCtlLDODeepSleepGet                
0000897d  SysCtlSleepPowerSet                  
0000898d  SysCtlDeepSleepPowerSet              
0000899d  SysCtlReset                          
000089a5  SysCtlSleep                          
000089ad  SysCtlDeepSleep                      
000089c9  SysCtlResetCauseGet                  
000089d5  SysCtlResetCauseClear                
000089e9  SysCtlMOSCConfigSet                  
000089f9  SysCtlPIOSCCalibrate                 
00008a49  SysCtlResetBehaviorSet               
00008a59  SysCtlResetBehaviorGet               
00008ac5  SysCtlClockFreqSet                   
00008dcd  SysCtlClockSet                       
00008fa5  SysCtlClockGet                       
00009161  SysCtlDeepSleepClockSet              
0000917d  SysCtlDeepSleepClockConfigSet        
00009229  SysCtlPWMClockSet                    
00009299  SysCtlPWMClockGet                    
000092cd  SysCtlGPIOAHBEnable                  
00009351  SysCtlGPIOAHBDisable                 
000093bb  SysCtlUSBPLLEnable                   
000093c7  SysCtlUSBPLLDisable                  
000093d3  SysCtlVoltageEventConfig             
000093e3  SysCtlVoltageEventStatus             
000093e9  SysCtlVoltageEventClear              
00009401  SysCtlVCOGet                         
000094ad  SysCtlNMIStatus                      
000094b3  SysCtlNMIClear                       
000094c7  SysCtlClockOutConfig                 
000094ff  SysCtlAltClkConfig                   
00009575  USBDCDDeviceInfoInit                 
000095d9  USBDCDInit                           
000097d7  USBDCDTerm                           
0000986d  USBDCDRequestDataEP0                 
000098d9  USBDCDSendDataEP0                    
00009915  USBDCDSetDefaultConfiguration        
00009931  USBDCDStallEP0                       
00009971  USBDCDPowerStatusSet                 
000099d1  USBDCDFeatureSet                     
00009a83  USBDCDFeatureGet                     
00009abd  USBDCDRemoteWakeLPM                  
00009ad7  USBDCDRemoteWakeupRequest            
00009b1d  USBDeviceResumeTickHandler           
00009c1d  USBDeviceEnumHandler                 
00009d7d  USBDeviceEnumResetHandler            
0000a8f5  USBDeviceIntHandlerInternal          
0000ac3d  GPIODirModeSet                       
0000acc1  GPIODirModeGet                       
0000ad95  GPIOIntTypeSet                       
0000aee5  GPIOIntTypeGet                       
0000af89  GPIOPadConfigSet                     
0000b27d  GPIOPadConfigGet                     
0000b411  GPIOIntEnable                        
0000b439  GPIOIntDisable                       
0000b461  GPIOIntStatus                        
0000b491  GPIOIntClear                         
0000b4b3  GPIOIntRegister                      
0000b4f1  GPIOIntUnregister                    
0000b531  GPIOIntRegisterPin                   
0000b5a9  GPIOIntUnregisterPin                 
0000b5fb  GPIOPinRead                          
0000b621  GPIOPinWrite                         
[...]
0000cd31  pcQueueGetName                       
0000cd7b  vQueueUnregisterQueue                
0000cdc9  vQueueWaitForMessageRestricted       
0000d079  ProcessDataFromHost                  
0000d127  ProcessNotificationToHost            
0000d189  ProcessDataToHost                    
0000d893  USBDCDCCompositeInit                 
0000da11  USBDCDCInit                          
0000da7f  USBDCDCTerm                          
0000daa5  USBDCDCSetControlCBData              
0000dad3  USBDCDCSetRxCBData                   
0000db05  USBDCDCSetTxCBData                   
0000db49  USBDCDCPacketWrite                   
0000dc01  USBDCDCPacketRead                    
0000dce9  USBDCDCTxPacketAvailable             
0000dd13  USBDCDCRxPacketAvailable             
0000dd7d  USBDCDCSerialStateChange             
0000ddc3  USBDCDCPowerStatusSet                
0000dde5  USBDCDCRemoteWakeupRequest           
0000eb9d  USBLibDMAAddrGet                     
0000ebb5  USBLibDMASizeGet                     
0000ebcd  USBLibDMAInit                        
0000eea7  TimerEnable                          
0000eef1  TimerDisable                         
0000ef7d  TimerConfigure                       
0000f151  TimerControlLevel                    
0000f1d1  TimerControlTrigger                  
0000f275  TimerControlEvent                    
0000f2d3  TimerControlStall                    
0000f33d  TimerControlWaitOnTrigger            
0000f3cd  TimerRTCEnable                       
0000f3f1  TimerRTCDisable                      
0000f415  TimerClockSourceSet                  
0000f451  TimerClockSourceGet                  
0000f47d  TimerPrescaleSet                     
0000f4e7  TimerPrescaleGet                     
0000f533  TimerPrescaleMatchSet                
0000f59d  TimerPrescaleMatchGet                
0000f5e9  TimerLoadSet                         
0000f643  TimerLoadGet                         
0000f685  TimerLoadSet64                       
0000f6b1  TimerLoadGet64                       
0000f6f7  TimerValueGet                        
0000f739  TimerValueGet64                      
0000f77f  TimerMatchSet                        
0000f7d9  TimerMatchGet                        
0000f81b  TimerMatchSet64                      
0000f843  TimerMatchGet64                      
0000f889  TimerIntRegister                     
0000f8f3  TimerIntUnregister                   
0000f949  TimerIntEnable                       
0000f96f  TimerIntDisable                      
0000f995  TimerIntStatus                       
0000f9c1  TimerIntClear                        
0000f9e1  TimerSynchronize                     
0000fa01  TimerADCEventSet                     
0000fa21  TimerADCEventGet                     
0000fa3d  TimerDMAEventSet                     
0000fa5d  TimerDMAEventGet                     
0000fa79  TimerUpdateMode                      
0000fb2f  UARTStdioConfig                      
0000fc5b  UARTwrite                            
0000fd25  UARTgets                             
00010185  UARTgetc                             
000101ad  UARTvprintf                          
000104bf  UARTprintf                           
000104e3  UARTRxBytesAvail                     
000104ef  UARTTxBytesFree                      
000104fb  UARTFlushRx                          
00010509  UARTFlushTx                          
0001052f  UARTEchoSet                          
00010557  UARTStdioIntHandler                  
0001070f  UARTParityModeSet                    
0001075b  UARTParityModeGet                    
00010779  UARTFIFOLevelSet                     
000107eb  UARTFIFOLevelGet                     
00010827  UARTConfigSetExpClk                  
00010905  UARTConfigGetExpClk                  
00010965  UARTEnable                           
000109ad  UARTDisable                          
000109e5  UARTFIFOEnable                       
00010a09  UARTFIFODisable                      
00010a2d  UARTEnableSIR                        
00010a69  UARTDisableSIR                       
00010a8d  UARTSmartCardEnable                  
00010acd  UARTSmartCardDisable                 
00010af1  UARTModemControlSet                  
00010b55  UARTModemControlClear                
00010bb9  UARTModemControlGet                  
00010bf9  UARTModemStatusGet                   
00010c3b  UARTFlowControlSet                   
00010c81  UARTFlowControlGet                   
00010ca1  UARTTxIntModeSet                     
00010cdf  UARTTxIntModeGet                     
00010cff  UARTCharsAvail                       
00010d2b  UARTSpaceAvail                       
00010d57  UARTCharGetNonBlocking               
00010d95  UARTCharGet                          
00010db9  UARTCharPutNonBlocking               
00010deb  UARTCharPut                          
00010e17  UARTBreakCtl                         
00010e4f  UARTBusy                             
00010e7b  UARTIntRegister                      
00010eb9  UARTIntUnregister                    
00010ef9  UARTIntEnable                        
00010f1f  UARTIntDisable                       
00010f45  UARTIntStatus                        
00010f71  UARTIntClear                         
00010f91  UARTDMAEnable                        
00010fb7  UARTDMADisable                       
00010fdd  UARTRxErrorGet                       
00010ffd  UARTRxErrorClear                     
0001101b  UARTClockSourceSet                   
00011051  UARTClockSourceGet                   
0001106f  UART9BitEnable                       
00011093  UART9BitDisable                      
000110b7  UART9BitAddrSet                      
000110eb  UART9BitAddrSend                     
00011141  UARTLoopbackEnable                   
00011169  __TI_printfi                         
00011bb7  _nop                                 
000121c1  USBHHubMain                          
000123ed  USBHHubEnumerationComplete           
0001240f  USBHHubEnumerationError              
00012431  USBHHubOpen                          
00012449  USBHHubClose                         
0001245d  USBHHubInit                          
0001248b  USBHHubLPMSleep                      
00012499  USBHHubLPMStatus                     
000124dd  xTimerCreateTimerTask                
00012517  xTimerCreate                         
000125af  xTimerGenericCommand                 
00012629  xTimerGetTimerDaemonTaskHandle       
00012647  xTimerGetPeriod                      
00012663  vTimerSetReloadMode                  
000126a7  xTimerGetReloadMode                  
000126dd  uxTimerGetReloadMode                 
000126e9  xTimerGetExpiryTime                  
00012709  pcTimerGetName                       
00012b49  xTimerIsTimerActive                  
00012b7f  pvTimerGetTimerID                    
00012ba7  vTimerSetTimerID                     
00012bd5  xTimerPendFunctionCallFromISR        
00012c0b  xTimerPendFunctionCall               
00012c51  uxTimerGetTimerNumber                
00012c5f  vTimerSetTimerNumber                 
00012f3f  USBBufferInit                        
00012f89  USBBufferZeroLengthPacketInsert      
00012fc3  USBBufferInfoGet                     
00012ffd  USBBufferDataWritten                 
0001302b  USBBufferDataRemoved                 
00013053  USBBufferCallbackDataSet             
0001306d  USBBufferWrite                       
000130d5  USBBufferFlush                       
000130f5  USBBufferRead                        
00013149  USBBufferDataAvailable               
00013169  USBBufferSpaceAvailable              
00013189  USBBufferEventCallback               
000132a9  USBStackModeSet                      
000132f3  USB0DualModeIntHandler               
0001333f  USBDualModeInit                      
000133bd  USBDualModeTerm                      
000133ff  USBOTGModeTerm                       
00013447  USBOTGModeInit                       
0001356d  USBOTGPollRate                       
0001359d  USB0OTGModeIntHandler                
00013685  OTGDeviceDisconnect                  
0001369f  USBOTGMain                           
0001373d  USBOTGFeatureSet                     
0001379b  IntMasterEnable                      
000137ab  IntMasterDisable                     
000137bb  IntRegister                          
00013831  IntUnregister                        
00013851  IntPriorityGroupingSet               
00013877  IntPriorityGroupingGet               
000138af  IntPrioritySet                       
00013911  IntPriorityGet                       
00013947  IntEnable                            
000139c5  IntDisable                           
00013a4d  IntIsEnabled                         
00013b01  IntPendSet                           
00013b71  IntPendClear                         
00013bcb  IntPriorityMaskSet                   
00013bd7  IntPriorityMaskGet                   
00013bdf  IntTrigger                           
00013c73  USBRingBufFull                       
00013cb5  USBRingBufEmpty                      
00013ce7  USBRingBufFlush                      
00013d13  USBRingBufUsed                       
00013d4d  USBRingBufFree                       
00013d71  USBRingBufContigUsed                 
00013da9  USBRingBufContigFree                 
00013def  USBRingBufSize                       
00013e07  USBRingBufReadOne                    
00013e4d  USBRingBufRead                       
00013ec3  USBRingBufAdvanceRead                
00013f19  USBRingBufAdvanceWrite               
00013fa9  USBRingBufWriteOne                   
00013fef  USBRingBufWrite                      
00014065  USBRingBufInit                       
000140b5  pvPortMalloc                         
00014203  vPortFree                            
00014293  xPortGetFreeHeapSize                 
00014299  xPortGetMinimumEverFreeHeapSize      
0001429f  vPortInitialiseBlocks                
000142a1  pvPortCalloc                         
00014465  vPortGetHeapStats                    
000146db  initCommandLine                      
00014a53  USBDeviceConfig                      
00014c7f  USBDeviceConfigAlternate             
00014d8d  USBControlHandler                    
00014e1b  USBTxHandler                         
00014e8b  USBRxHandler                         
00014eed  USBSerialInit                        
00014f99  USBSerialGetChar                     
00014fb1  USBSerialPutChar                     
00015005  USBSerialRead                        
00015049  USBSerialWrite                       
000152af  destuff_and_check_checksum           
00015303  create_frame                         
00015387  decode_message_type                  
00015395  check_and_extract_message_param      
000153c1  get_message_param_pointer            
000153ef  receive_frame                        
00015475  send_frame                           
000154a5  __error__                            
000154af  vApplicationStackOverflowHook        
000154b9  vApplicationTickHook                 
000154d9  vApplicationIdleHook                 
000154e1  vApplicationMallocFailedHook         
0001569d  main                                 
000158eb  USBDCDConfigDescGetSize              
00015923  USBDCDConfigDescGetNum               
00015971  USBDCDConfigDescGet                  
000159ff  USBDCDConfigGetNumAlternateInterfaces
00015a53  USBDCDConfigGetInterface             
00015a89  USBDCDConfigGetInterfaceEndpoint     
00015af7  __aeabi_idiv0                        
00015af7  __aeabi_ldiv0                        
00015af9  pxPortInitialiseStack                
00015b7f  xPortStartScheduler                  
00015c31  vPortEndScheduler                    
00015c51  vPortEnterCritical                   
00015c8f  vPortExitCritical                    
00015cb7  xPortSysTickHandler                  
00015cdd  vPortSetupTimerInterrupt             
00015d09  vPortValidateInterruptPriority       
00016039  USBDescGetNum                        
00016095  USBDescGet                           
000160ff  USBDescGetNumAlternateInterfaces     
000161b9  USBDescGetInterface                  
000161e7  USBDescGetInterfaceEndpoint          
000163dd  __aeabi_dsub                         
000163e7  __aeabi_dadd                         
000166d1  __aeabi_ddiv                         
00016807  vListInitialise                      
00016837  vListInitialiseItem                  
00016847  vListInsertEnd                       
00016883  vListInsert                          
000168e9  uxListRemove                         
00016931  CPUUsageTick                         
0001696f  CPUUsageInit                         
00016b79  ldexp                                
00016b79  ldexpl                               
00016b79  scalbn                               
00016b79  scalbnl                              
00016c89  __aeabi_dmul                         
00016d85  InternalUSBTickInit                  
00016dc3  InternalUSBTickReset                 
00016dcb  InternalUSBRegisterTickHandler       
00016e1b  InternalUSBStartOfFrameTick          
00016e81  ulPortGetIPSR                        
00016e99  xPortPendSVHandler                   
00016ef9  vPortSVCHandler                      
00016f19  vPortStartFirstTask                  
00016f3d  vPortEnableVFP                       
00016f4b  ULPIConfigSet                        
00016fed  ULPIPowerTransceiver                 
000170c9  CmdLineProcess                       
00017175  __aeabi_memcpy                       
00017175  __aeabi_memcpy4                      
00017175  __aeabi_memcpy8                      
00017175  memcpy                               
00017211  __aeabi_uldivmod                     
000172a7  __aeabi_cdcmpeq                      
000172a7  __aeabi_cdcmple                      
0001732d  __aeabi_cdrcmple                     
000173b3  __aeabi_memclr                       
000173b3  __aeabi_memclr4                      
000173b3  __aeabi_memclr8                      
000173b5  __aeabi_memset                       
000173b5  __aeabi_memset4                      
000173b5  __aeabi_memset8                      
000173bb  memset                               
0001749d  create_checksum                      
00017505  vConfigureTimerForRunTimeStats       
0001756d  __TI_decompress_lzss                 
000175d5  frexp                                
000175d5  frexpl                               
0001768f  __TI_ltoa                            
00017735  atoi                                 
00017781  __aeabi_d2iz                         
000177c9  __TI_auto_init_nobinit_nopinit       
0001780d  __aeabi_uidiv                        
0001780d  __aeabi_uidivmod                     
0001784d  sprintf                              
000178cb  CPUcpsid                             
000178d7  CPUprimask                           
000178e1  CPUcpsie                             
000178ed  CPUwfi                               
000178f1  CPUbasepriSet                        
000178ff  CPUbasepriGet                        
00017909  _c_int00_noargs                      
0001793d  rand                                 
00017971  __aeabi_i2d                          
000179a1  GetOverflowCounts                    
000179c5  USB0DeviceIntHandler                 
000179e9  memccpy                              
00017a05  copysign                             
00017a05  copysignl                            
00017a37  strcmp                               
00017a4f  strchr                               
00017a65  strcpy                               
00017a79  strlen                               
00017a8d  wcslen                               
00017a9f  __TI_decompress_none                 
00017aad  __TI_zero_init                       
00017ab9  ResetISR                             
00017ad1  __aeabi_errno_addr                   
00017ad9  SysCtlDelay                          
00017adf  _system_pre_init                     
00017ae3  C$$EXIT                              
00017ae3  abort                                
00017e98  _ctypes_                             
000184e0  g_pui8ConfigString                   
0001854c  g_sCDCHandlers                       
000185ac  g_pui8ControlInterfaceString         
000185d8  g_pui8ManufacturerString             
000185fc  g_pui8CDCSerCommInterface            
0001861f  g_pui8ProductString                  
00018664  g_ppui8StringDescriptors             
0001867c  g_pui8CDCSerDataInterface            
00018693  g_pui8CDCSerDataInterfaceHS          
000186fc  g_pui8SerialNumberString             
00018750  g_sCDCCompSerConfigHeader            
00018758  g_sCDCCompSerConfigHeaderHS          
00018760  g_sCDCSerCommInterfaceSection        
00018768  g_sCDCSerConfigHeader                
00018770  g_sCDCSerConfigHeaderHS              
00018778  g_sCDCSerConfigSection               
00018780  g_sCDCSerDataInterfaceSection        
00018788  g_sCDCSerDataInterfaceSectionHS      
00018790  g_sIADSerConfigSection               
00018798  ulMaxSyscallInterruptPriority        
000187a0  g_pui8LangDescriptor                 
000187a4  g_pCDCCompSerConfigDescriptors       
000187a8  g_pCDCCompSerConfigDescriptorsHS     
000187ac  g_ppCDCSerConfigDescriptors          
000187b0  g_ppCDCSerConfigDescriptorsHS        
000187b4  uxTopUsedPriority                    
000188f4  __TI_Handler_Table_Base              
00018900  __TI_Handler_Table_Limit             
00018910  __TI_CINIT_Base                      
00018928  __TI_CINIT_Limit                     
20000000  __start___llvm_prf_cnts              
20000000  __stop___llvm_prf_cnts               
20000000  g_pfnRAMVectors                      
20005d88  g_pui8USBRxBuffer                    
20005e88  g_pui8USBTxBuffer                    
20006024  g_psDCDInst                          
20006074  xQueueRegistry                       
20006178  g_pfnTickHandlers                    
20006190  g_pvTickInstance                     
20006290  cola                                 
20006294  g_ppsDevInfo                         
20006298  g_ui32CPUUsage                       
2000629c  g_ui32PollRate                       
200062a0  g_ui32SystemClock                    
200062a4  mutexUART                            
200062a8  mutexUSB                             
200062ac  g_eOTGModeState                      
200062b0  g_sCDCDevice                         
20006310  g_psCmdTable                         
20006364  pxCurrentTCB                         
200063a0  g_sRxBuffer                          
200063d8  g_sTxBuffer                          
20006480  g_pui8CDCSerDeviceDescriptor         
20006494  g_psCDCCompSerSections               
200064a4  g_psCDCCompSerSectionsHS             
200064b4  g_ulUARTTxCount                      
200064b8  g_ulUARTRxCount                      
200064bc  g_ulUARTRxErrors                     
200064c4  g_psCDCSerSections                   
200064d0  g_psCDCSerSectionsHS                 
20006500  g_bUSBTimerInitialized               
20006504  g_ui32CurrentUSBTick                 
20006508  g_ui32USBSOFCount                    
2000650c  g_pui8CDCSerDescriptor               
20006518  g_iUSBMode                           
2000651c  g_ui32WaitTicks                      
20006524  _lock                                
20006528  _unlock                              
2000652c  g_pui8IADSerDescriptor               
20006544  productosFabricados                  
2000654c  errno                                
20006558  __stack                              
20006758  __STACK_END                          
20006758  __STACK_TOP                          
ffffffff  __TI_pprof_out_hndl                  
ffffffff  __TI_prof_data_size                  
ffffffff  __TI_prof_data_start                 
ffffffff  __binit__                            
ffffffff  __c_args__                           
ffffffff  binit                                
UNDEFED   __mpu_init                           
UNDEFED   _system_post_cinit                   

[758 symbols]
