******************************************************************************
                  TI ARM Linker PC v20.2.7                     
******************************************************************************
>> Linked Tue Jun  9 14:38:57 2026

OUTPUT FILE NAME:   <practica-TIVA-2026.out>
ENTRY POINT SYMBOL: "_c_int00_noargs"  address: 000179c5


MEMORY CONFIGURATION

         name            origin    length      used     unused   attr    fill
----------------------  --------  ---------  --------  --------  ----  --------
  FLASH                 00000000   00040000  000189de  00027622  R  X
  SRAM                  20000000   00008000  00006751  000018af  RW X


SEGMENT ALLOCATION MAP

run origin  load origin   length   init length attrs members
----------  ----------- ---------- ----------- ----- -------
00000000    00000000    000189e0   000189e0    r-x
  00000000    00000000    0000026c   0000026c    r-- .intvecs
  0000026c    0000026c    00017936   00017936    r-x .text
  00017ba4    00017ba4    00000cd4   00000cd4    r-- .const
  00018878    00018878    00000168   00000168    r-- .cinit
20000000    20000000    00006758   00000000    rw-
  20000000    20000000    0000026c   00000000    rw- .vtable
  2000026c    2000026c    00006041   00000000    rw- .bss
  200062b0    200062b0    000002a4   00000000    rw- .data
  20006558    20006558    00000200   00000000    rw- .stack


SECTION ALLOCATION MAP

 output                                  attributes/
section   page    origin      length       input sections
--------  ----  ----------  ----------   ----------------
.intvecs   0    00000000    0000026c     
                  00000000    0000026c     startup_ccs.obj (.intvecs)

.text      0    0000026c    00017936     
                  0000026c    00003084     usbhostenum.obj (.text)
                  000032f0    00002870     tasks.obj (.text)
                  00005b60    0000238c     usb.obj (.text)
                  00007eec    00001688     sysctl.obj (.text)
                  00009574    00001570     usbdenum.obj (.text)
                  0000aae4    00001288     gpio.obj (.text)
                  0000bd6c    000010c4     queue.obj (.text)
                  0000ce30    00000fdc     usbdcdc.obj (.text)
                  0000de0c    00000fa8     usbdma.obj (.text)
                  0000edb4    00000d20     timer.obj (.text)
                  0000fad4    00000b8c     uartstdioMod.obj (.text)
                  00010660    00000b08     uart.obj (.text)
                  00011168    00000a4e     rtsv7M4_T_le_v4SPD16_eabi.lib : _printfi.c.obj (.text:__TI_printfi)
                  00011bb6    00000002                                   : _lock.c.obj (.text:_nop)
                  00011bb8    00000924     usbhhub.obj (.text)
                  000124dc    000007b4     timers.obj (.text)
                  00012c90    00000598     usbbuffer.obj (.text)
                  00013228    00000570     usbmode.obj (.text)
                  00013798    00000490     interrupt.obj (.text)
                  00013c28    0000048c     usbringbuf.obj (.text)
                  000140b4    00000478     heap_4.obj (.text)
                  0001452c    00000460     commands.obj (.text)
                  0001498c    00000430     main.obj (.text)
                  00014dbc    000003bc     usbdconfig.obj (.text)
                  00015178    000003b4     usb_dev_serial.obj (.text)
                  0001552c    000003a8     serial2USBprotocol.obj (.text)
                  000158d4    000002de     usbdcdesc.obj (.text)
                  00015bb2    00000002     rtsv7M4_T_le_v4SPD16_eabi.lib : div0.asm.obj (.text)
                  00015bb4    000002d0     port.obj (.text)
                  00015e84    00000270     rtsv7M4_T_le_v4SPD16_eabi.lib : _printfi.c.obj (.text:_pconv_a)
                  000160f4    000001d2     usbdesc.obj (.text)
                  000162c6    00000002     --HOLE-- [fill = 0]
                  000162c8    000001d0     rtsv7M4_T_le_v4SPD16_eabi.lib : _printfi.c.obj (.text:_pconv_g)
                  00016498    000001b6                                   : fd_add_t2.asm.obj (.text)
                  0001664e    00000002     --HOLE-- [fill = 0]
                  00016650    0000013c                                   : _printfi.c.obj (.text:_pconv_e)
                  0001678c    00000136                                   : fd_div_t2.asm.obj (.text)
                  000168c2    0000012a     list.obj (.text)
                  000169ec    00000124     cpu_usage.obj (.text)
                  00016b10    00000124     rtsv7M4_T_le_v4SPD16_eabi.lib : _printfi.c.obj (.text:fcvt)
                  00016c34    00000110                                   : s_scalbn.c.obj (.text:scalbn)
                  00016d44    000000fc                                   : fd_mul_t2.asm.obj (.text)
                  00016e40    000000ec     usbtick.obj (.text)
                  00016f2c    000000da     portasm.obj (.text)
                  00017006    000000c8     usbulpi.obj (.text)
                  000170ce    00000002     --HOLE-- [fill = 0]
                  000170d0    000000b1     rtsv7M4_T_le_v4SPD16_eabi.lib : _printfi.c.obj (.text:_ltostr)
                  00017181    00000003     --HOLE-- [fill = 0]
                  00017184    000000ac     cmdline.obj (.text)
                  00017230    0000009c     rtsv7M4_T_le_v4SPD16_eabi.lib : memcpy_t2.asm.obj (.text)
                  000172cc    00000096                                   : ull_div_t2.asm.obj (.text)
                  00017362    00000086                                   : fd_cmp_t2.asm.obj (.text:__aeabi_cdcmple)
                  000173e8    00000086                                   : fd_cmp_t2.asm.obj (.text:__aeabi_cdrcmple)
                  0001746e    0000007a                                   : memset_t2.asm.obj (.text)
                  000174e8    0000006e                                   : _printfi.c.obj (.text:_mcpy)
                  00017556    00000002     --HOLE-- [fill = 0]
                  00017558    00000068     crc.obj (.text)
                  000175c0    00000068     RunTimeStatsConfig.obj (.text)
                  00017628    00000068     rtsv7M4_T_le_v4SPD16_eabi.lib : copy_decompress_lzss.c.obj (.text:decompress:lzss:__TI_decompress_lzss)
                  00017690    00000064                                   : s_frexp.c.obj (.text:frexp)
                  000176f4    00000056                                   : _printfi.c.obj (.text:_pconv_f)
                  0001774a    00000054                                   : _ltoa.c.obj (.text:__TI_ltoa)
                  0001779e    00000052                                   : _printfi.c.obj (.text:_ecpy)
                  000177f0    0000004c                                   : atoi.c.obj (.text:atoi)
                  0001783c    00000048                                   : fd_toi_t2.asm.obj (.text)
                  00017884    00000044                                   : autoinit.c.obj (.text:__TI_auto_init_nobinit_nopinit:__TI_auto_init_nobinit_nopinit)
                  000178c8    00000040                                   : u_divt2.asm.obj (.text)
                  00017908    00000040                                   : sprintf.c.obj (.text:sprintf)
                  00017948    0000003e                                   : _printfi.c.obj (.text:_fcpy)
                  00017986    0000003e     cpu.obj (.text)
                  000179c4    00000034     rtsv7M4_T_le_v4SPD16_eabi.lib : boot_cortex_m.c.obj (.text:_c_int00_noargs:_c_int00_noargs)
                  000179f8    00000034                                   : rand.c.obj (.text:rand)
                  00017a2c    0000002e                                   : i_tofd_t2.asm.obj (.text)
                  00017a5a    00000002     --HOLE-- [fill = 0]
                  00017a5c    00000024     RunTimeStatsConfig.obj (.text:GetOverflowCounts)
                  00017a80    00000024     usbdhandler.obj (.text)
                  00017aa4    0000001c     rtsv7M4_T_le_v4SPD16_eabi.lib : memccpy.c.obj (.text:memccpy)
                  00017ac0    0000001a                                   : s_copysign.c.obj (.text:copysign)
                  00017ada    00000018                                   : sprintf.c.obj (.text:_outs)
                  00017af2    00000018                                   : strcmp.c.obj (.text:strcmp)
                  00017b0a    00000016                                   : strchr.c.obj (.text:strchr)
                  00017b20    00000014                                   : strcpy.c.obj (.text:strcpy)
                  00017b34    00000014                                   : strlen.c.obj (.text:strlen)
                  00017b48    00000012                                   : wcslen.c.obj (.text:wcslen)
                  00017b5a    0000000e                                   : copy_decompress_none.c.obj (.text:decompress:none:__TI_decompress_none)
                  00017b68    0000000c                                   : copy_zero_init.c.obj (.text:decompress:ZI:__TI_zero_init)
                  00017b74    0000000c     startup_ccs.obj (.text)
                  00017b80    0000000a     rtsv7M4_T_le_v4SPD16_eabi.lib : sprintf.c.obj (.text:_outc)
                  00017b8a    00000002     --HOLE-- [fill = 0]
                  00017b8c    00000008                                   : errno.c.obj (.text:__aeabi_errno_addr)
                  00017b94    00000006     sysctl.obj (.text:SysCtlDelay)
                  00017b9a    00000004     rtsv7M4_T_le_v4SPD16_eabi.lib : pre_init.c.obj (.text:_system_pre_init)
                  00017b9e    00000004                                   : exit.c.obj (.text:abort:abort)

.const     0    00017ba4    00000cd4     
                  00017ba4    00000200     crc.obj (.const:crctttab)
                  00017da4    000001b0     sysctl.obj (.const:g_pppui32XTALtoVCO)
                  00017f54    00000101     rtsv7M4_T_le_v4SPD16_eabi.lib : ctype.c.obj (.const:.string:_ctypes_)
                  00018055    00000003     --HOLE-- [fill = 0]
                  00018058    000000f2     commands.obj (.const:.string)
                  0001814a    00000002     --HOLE-- [fill = 0]
                  0001814c    000000d8     gpio.obj (.const:g_ppui32GPIOIntMapSnowflake)
                  00018224    000000c0     gpio.obj (.const:g_ppui32GPIOIntMapBlizzard)
                  000182e4    0000009c     interrupt.obj (.const:g_pui32Regs)
                  00018380    00000090     gpio.obj (.const:g_pui32GPIOBaseAddrs)
                  00018410    0000006c     sysctl.obj (.const:g_pui32Xtals)
                  0001847c    00000060     timer.obj (.const:g_ppui32TimerIntMap)
                  000184dc    00000040     timer.obj (.const:g_ppui32TimerIntMapSnowflake)
                  0001851c    00000040     uart.obj (.const:g_ppui32UARTIntMap)
                  0001855c    00000040     uart.obj (.const:g_ppui32UARTIntMapSnowflake)
                  0001859c    00000036     usb_serial_structs.obj (.const:.string:g_pui8ConfigString)
                  000185d2    00000002     --HOLE-- [fill = 0]
                  000185d4    00000034     usbdenum.obj (.const:g_psUSBDStdRequests)
                  00018608    00000030     usbdcdc.obj (.const:g_sCDCHandlers)
                  00018638    00000030     sysctl.obj (.const:g_sXTALtoMEMTIM)
                  00018668    0000002c     usb_serial_structs.obj (.const:.string:g_pui8ControlInterfaceString)
                  00018694    00000024     usb_serial_structs.obj (.const:.string:g_pui8ManufacturerString)
                  000186b8    00000023     usbdcdc.obj (.const:.string:g_pui8CDCSerCommInterface)
                  000186db    00000022     usb_serial_structs.obj (.const:.string:g_pui8ProductString)
                  000186fd    00000003     --HOLE-- [fill = 0]
                  00018700    00000020     interrupt.obj (.const:g_pui32Priority)
                  00018720    00000018     usb_serial_structs.obj (.const:g_ppui8StringDescriptors)
                  00018738    00000017     usbdcdc.obj (.const:.string:g_pui8CDCSerDataInterface)
                  0001874f    00000017     usbdcdc.obj (.const:.string:g_pui8CDCSerDataInterfaceHS)
                  00018766    00000002     --HOLE-- [fill = 0]
                  00018768    00000014     interrupt.obj (.const:g_pui32Dii16Regs)
                  0001877c    00000014     interrupt.obj (.const:g_pui32EnRegs)
                  00018790    00000014     interrupt.obj (.const:g_pui32PendRegs)
                  000187a4    00000014     interrupt.obj (.const:g_pui32UnpendRegs)
                  000187b8    00000012     usb_serial_structs.obj (.const:.string:g_pui8SerialNumberString)
                  000187ca    00000002     --HOLE-- [fill = 0]
                  000187cc    00000012     uartstdioMod.obj (.const:.string)
                  000187de    00000002     --HOLE-- [fill = 0]
                  000187e0    0000000c     uartstdioMod.obj (.const:g_ui32UARTBase)
                  000187ec    0000000c     uartstdioMod.obj (.const:g_ui32UARTInt)
                  000187f8    0000000c     uartstdioMod.obj (.const:g_ui32UARTPeriph)
                  00018804    00000008     sysctl.obj (.const:g_pui32VCOFrequencies)
                  0001880c    00000008     usbdcdc.obj (.const:g_sCDCCompSerConfigHeader)
                  00018814    00000008     usbdcdc.obj (.const:g_sCDCCompSerConfigHeaderHS)
                  0001881c    00000008     usbdcdc.obj (.const:g_sCDCSerCommInterfaceSection)
                  00018824    00000008     usbdcdc.obj (.const:g_sCDCSerConfigHeader)
                  0001882c    00000008     usbdcdc.obj (.const:g_sCDCSerConfigHeaderHS)
                  00018834    00000008     usbdcdc.obj (.const:g_sCDCSerConfigSection)
                  0001883c    00000008     usbdcdc.obj (.const:g_sCDCSerDataInterfaceSection)
                  00018844    00000008     usbdcdc.obj (.const:g_sCDCSerDataInterfaceSectionHS)
                  0001884c    00000008     usbdcdc.obj (.const:g_sIADSerConfigSection)
                  00018854    00000008     port.obj (.const)
                  0001885c    00000004     usb_serial_structs.obj (.const:.string:g_pui8LangDescriptor)
                  00018860    00000004     usbdcdc.obj (.const:g_pCDCCompSerConfigDescriptors)
                  00018864    00000004     usbdcdc.obj (.const:g_pCDCCompSerConfigDescriptorsHS)
                  00018868    00000004     usbdcdc.obj (.const:g_ppCDCSerConfigDescriptors)
                  0001886c    00000004     usbdcdc.obj (.const:g_ppCDCSerConfigDescriptorsHS)
                  00018870    00000004     tasks.obj (.const)
                  00018874    00000004     uartstdioMod.obj (.const)

.cinit     0    00018878    00000168     
                  00018878    00000132     (.cinit..data.load) [load image, compression = lzss]
                  000189aa    00000002     --HOLE-- [fill = 0]
                  000189ac    0000000c     (__TI_handler_table)
                  000189b8    00000008     (.cinit..bss.load) [load image, compression = zero_init]
                  000189c0    00000008     (.cinit..vtable.load) [load image, compression = zero_init]
                  000189c8    00000018     (__TI_cinit_table)

.init_array 
*          0    00000000    00000000     UNINITIALIZED

.vtable    0    20000000    0000026c     UNINITIALIZED
                  20000000    0000026c     interrupt.obj (.vtable)

.bss       0    2000026c    00006041     UNINITIALIZED
                  2000026c    00005000     heap_4.obj (.bss:ucHeap)
                  2000526c    000006cc     usbhostenum.obj (.bss:g_sUSBHCD)
                  20005938    00000200     uartstdioMod.obj (.bss:g_pcUARTRxHistoryBuffer)
                  20005b38    00000140     tasks.obj (.bss:pxReadyTasksLists)
                  20005c78    00000110     usbdma.obj (.bss:g_psUSBDMAInst)
                  20005d88    00000100     (.common:g_pui8USBRxBuffer)
                  20005e88    00000100     (.common:g_pui8USBTxBuffer)
                  20005f88    0000009c     usbhhub.obj (.bss:g_sRootHub)
                  20006024    00000050     (.common:g_psDCDInst)
                  20006074    00000050     (.common:xQueueRegistry)
                  200060c4    00000040     usbdenum.obj (.bss:g_pui8DataBufferIn)
                  20006104    00000024     cmdline.obj (.bss:g_ppcArgv)
                  20006128    00000020     uartstdioMod.obj (.bss:g_usUARTRxHistoryOffset)
                  20006148    00000018     usbhostenum.obj (.bss:g_pi32USBHActiveDriver)
                  20006160    00000018     usbhostenum.obj (.bss:g_ppvDriverInstance)
                  20006178    00000018     (.common:g_pfnTickHandlers)
                  20006190    00000018     (.common:g_pvTickInstance)
                  200061a8    00000014     uartstdioMod.obj (.bss)
                  200061bc    00000014     timers.obj (.bss:xActiveTimerList1)
                  200061d0    00000014     timers.obj (.bss:xActiveTimerList2)
                  200061e4    00000014     tasks.obj (.bss:xDelayedTaskList1)
                  200061f8    00000014     tasks.obj (.bss:xDelayedTaskList2)
                  2000620c    00000014     tasks.obj (.bss:xPendingReadyList)
                  20006220    00000014     tasks.obj (.bss:xSuspendedTaskList)
                  20006234    00000014     tasks.obj (.bss:xTasksWaitingTermination)
                  20006248    0000000c     cpu_usage.obj (.bss)
                  20006254    00000008     usbhostenum.obj (.bss:g_pui32Alloc)
                  2000625c    00000008     tasks.obj (.bss)
                  20006264    00000008     timers.obj (.bss)
                  2000626c    00000008     usb_dev_serial.obj (.bss)
                  20006274    00000008     usbhhub.obj (.bss)
                  2000627c    00000008     heap_4.obj (.bss:xStart)
                  20006284    00000004     usbdenum.obj (.bss)
                  20006288    00000004     usbhostenum.obj (.bss)
                  2000628c    00000004     usbmode.obj (.bss)
                  20006290    00000004     (.common:cola)
                  20006294    00000004     (.common:g_ppsDevInfo)
                  20006298    00000004     (.common:g_ui32CPUUsage)
                  2000629c    00000004     (.common:g_ui32PollRate)
                  200062a0    00000004     (.common:g_ui32SystemClock)
                  200062a4    00000004     (.common:mutexUART)
                  200062a8    00000004     (.common:mutexUSB)
                  200062ac    00000001     (.common:g_eOTGModeState)

.data      0    200062b0    000002a4     UNINITIALIZED
                  200062b0    00000060     usb_serial_structs.obj (.data:g_sCDCDevice)
                  20006310    00000054     commands.obj (.data:g_psCmdTable)
                  20006364    0000003c     tasks.obj (.data)
                  200063a0    00000038     usb_serial_structs.obj (.data:g_sRxBuffer)
                  200063d8    00000038     usb_serial_structs.obj (.data:g_sTxBuffer)
                  20006410    00000018     cpu_usage.obj (.data:g_pui32CPUUsageTimerBase)
                  20006428    00000018     cpu_usage.obj (.data:g_pui32CPUUsageTimerPeriph)
                  20006440    00000018     usbhostenum.obj (.data:g_sUSBHEP0State)
                  20006458    00000014     heap_4.obj (.data)
                  2000646c    00000014     usbhostenum.obj (.data)
                  20006480    00000012     usbdcdc.obj (.data:g_pui8CDCSerDeviceDescriptor)
                  20006492    00000002     usbdcdc.obj (.data)
                  20006494    00000010     usbdcdc.obj (.data:g_psCDCCompSerSections)
                  200064a4    00000010     usbdcdc.obj (.data:g_psCDCCompSerSectionsHS)
                  200064b4    0000000d     usb_dev_serial.obj (.data)
                  200064c1    00000003     --HOLE--
                  200064c4    0000000c     usbdcdc.obj (.data:g_psCDCSerSections)
                  200064d0    0000000c     usbdcdc.obj (.data:g_psCDCSerSectionsHS)
                  200064dc    0000000c     port.obj (.data)
                  200064e8    0000000c     timers.obj (.data)
                  200064f4    0000000c     uartstdioMod.obj (.data)
                  20006500    0000000c     usbtick.obj (.data)
                  2000650c    00000009     usbdcdc.obj (.data:g_pui8CDCSerDescriptor)
                  20006515    00000003     --HOLE--
                  20006518    00000009     usbmode.obj (.data)
                  20006521    00000003     --HOLE--
                  20006524    00000008     rtsv7M4_T_le_v4SPD16_eabi.lib : _lock.c.obj (.data:$O1$$)
                  2000652c    00000008     usbdcdc.obj (.data:g_pui8IADSerDescriptor)
                  20006534    00000008     usbdenum.obj (.data)
                  2000653c    00000007     usb_dev_serial.obj (.data:ConfigLinea)
                  20006543    00000001     --HOLE--
                  20006544    00000005     main.obj (.data)
                  20006549    00000003     --HOLE--
                  2000654c    00000004     rtsv7M4_T_le_v4SPD16_eabi.lib : errno.c.obj (.data)
                  20006550    00000004                                   : rand.c.obj (.data)

.stack     0    20006558    00000200     UNINITIALIZED
                  20006558    00000004     rtsv7M4_T_le_v4SPD16_eabi.lib : boot_cortex_m.c.obj (.stack)
                  2000655c    000001fc     --HOLE--

__llvm_prf_cnts 
*          0    20000000    00000000     UNINITIALIZED

MODULE SUMMARY

       Module                       code    ro data   rw data
       ------                       ----    -------   -------
    .\
       commands.obj                 1120    242       84     
       main.obj                     1072    0         25     
       usb_dev_serial.obj           948     0         28     
       serial2USBprotocol.obj       936     0         0      
       usb_serial_structs.obj       0       214       720    
       startup_ccs.obj              12      620       0      
       crc.obj                      104     512       0      
    +--+----------------------------+-------+---------+---------+
       Total:                       4192    1588      857    
                                                             
    .\FreeRTOS\Source\
       tasks.obj                    10352   4         488    
       queue.obj                    4292    0         80     
       timers.obj                   1972    0         60     
       list.obj                     298     0         0      
    +--+----------------------------+-------+---------+---------+
       Total:                       16914   4         628    
                                                             
    .\FreeRTOS\Source\portable\CCS\ARM_CM4F\
       port.obj                     720     8         12     
       portasm.obj                  218     0         0      
    +--+----------------------------+-------+---------+---------+
       Total:                       938     8         12     
                                                             
    .\FreeRTOS\Source\portable\MemMang\
       heap_4.obj                   1144    0         20508  
    +--+----------------------------+-------+---------+---------+
       Total:                       1144    0         20508  
                                                             
    .\driverlib\
       usb.obj                      9100    0         0      
       sysctl.obj                   5774    596       0      
       gpio.obj                     4744    552       0      
       timer.obj                    3360    160       0      
       uart.obj                     2824    128       0      
       interrupt.obj                1168    268       620    
       cpu.obj                      62      0         0      
    +--+----------------------------+-------+---------+---------+
       Total:                       27032   1704      620    
                                                             
    .\usblib\
       usbdma.obj                   4008    0         272    
       usbbuffer.obj                1432    0         0      
       usbmode.obj                  1392    0         18     
       usbringbuf.obj               1164    0         0      
       usbdesc.obj                  466     0         0      
       usbtick.obj                  236     0         60     
       usbulpi.obj                  200     0         0      
    +--+----------------------------+-------+---------+---------+
       Total:                       8898    0         350    
                                                             
    .\usblib\device\
       usbdenum.obj                 5488    52        160    
       usbdcdc.obj                  4060    217       93     
       usbdconfig.obj               956     0         0      
       usbdcdesc.obj                734     0         0      
       usbdhandler.obj              36      0         0      
    +--+----------------------------+-------+---------+---------+
       Total:                       11274   269       253    
                                                             
    .\usblib\host\
       usbhostenum.obj              12420   0         1844   
       usbhhub.obj                  2340    0         164    
    +--+----------------------------+-------+---------+---------+
       Total:                       14760   0         2008   
                                                             
    .\utils\
       uartstdioMod.obj             2956    58        576    
       cpu_usage.obj                292     0         60     
       cmdline.obj                  172     0         36     
       RunTimeStatsConfig.obj       140     0         0      
    +--+----------------------------+-------+---------+---------+
       Total:                       3560    58        672    
                                                             
    C:\ti\ccs1240\ccs\tools\compiler\ti-cgt-arm_20.2.7.LTS\lib\rtsv7M4_T_le_v4SPD16_eabi.lib
       _printfi.c.obj               4851    0         0      
       fd_add_t2.asm.obj            438     0         0      
       fd_div_t2.asm.obj            310     0         0      
       s_scalbn.c.obj               272     0         0      
       fd_cmp_t2.asm.obj            268     0         0      
       ctype.c.obj                  0       257       0      
       fd_mul_t2.asm.obj            252     0         0      
       memcpy_t2.asm.obj            156     0         0      
       ull_div_t2.asm.obj           150     0         0      
       memset_t2.asm.obj            122     0         0      
       copy_decompress_lzss.c.obj   104     0         0      
       s_frexp.c.obj                100     0         0      
       sprintf.c.obj                98      0         0      
       _ltoa.c.obj                  84      0         0      
       atoi.c.obj                   76      0         0      
       fd_toi_t2.asm.obj            72      0         0      
       autoinit.c.obj               68      0         0      
       u_divt2.asm.obj              64      0         0      
       rand.c.obj                   52      0         4      
       boot_cortex_m.c.obj          52      0         0      
       i_tofd_t2.asm.obj            46      0         0      
       memccpy.c.obj                28      0         0      
       s_copysign.c.obj             26      0         0      
       strcmp.c.obj                 24      0         0      
       strchr.c.obj                 22      0         0      
       strcpy.c.obj                 20      0         0      
       strlen.c.obj                 20      0         0      
       wcslen.c.obj                 18      0         0      
       copy_decompress_none.c.obj   14      0         0      
       copy_zero_init.c.obj         12      0         0      
       errno.c.obj                  8       0         4      
       _lock.c.obj                  2       0         8      
       exit.c.obj                   4       0         0      
       pre_init.c.obj               4       0         0      
       div0.asm.obj                 2       0         0      
    +--+----------------------------+-------+---------+---------+
       Total:                       7839    257       16     
                                                             
       Stack:                       0       0         512    
       Linker Generated:            0       358       0      
    +--+----------------------------+-------+---------+---------+
       Grand Total:                 96551   4246      26436  


LINKER GENERATED COPY TABLES

__TI_cinit_table @ 000189c8 records: 3, size/record: 8, table size: 24
	.data: load addr=00018878, load size=00000132 bytes, run addr=200062b0, run size=000002a4 bytes, compression=lzss
	.bss: load addr=000189b8, load size=00000008 bytes, run addr=2000026c, run size=00006041 bytes, compression=zero_init
	.vtable: load addr=000189c0, load size=00000008 bytes, run addr=20000000, run size=0000026c bytes, compression=zero_init


LINKER GENERATED HANDLER TABLE

__TI_handler_table @ 000189ac records: 3, size/record: 4, table size: 12
	index: 0, handler: __TI_zero_init
	index: 1, handler: __TI_decompress_lzss
	index: 2, handler: __TI_decompress_none


GLOBAL SYMBOLS: SORTED ALPHABETICALLY BY Name 

address   name                                 
-------   ----                                 
00017b9f  C$$EXIT                              
00016a2b  CPUUsageInit                         
000169ed  CPUUsageTick                         
000179bb  CPUbasepriGet                        
000179ad  CPUbasepriSet                        
00017987  CPUcpsid                             
0001799d  CPUcpsie                             
00017993  CPUprimask                           
000179a9  CPUwfi                               
00017185  CmdLineProcess                       
0000026d  ConfigDescAlloc                      
00000303  ConfigDescFree                       
0000bcfb  GPIOADCTriggerDisable                
0000bccf  GPIOADCTriggerEnable                 
0000bca3  GPIODMATriggerDisable                
0000bc77  GPIODMATriggerEnable                 
0000acc1  GPIODirModeGet                       
0000ac3d  GPIODirModeSet                       
0000b491  GPIOIntClear                         
0000b439  GPIOIntDisable                       
0000b411  GPIOIntEnable                        
0000b4b3  GPIOIntRegister                      
0000b531  GPIOIntRegisterPin                   
0000b461  GPIOIntStatus                        
0000aee5  GPIOIntTypeGet                       
0000ad95  GPIOIntTypeSet                       
0000b4f1  GPIOIntUnregister                    
0000b5a9  GPIOIntUnregisterPin                 
0000b27d  GPIOPadConfigGet                     
0000af89  GPIOPadConfigSet                     
0000bbf1  GPIOPinConfigure                     
0000b5fb  GPIOPinRead                          
0000b64f  GPIOPinTypeADC                       
0000b685  GPIOPinTypeCAN                       
0000b6bb  GPIOPinTypeComparator                
0000b6f1  GPIOPinTypeComparatorOutput          
0000b727  GPIOPinTypeDIVSCLK                   
0000b75d  GPIOPinTypeEPI                       
0000b793  GPIOPinTypeEthernetLED               
0000b7c9  GPIOPinTypeEthernetMII               
0000b80d  GPIOPinTypeGPIOInput                 
0000b843  GPIOPinTypeGPIOOutput                
0000b879  GPIOPinTypeGPIOOutputOD              
0000b8af  GPIOPinTypeHibernateRTCCLK           
0000b8e5  GPIOPinTypeI2C                       
0000b91b  GPIOPinTypeI2CSCL                    
0000b951  GPIOPinTypeLCD                       
0000b987  GPIOPinTypeOneWire                   
0000b9bd  GPIOPinTypePWM                       
0000b9f3  GPIOPinTypeQEI                       
0000ba29  GPIOPinTypeSSI                       
0000ba5f  GPIOPinTypeTimer                     
0000ba95  GPIOPinTypeTrace                     
0000bacb  GPIOPinTypeUART                      
0000bb05  GPIOPinTypeUSBAnalog                 
0000bb3b  GPIOPinTypeUSBDigital                
0000bb71  GPIOPinTypeWakeHigh                  
0000bba9  GPIOPinTypeWakeLow                   
0000bbe1  GPIOPinWakeStatus                    
0000b621  GPIOPinWrite                         
0000bd27  GPIOUnlockPin                        
00017a5d  GetOverflowCounts                    
000139c5  IntDisable                           
00013947  IntEnable                            
00013a4d  IntIsEnabled                         
000137ab  IntMasterDisable                     
0001379b  IntMasterEnable                      
00013b71  IntPendClear                         
00013b01  IntPendSet                           
00013911  IntPriorityGet                       
00013877  IntPriorityGroupingGet               
00013851  IntPriorityGroupingSet               
00013bd7  IntPriorityMaskGet                   
00013bcb  IntPriorityMaskSet                   
000138af  IntPrioritySet                       
000137bb  IntRegister                          
00013bdf  IntTrigger                           
00013831  IntUnregister                        
000025c1  InternalUSBHCDSendEvent              
00016e87  InternalUSBRegisterTickHandler       
00016ed7  InternalUSBStartOfFrameTick          
00016e41  InternalUSBTickInit                  
00016e7f  InternalUSBTickReset                 
00013685  OTGDeviceDisconnect                  
0000d079  ProcessDataFromHost                  
0000d189  ProcessDataToHost                    
0000d127  ProcessNotificationToHost            
00017b75  ResetISR                             
000094ff  SysCtlAltClkConfig                   
00008ac5  SysCtlClockFreqSet                   
00008fa5  SysCtlClockGet                       
000094c7  SysCtlClockOutConfig                 
00008dcd  SysCtlClockSet                       
000089ad  SysCtlDeepSleep                      
0000917d  SysCtlDeepSleepClockConfigSet        
00009161  SysCtlDeepSleepClockSet              
0000898d  SysCtlDeepSleepPowerSet              
00017b95  SysCtlDelay                          
000082b1  SysCtlFlashSectorSizeGet             
00008285  SysCtlFlashSizeGet                   
00009351  SysCtlGPIOAHBDisable                 
000092cd  SysCtlGPIOAHBEnable                  
000088a1  SysCtlIntClear                       
00008889  SysCtlIntDisable                     
00008875  SysCtlIntEnable                      
00008851  SysCtlIntRegister                    
000088b1  SysCtlIntStatus                      
00008865  SysCtlIntUnregister                  
00008973  SysCtlLDODeepSleepGet                
00008925  SysCtlLDODeepSleepSet                
0000891b  SysCtlLDOSleepGet                    
000088cd  SysCtlLDOSleepSet                    
000089e9  SysCtlMOSCConfigSet                  
000094b3  SysCtlNMIClear                       
000094ad  SysCtlNMIStatus                      
000089f9  SysCtlPIOSCCalibrate                 
00009299  SysCtlPWMClockGet                    
00009229  SysCtlPWMClockSet                    
000087fd  SysCtlPeripheralClockGating          
000087af  SysCtlPeripheralDeepSleepDisable     
00008761  SysCtlPeripheralDeepSleepEnable      
0000866d  SysCtlPeripheralDisable              
00008601  SysCtlPeripheralEnable               
000084b5  SysCtlPeripheralPowerOff             
00008431  SysCtlPeripheralPowerOn              
0000831d  SysCtlPeripheralPresent              
000083a9  SysCtlPeripheralReady                
00008561  SysCtlPeripheralReset                
0000870d  SysCtlPeripheralSleepDisable         
000086bb  SysCtlPeripheralSleepEnable          
0000899d  SysCtlReset                          
00008a59  SysCtlResetBehaviorGet               
00008a49  SysCtlResetBehaviorSet               
000089d5  SysCtlResetCauseClear                
000089c9  SysCtlResetCauseGet                  
0000827b  SysCtlSRAMSizeGet                    
000089a5  SysCtlSleep                          
0000897d  SysCtlSleepPowerSet                  
000093c7  SysCtlUSBPLLDisable                  
000093bb  SysCtlUSBPLLEnable                   
00009401  SysCtlVCOGet                         
000093e9  SysCtlVoltageEventClear              
000093d3  SysCtlVoltageEventConfig             
000093e3  SysCtlVoltageEventStatus             
0000fa21  TimerADCEventGet                     
0000fa01  TimerADCEventSet                     
0000f451  TimerClockSourceGet                  
0000f415  TimerClockSourceSet                  
0000ef7d  TimerConfigure                       
0000f275  TimerControlEvent                    
0000f151  TimerControlLevel                    
0000f2d3  TimerControlStall                    
0000f1d1  TimerControlTrigger                  
0000f33d  TimerControlWaitOnTrigger            
0000fa5d  TimerDMAEventGet                     
0000fa3d  TimerDMAEventSet                     
0000eef1  TimerDisable                         
0000eea7  TimerEnable                          
0000f9c1  TimerIntClear                        
0000f96f  TimerIntDisable                      
0000f949  TimerIntEnable                       
0000f889  TimerIntRegister                     
0000f995  TimerIntStatus                       
0000f8f3  TimerIntUnregister                   
0000f643  TimerLoadGet                         
0000f6b1  TimerLoadGet64                       
0000f5e9  TimerLoadSet                         
0000f685  TimerLoadSet64                       
0000f7d9  TimerMatchGet                        
0000f843  TimerMatchGet64                      
0000f77f  TimerMatchSet                        
0000f81b  TimerMatchSet64                      
0000f4e7  TimerPrescaleGet                     
0000f59d  TimerPrescaleMatchGet                
0000f533  TimerPrescaleMatchSet                
0000f47d  TimerPrescaleSet                     
0000f3f1  TimerRTCDisable                      
0000f3cd  TimerRTCEnable                       
0000f9e1  TimerSynchronize                     
0000fa79  TimerUpdateMode                      
0000f6f7  TimerValueGet                        
0000f739  TimerValueGet64                      
000110eb  UART9BitAddrSend                     
000110b7  UART9BitAddrSet                      
00011093  UART9BitDisable                      
0001106f  UART9BitEnable                       
00010e17  UARTBreakCtl                         
00010e4f  UARTBusy                             
00010d95  UARTCharGet                          
00010d57  UARTCharGetNonBlocking               
00010deb  UARTCharPut                          
00010db9  UARTCharPutNonBlocking               
00010cff  UARTCharsAvail                       
00011051  UARTClockSourceGet                   
0001101b  UARTClockSourceSet                   
00010905  UARTConfigGetExpClk                  
00010827  UARTConfigSetExpClk                  
00010fb7  UARTDMADisable                       
00010f91  UARTDMAEnable                        
000109ad  UARTDisable                          
00010a69  UARTDisableSIR                       
0001052f  UARTEchoSet                          
00010965  UARTEnable                           
00010a2d  UARTEnableSIR                        
00010a09  UARTFIFODisable                      
000109e5  UARTFIFOEnable                       
000107eb  UARTFIFOLevelGet                     
00010779  UARTFIFOLevelSet                     
00010c81  UARTFlowControlGet                   
00010c3b  UARTFlowControlSet                   
000104fb  UARTFlushRx                          
00010509  UARTFlushTx                          
00010f71  UARTIntClear                         
00010f1f  UARTIntDisable                       
00010ef9  UARTIntEnable                        
00010e7b  UARTIntRegister                      
00010f45  UARTIntStatus                        
00010eb9  UARTIntUnregister                    
00011141  UARTLoopbackEnable                   
00010b55  UARTModemControlClear                
00010bb9  UARTModemControlGet                  
00010af1  UARTModemControlSet                  
00010bf9  UARTModemStatusGet                   
0001075b  UARTParityModeGet                    
0001070f  UARTParityModeSet                    
000104e3  UARTRxBytesAvail                     
00010ffd  UARTRxErrorClear                     
00010fdd  UARTRxErrorGet                       
00010acd  UARTSmartCardDisable                 
00010a8d  UARTSmartCardEnable                  
00010d2b  UARTSpaceAvail                       
0000fb2f  UARTStdioConfig                      
00010557  UARTStdioIntHandler                  
000104ef  UARTTxBytesFree                      
00010cdf  UARTTxIntModeGet                     
00010ca1  UARTTxIntModeSet                     
00010185  UARTgetc                             
0000fd25  UARTgets                             
000104bf  UARTprintf                           
000101ad  UARTvprintf                          
0000fc5b  UARTwrite                            
00017007  ULPIConfigSet                        
000170a9  ULPIPowerTransceiver                 
00017a81  USB0DeviceIntHandler                 
000132f3  USB0DualModeIntHandler               
000024b7  USB0HostIntHandler                   
0001359d  USB0OTGModeIntHandler                
00013053  USBBufferCallbackDataSet             
00013149  USBBufferDataAvailable               
0001302b  USBBufferDataRemoved                 
00012ffd  USBBufferDataWritten                 
00013189  USBBufferEventCallback               
000130d5  USBBufferFlush                       
00012fc3  USBBufferInfoGet                     
00012f3f  USBBufferInit                        
000130f5  USBBufferRead                        
00013169  USBBufferSpaceAvailable              
0001306d  USBBufferWrite                       
00012f89  USBBufferZeroLengthPacketInsert      
0000787b  USBClockDisable                      
00007851  USBClockEnable                       
000151bd  USBControlHandler                    
00007839  USBControllerVersion                 
0000d893  USBDCDCCompositeInit                 
0000da11  USBDCDCInit                          
0000dc01  USBDCDCPacketRead                    
0000db49  USBDCDCPacketWrite                   
0000ddc3  USBDCDCPowerStatusSet                
0000dde5  USBDCDCRemoteWakeupRequest           
0000dd13  USBDCDCRxPacketAvailable             
0000dd7d  USBDCDCSerialStateChange             
0000daa5  USBDCDCSetControlCBData              
0000dad3  USBDCDCSetRxCBData                   
0000db05  USBDCDCSetTxCBData                   
0000da7f  USBDCDCTerm                          
0000dce9  USBDCDCTxPacketAvailable             
00015a2d  USBDCDConfigDescGet                  
000159df  USBDCDConfigDescGetNum               
000159a7  USBDCDConfigDescGetSize              
00015b0f  USBDCDConfigGetInterface             
00015b45  USBDCDConfigGetInterfaceEndpoint     
00015abb  USBDCDConfigGetNumAlternateInterfaces
00009575  USBDCDDeviceInfoInit                 
00009a83  USBDCDFeatureGet                     
000099d1  USBDCDFeatureSet                     
000095d9  USBDCDInit                           
00009971  USBDCDPowerStatusSet                 
00009abd  USBDCDRemoteWakeLPM                  
00009ad7  USBDCDRemoteWakeupRequest            
0000986d  USBDCDRequestDataEP0                 
000098d9  USBDCDSendDataEP0                    
00009915  USBDCDSetDefaultConfiguration        
00009931  USBDCDStallEP0                       
000097d7  USBDCDTerm                           
00007ad3  USBDMAChannelAddressGet              
00007a99  USBDMAChannelAddressSet              
000079b1  USBDMAChannelConfigSet               
00007b4b  USBDMAChannelCountGet                
00007b11  USBDMAChannelCountSet                
00007973  USBDMAChannelDisable                 
00007935  USBDMAChannelEnable                  
000078d9  USBDMAChannelIntDisable              
0000789b  USBDMAChannelIntEnable               
00007917  USBDMAChannelIntStatus               
00007a17  USBDMAChannelStatus                  
00007a51  USBDMAChannelStatusClear             
00007b81  USBDMANumChannels                    
00016151  USBDescGet                           
00016275  USBDescGetInterface                  
000162a3  USBDescGetInterfaceEndpoint          
000160f5  USBDescGetNum                        
000161bb  USBDescGetNumAlternateInterfaces     
000065a3  USBDevAddrGet                        
00006581  USBDevAddrSet                        
00006539  USBDevConnect                        
0000655d  USBDevDisconnect                     
000069e7  USBDevEndpointConfigGet              
000068ad  USBDevEndpointConfigSet              
00006f01  USBDevEndpointDataAck                
000063c5  USBDevEndpointStall                  
0000646d  USBDevEndpointStallClear             
00006141  USBDevEndpointStatusClear            
00007d89  USBDevLPMConfig                      
00007dd3  USBDevLPMDisable                     
00007dad  USBDevLPMEnable                      
00007d63  USBDevLPMRemoteWake                  
00007769  USBDevMode                           
00005d87  USBDevSpeedGet                       
00014e83  USBDeviceConfig                      
000150af  USBDeviceConfigAlternate             
00009c1d  USBDeviceEnumHandler                 
00009d7d  USBDeviceEnumResetHandler            
0000a8f5  USBDeviceIntHandlerInternal          
00009b1d  USBDeviceResumeTickHandler           
0001333f  USBDualModeInit                      
000133bd  USBDualModeTerm                      
000076b5  USBEndpointDMAChannel                
00006c95  USBEndpointDMAConfigSet              
00006d67  USBEndpointDMADisable                
00006d2d  USBEndpointDMAEnable                 
00006da1  USBEndpointDataAvail                 
00006e2b  USBEndpointDataGet                   
00006ffd  USBEndpointDataPut                   
000070b7  USBEndpointDataSend                  
000062f9  USBEndpointDataToggleClear           
000077fd  USBEndpointPacketCountSet            
0000602d  USBEndpointStatus                    
0000767d  USBFIFOAddrGet                       
00006be9  USBFIFOConfigGet                     
00006b3d  USBFIFOConfigSet                     
0000715b  USBFIFOFlush                         
00007625  USBFrameNumberGet                    
00002b31  USBHCDControlTransfer                
00002ffd  USBHCDDevAddress                     
00003029  USBHCDDevClass                       
00002fd1  USBHCDDevHubPort                     
000030bd  USBHCDDevProtocol                    
00003071  USBHCDDevSubClass                    
00000429  USBHCDEventDisable                   
000003eb  USBHCDEventEnable                    
00003121  USBHCDFeatureSet                     
00002cb1  USBHCDHubDeviceConnected             
00002d75  USBHCDHubDeviceDisconnected          
000015b5  USBHCDInit                           
0000329d  USBHCDLPMResume                      
00003223  USBHCDLPMSleep                       
000031d9  USBHCDLPMStatus                      
00002711  USBHCDMain                           
000008c1  USBHCDPipeAlloc                      
0000060d  USBHCDPipeAllocSize                  
0000090d  USBHCDPipeConfig                     
00000e4f  USBHCDPipeDataAck                    
000010e1  USBHCDPipeFree                       
00000e85  USBHCDPipeRead                       
00000e05  USBHCDPipeReadNonBlocking            
00000ce1  USBHCDPipeSchedule                   
000005e7  USBHCDPipeTransferSizeGet            
00000ab1  USBHCDPipeWrite                      
0000154d  USBHCDPowerAutomatic                 
00001495  USBHCDPowerConfigGet                 
00001471  USBHCDPowerConfigInit                
000014bd  USBHCDPowerConfigSet                 
00001715  USBHCDRegisterDrivers                
00001801  USBHCDReset                          
00001879  USBHCDResume                         
00001abd  USBHCDSetAddress                     
00001bd5  USBHCDSetConfig                      
00001c2b  USBHCDSetInterface                   
00001a41  USBHCDStringDescriptorGet            
00001859  USBHCDSuspend                        
0000173d  USBHCDTerm                           
00012449  USBHHubClose                         
000123ed  USBHHubEnumerationComplete           
0001240f  USBHHubEnumerationError              
0001245d  USBHHubInit                          
0001248b  USBHHubLPMSleep                      
00012499  USBHHubLPMStatus                     
000121c1  USBHHubMain                          
00012431  USBHHubOpen                          
00005ccb  USBHighSpeed                         
000073a1  USBHostAddrGet                       
0000731d  USBHostAddrSet                       
00001c85  USBHostCheckPipes                    
000065c5  USBHostEndpointConfig                
00006f85  USBHostEndpointDataAck               
00006215  USBHostEndpointDataToggle            
00006379  USBHostEndpointPing                  
000067c5  USBHostEndpointSpeed                 
000060a5  USBHostEndpointStatusClear           
000074c5  USBHostHubAddrGet                    
00007415  USBHostHubAddrSet                    
00001d4d  USBHostIntHandlerInternal            
00007ce7  USBHostLPMConfig                     
00007d3d  USBHostLPMResume                     
00007c7b  USBHostLPMSend                       
00007749  USBHostMode                          
0000753d  USBHostPwrConfig                     
000075ff  USBHostPwrDisable                    
000075d9  USBHostPwrEnable                     
000075b3  USBHostPwrFaultDisable               
0000758d  USBHostPwrFaultEnable                
00007211  USBHostRequestIN                     
0000727f  USBHostRequestINClear                
000072f9  USBHostRequestStatus                 
00005c8f  USBHostReset                         
00005d07  USBHostResume                        
00005d43  USBHostSpeedGet                      
00005c6d  USBHostSuspend                       
00005dad  USBIntDisableControl                 
00005ed9  USBIntDisableEndpoint                
00005e25  USBIntEnableControl                  
00005f15  USBIntEnableEndpoint                 
00005fb5  USBIntRegister                       
00005e7f  USBIntStatusControl                  
00005f51  USBIntStatusEndpoint                 
00005ff3  USBIntUnregister                     
00007e23  USBLPMEndpointGet                    
00007ebb  USBLPMIntDisable                     
00007e93  USBLPMIntEnable                      
00007e75  USBLPMIntStatus                      
00007e01  USBLPMLinkStateGet                   
00007e4d  USBLPMRemoteWakeEnabled              
0000eb9d  USBLibDMAAddrGet                     
0000ebcd  USBLibDMAInit                        
0000ebb5  USBLibDMASizeGet                     
000077a9  USBModeConfig                        
00007693  USBModeGet                           
00007821  USBNumEndpointsGet                   
0001373d  USBOTGFeatureSet                     
0001369f  USBOTGMain                           
00007789  USBOTGMode                           
00013447  USBOTGModeInit                       
000133ff  USBOTGModeTerm                       
0001356d  USBOTGPollRate                       
00007641  USBOTGSessionRequest                 
000077cb  USBPHYPowerOff                       
000077e1  USBPHYPowerOn                        
00013ec3  USBRingBufAdvanceRead                
00013f19  USBRingBufAdvanceWrite               
00013da9  USBRingBufContigFree                 
00013d71  USBRingBufContigUsed                 
00013cb5  USBRingBufEmpty                      
00013ce7  USBRingBufFlush                      
00013d4d  USBRingBufFree                       
00013c73  USBRingBufFull                       
00014065  USBRingBufInit                       
00013e4d  USBRingBufRead                       
00013e07  USBRingBufReadOne                    
00013def  USBRingBufSize                       
00013d13  USBRingBufUsed                       
00013fef  USBRingBufWrite                      
00013fa9  USBRingBufWriteOne                   
000152bb  USBRxHandler                         
000153c9  USBSerialGetChar                     
0001531d  USBSerialInit                        
000153e1  USBSerialPutChar                     
00015435  USBSerialRead                        
00015479  USBSerialWrite                       
000132a9  USBStackModeSet                      
0001524b  USBTxHandler                         
00007ba1  USBULPIConfig                        
00007bcf  USBULPIDisable                       
00007bb7  USBULPIEnable                        
00007be7  USBULPIRegRead                       
00007c2d  USBULPIRegWrite                      
20006758  __STACK_END                          
00000200  __STACK_SIZE                         
20006758  __STACK_TOP                          
000189c8  __TI_CINIT_Base                      
000189e0  __TI_CINIT_Limit                     
000189ac  __TI_Handler_Table_Base              
000189b8  __TI_Handler_Table_Limit             
00017885  __TI_auto_init_nobinit_nopinit       
00017629  __TI_decompress_lzss                 
00017b5b  __TI_decompress_none                 
0001774b  __TI_ltoa                            
ffffffff  __TI_pprof_out_hndl                  
00011169  __TI_printfi                         
ffffffff  __TI_prof_data_size                  
ffffffff  __TI_prof_data_start                 
00000000  __TI_static_base__                   
00017b69  __TI_zero_init                       
00017363  __aeabi_cdcmpeq                      
00017363  __aeabi_cdcmple                      
000173e9  __aeabi_cdrcmple                     
0001783d  __aeabi_d2iz                         
000164a3  __aeabi_dadd                         
0001678d  __aeabi_ddiv                         
00016d45  __aeabi_dmul                         
00016499  __aeabi_dsub                         
00017b8d  __aeabi_errno_addr                   
00017a2d  __aeabi_i2d                          
00015bb3  __aeabi_idiv0                        
00015bb3  __aeabi_ldiv0                        
0001746f  __aeabi_memclr                       
0001746f  __aeabi_memclr4                      
0001746f  __aeabi_memclr8                      
00017231  __aeabi_memcpy                       
00017231  __aeabi_memcpy4                      
00017231  __aeabi_memcpy8                      
00017471  __aeabi_memset                       
00017471  __aeabi_memset4                      
00017471  __aeabi_memset8                      
000178c9  __aeabi_uidiv                        
000178c9  __aeabi_uidivmod                     
000172cd  __aeabi_uldivmod                     
ffffffff  __binit__                            
ffffffff  __c_args__                           
0001498d  __error__                            
UNDEFED   __mpu_init                           
20006558  __stack                              
20000000  __start___llvm_prf_cnts              
20000000  __stop___llvm_prf_cnts               
000179c5  _c_int00_noargs                      
00017f54  _ctypes_                             
20006524  _lock                                
00011bb7  _nop                                 
UNDEFED   _system_post_cinit                   
00017b9b  _system_pre_init                     
20006528  _unlock                              
00017b9f  abort                                
000177f1  atoi                                 
ffffffff  binit                                
000157c5  check_and_extract_message_param      
20006290  cola                                 
00017ac1  copysign                             
00017ac1  copysignl                            
00017559  create_checksum                      
00015733  create_frame                         
000157b7  decode_message_type                  
000156df  destuff_and_check_checksum           
0000376d  eTaskGetState                        
2000654c  errno                                
00017691  frexp                                
00017691  frexpl                               
20006500  g_bUSBTimerInitialized               
200062ac  g_eOTGModeState                      
20006518  g_iUSBMode                           
00018860  g_pCDCCompSerConfigDescriptors       
00018864  g_pCDCCompSerConfigDescriptorsHS     
20000000  g_pfnRAMVectors                      
20006178  g_pfnTickHandlers                    
00000000  g_pfnVectors                         
00018868  g_ppCDCSerConfigDescriptors          
0001886c  g_ppCDCSerConfigDescriptorsHS        
20006294  g_ppsDevInfo                         
00018720  g_ppui8StringDescriptors             
20006494  g_psCDCCompSerSections               
200064a4  g_psCDCCompSerSectionsHS             
200064c4  g_psCDCSerSections                   
200064d0  g_psCDCSerSectionsHS                 
20006310  g_psCmdTable                         
20006024  g_psDCDInst                          
000186b8  g_pui8CDCSerCommInterface            
00018738  g_pui8CDCSerDataInterface            
0001874f  g_pui8CDCSerDataInterfaceHS          
2000650c  g_pui8CDCSerDescriptor               
20006480  g_pui8CDCSerDeviceDescriptor         
0001859c  g_pui8ConfigString                   
00018668  g_pui8ControlInterfaceString         
2000652c  g_pui8IADSerDescriptor               
0001885c  g_pui8LangDescriptor                 
00018694  g_pui8ManufacturerString             
000186db  g_pui8ProductString                  
000187b8  g_pui8SerialNumberString             
20005d88  g_pui8USBRxBuffer                    
20005e88  g_pui8USBTxBuffer                    
20006190  g_pvTickInstance                     
0001880c  g_sCDCCompSerConfigHeader            
00018814  g_sCDCCompSerConfigHeaderHS          
200062b0  g_sCDCDevice                         
00018608  g_sCDCHandlers                       
0001881c  g_sCDCSerCommInterfaceSection        
00018824  g_sCDCSerConfigHeader                
0001882c  g_sCDCSerConfigHeaderHS              
00018834  g_sCDCSerConfigSection               
0001883c  g_sCDCSerDataInterfaceSection        
00018844  g_sCDCSerDataInterfaceSectionHS      
0001884c  g_sIADSerConfigSection               
200063a0  g_sRxBuffer                          
200063d8  g_sTxBuffer                          
20006298  g_ui32CPUUsage                       
20006504  g_ui32CurrentUSBTick                 
2000629c  g_ui32PollRate                       
200062a0  g_ui32SystemClock                    
20006508  g_ui32USBSOFCount                    
2000651c  g_ui32WaitTicks                      
200064b8  g_ulUARTRxCount                      
200064bc  g_ulUARTRxErrors                     
200064b4  g_ulUARTTxCount                      
000157f1  get_message_param_pointer            
000146db  initCommandLine                      
00016c35  ldexp                                
00016c35  ldexpl                               
00014c61  main                                 
00017aa5  memccpy                              
00017231  memcpy                               
00017477  memset                               
200062a4  mutexUART                            
200062a8  mutexUSB                             
0000cd31  pcQueueGetName                       
00003fc7  pcTaskGetName                        
00012709  pcTimerGetName                       
20006544  productosFabricados                  
000142a1  pvPortCalloc                         
000140b5  pvPortMalloc                         
0000522d  pvTaskIncrementMutexHeldCount        
00012b7f  pvTimerGetTimerID                    
20006364  pxCurrentTCB                         
00015bb5  pxPortInitialiseStack                
000179f9  rand                                 
0001581f  receive_frame                        
00016c35  scalbn                               
00016c35  scalbnl                              
000158a5  send_frame                           
00017909  sprintf                              
00017b0b  strchr                               
00017af3  strcmp                               
00017b21  strcpy                               
00017b35  strlen                               
0000ca33  ucQueueGetQueueType                  
00018854  ulMaxSyscallInterruptPriority        
00016f3d  ulPortGetIPSR                        
00005249  ulTaskGenericNotifyTake              
00005a21  ulTaskGenericNotifyValueClear        
000169a5  uxListRemove                         
0000ca13  uxQueueGetQueueNumber                
0000c977  uxQueueMessagesWaiting               
0000c9cf  uxQueueMessagesWaitingFromISR        
0000c9a1  uxQueueSpacesAvailable               
00003fc1  uxTaskGetNumberOfTasks               
00004baf  uxTaskGetStackHighWaterMark          
00004015  uxTaskGetSystemState                 
00004915  uxTaskGetTaskNumber                  
00003841  uxTaskPriorityGet                    
00003869  uxTaskPriorityGetFromISR             
00005207  uxTaskResetEventItemValue            
000126dd  uxTimerGetReloadMode                 
00012c51  uxTimerGetTimerNumber                
00018870  uxTopUsedPriority                    
000149c1  vApplicationIdleHook                 
000149c9  vApplicationMallocFailedHook         
00014997  vApplicationStackOverflowHook        
000149a1  vApplicationTickHook                 
000175c1  vConfigureTimerForRunTimeStats       
000168c3  vListInitialise                      
000168f3  vListInitialiseItem                  
0001693f  vListInsert                          
00016903  vListInsertEnd                       
00016ff9  vPortEnableVFP                       
00015ced  vPortEndScheduler                    
00015d0d  vPortEnterCritical                   
00015d4b  vPortExitCritical                    
00014203  vPortFree                            
00014465  vPortGetHeapStats                    
0001429f  vPortInitialiseBlocks                
00016fb5  vPortSVCHandler                      
00015d99  vPortSetupTimerInterrupt             
00016fd5  vPortStartFirstTask                  
00015dc5  vPortValidateInterruptPriority       
0000ccb3  vQueueAddToRegistry                  
0000c9ef  vQueueDelete                         
0000ca21  vQueueSetQueueNumber                 
0000cd7b  vQueueUnregisterQueue                
0000cdc9  vQueueWaitForMessageRestricted       
00003715  vTaskDelay                           
0000354d  vTaskDelete                          
00003dc1  vTaskEndScheduler                    
00005819  vTaskGenericNotifyGiveFromISR        
00004a29  vTaskGetInfo                         
0000512f  vTaskGetRunTimeStats                 
00004845  vTaskInternalSetTimeOutState         
0000501d  vTaskList                            
0000490d  vTaskMissedYield                     
00004441  vTaskPlaceOnEventList                
000044fd  vTaskPlaceOnEventListRestricted      
0000446b  vTaskPlaceOnUnorderedEventList       
00004e95  vTaskPriorityDisinheritAfterTimeout  
000038b1  vTaskPrioritySet                     
000046e1  vTaskRemoveFromUnorderedEventList    
00003b79  vTaskResume                          
0000493d  vTaskSetTaskNumber                   
00004819  vTaskSetTimeOutState                 
00003d4d  vTaskStartScheduler                  
00003a29  vTaskSuspend                         
00003ddd  vTaskSuspendAll                      
00004341  vTaskSwitchContext                   
00012663  vTimerSetReloadMode                  
00012ba7  vTimerSetTimerID                     
00012c5f  vTimerSetTimerNumber                 
00017b49  wcslen                               
00014293  xPortGetFreeHeapSize                 
00014299  xPortGetMinimumEverFreeHeapSize      
00016f55  xPortPendSVHandler                   
00015c3b  xPortStartScheduler                  
00015d73  xPortSysTickHandler                  
0000bf4b  xQueueCreateMutex                    
0000be61  xQueueGenericCreate                  
0000bd6d  xQueueGenericReset                   
0000bf77  xQueueGenericSend                    
0000c139  xQueueGenericSendFromISR             
0000c259  xQueueGiveFromISR                    
0000cc33  xQueueIsQueueEmptyFromISR            
0000cc83  xQueueIsQueueFullFromISR             
0000c679  xQueuePeek                           
0000c8dd  xQueuePeekFromISR                    
0000c369  xQueueReceive                        
0000c7e9  xQueueReceiveFromISR                 
20006074  xQueueRegistry                       
0000c4cf  xQueueSemaphoreTake                  
000040f1  xTaskCatchUpTicks                    
00004869  xTaskCheckForTimeOut                 
000032f1  xTaskCreate                          
00003639  xTaskDelayUntil                      
00005405  xTaskGenericNotify                   
000055d9  xTaskGenericNotifyFromISR            
000059bd  xTaskGenericNotifyStateClear         
0000530d  xTaskGenericNotifyWait               
00004c1d  xTaskGetCurrentTaskHandle            
00004c3d  xTaskGetSchedulerState               
00003f9d  xTaskGetTickCount                    
00003fad  xTaskGetTickCountFromISR             
00004145  xTaskIncrementTick                   
00004d8f  xTaskPriorityDisinherit              
00004c7d  xTaskPriorityInherit                 
00004581  xTaskRemoveFromEventList             
00003df1  xTaskResumeAll                       
00003c55  xTaskResumeFromISR                   
00012517  xTimerCreate                         
000124dd  xTimerCreateTimerTask                
000125af  xTimerGenericCommand                 
000126e9  xTimerGetExpiryTime                  
00012647  xTimerGetPeriod                      
000126a7  xTimerGetReloadMode                  
00012629  xTimerGetTimerDaemonTaskHandle       
00012b49  xTimerIsTimerActive                  
00012c0b  xTimerPendFunctionCall               
00012bd5  xTimerPendFunctionCallFromISR        


GLOBAL SYMBOLS: SORTED BY Symbol Address 

address   name                                 
-------   ----                                 
00000000  __TI_static_base__                   
00000000  g_pfnVectors                         
00000200  __STACK_SIZE                         
0000026d  ConfigDescAlloc                      
00000303  ConfigDescFree                       
000003eb  USBHCDEventEnable                    
00000429  USBHCDEventDisable                   
000005e7  USBHCDPipeTransferSizeGet            
0000060d  USBHCDPipeAllocSize                  
000008c1  USBHCDPipeAlloc                      
0000090d  USBHCDPipeConfig                     
00000ab1  USBHCDPipeWrite                      
00000ce1  USBHCDPipeSchedule                   
00000e05  USBHCDPipeReadNonBlocking            
00000e4f  USBHCDPipeDataAck                    
00000e85  USBHCDPipeRead                       
000010e1  USBHCDPipeFree                       
00001471  USBHCDPowerConfigInit                
00001495  USBHCDPowerConfigGet                 
000014bd  USBHCDPowerConfigSet                 
0000154d  USBHCDPowerAutomatic                 
000015b5  USBHCDInit                           
00001715  USBHCDRegisterDrivers                
0000173d  USBHCDTerm                           
00001801  USBHCDReset                          
00001859  USBHCDSuspend                        
00001879  USBHCDResume                         
00001a41  USBHCDStringDescriptorGet            
00001abd  USBHCDSetAddress                     
00001bd5  USBHCDSetConfig                      
00001c2b  USBHCDSetInterface                   
00001c85  USBHostCheckPipes                    
00001d4d  USBHostIntHandlerInternal            
000024b7  USB0HostIntHandler                   
000025c1  InternalUSBHCDSendEvent              
00002711  USBHCDMain                           
00002b31  USBHCDControlTransfer                
00002cb1  USBHCDHubDeviceConnected             
00002d75  USBHCDHubDeviceDisconnected          
00002fd1  USBHCDDevHubPort                     
00002ffd  USBHCDDevAddress                     
00003029  USBHCDDevClass                       
00003071  USBHCDDevSubClass                    
000030bd  USBHCDDevProtocol                    
00003121  USBHCDFeatureSet                     
000031d9  USBHCDLPMStatus                      
00003223  USBHCDLPMSleep                       
0000329d  USBHCDLPMResume                      
000032f1  xTaskCreate                          
0000354d  vTaskDelete                          
00003639  xTaskDelayUntil                      
00003715  vTaskDelay                           
0000376d  eTaskGetState                        
00003841  uxTaskPriorityGet                    
00003869  uxTaskPriorityGetFromISR             
000038b1  vTaskPrioritySet                     
00003a29  vTaskSuspend                         
00003b79  vTaskResume                          
00003c55  xTaskResumeFromISR                   
00003d4d  vTaskStartScheduler                  
00003dc1  vTaskEndScheduler                    
00003ddd  vTaskSuspendAll                      
00003df1  xTaskResumeAll                       
00003f9d  xTaskGetTickCount                    
00003fad  xTaskGetTickCountFromISR             
00003fc1  uxTaskGetNumberOfTasks               
00003fc7  pcTaskGetName                        
00004015  uxTaskGetSystemState                 
000040f1  xTaskCatchUpTicks                    
00004145  xTaskIncrementTick                   
00004341  vTaskSwitchContext                   
00004441  vTaskPlaceOnEventList                
0000446b  vTaskPlaceOnUnorderedEventList       
000044fd  vTaskPlaceOnEventListRestricted      
00004581  xTaskRemoveFromEventList             
000046e1  vTaskRemoveFromUnorderedEventList    
00004819  vTaskSetTimeOutState                 
00004845  vTaskInternalSetTimeOutState         
00004869  xTaskCheckForTimeOut                 
0000490d  vTaskMissedYield                     
00004915  uxTaskGetTaskNumber                  
0000493d  vTaskSetTaskNumber                   
00004a29  vTaskGetInfo                         
00004baf  uxTaskGetStackHighWaterMark          
00004c1d  xTaskGetCurrentTaskHandle            
00004c3d  xTaskGetSchedulerState               
00004c7d  xTaskPriorityInherit                 
00004d8f  xTaskPriorityDisinherit              
00004e95  vTaskPriorityDisinheritAfterTimeout  
0000501d  vTaskList                            
0000512f  vTaskGetRunTimeStats                 
00005207  uxTaskResetEventItemValue            
0000522d  pvTaskIncrementMutexHeldCount        
00005249  ulTaskGenericNotifyTake              
0000530d  xTaskGenericNotifyWait               
00005405  xTaskGenericNotify                   
000055d9  xTaskGenericNotifyFromISR            
00005819  vTaskGenericNotifyGiveFromISR        
000059bd  xTaskGenericNotifyStateClear         
00005a21  ulTaskGenericNotifyValueClear        
00005c6d  USBHostSuspend                       
00005c8f  USBHostReset                         
00005ccb  USBHighSpeed                         
00005d07  USBHostResume                        
00005d43  USBHostSpeedGet                      
00005d87  USBDevSpeedGet                       
00005dad  USBIntDisableControl                 
00005e25  USBIntEnableControl                  
00005e7f  USBIntStatusControl                  
00005ed9  USBIntDisableEndpoint                
00005f15  USBIntEnableEndpoint                 
00005f51  USBIntStatusEndpoint                 
00005fb5  USBIntRegister                       
00005ff3  USBIntUnregister                     
0000602d  USBEndpointStatus                    
000060a5  USBHostEndpointStatusClear           
00006141  USBDevEndpointStatusClear            
00006215  USBHostEndpointDataToggle            
000062f9  USBEndpointDataToggleClear           
00006379  USBHostEndpointPing                  
000063c5  USBDevEndpointStall                  
0000646d  USBDevEndpointStallClear             
00006539  USBDevConnect                        
0000655d  USBDevDisconnect                     
00006581  USBDevAddrSet                        
000065a3  USBDevAddrGet                        
000065c5  USBHostEndpointConfig                
000067c5  USBHostEndpointSpeed                 
000068ad  USBDevEndpointConfigSet              
000069e7  USBDevEndpointConfigGet              
00006b3d  USBFIFOConfigSet                     
00006be9  USBFIFOConfigGet                     
00006c95  USBEndpointDMAConfigSet              
00006d2d  USBEndpointDMAEnable                 
00006d67  USBEndpointDMADisable                
00006da1  USBEndpointDataAvail                 
00006e2b  USBEndpointDataGet                   
00006f01  USBDevEndpointDataAck                
00006f85  USBHostEndpointDataAck               
00006ffd  USBEndpointDataPut                   
000070b7  USBEndpointDataSend                  
0000715b  USBFIFOFlush                         
00007211  USBHostRequestIN                     
0000727f  USBHostRequestINClear                
000072f9  USBHostRequestStatus                 
0000731d  USBHostAddrSet                       
000073a1  USBHostAddrGet                       
00007415  USBHostHubAddrSet                    
000074c5  USBHostHubAddrGet                    
0000753d  USBHostPwrConfig                     
0000758d  USBHostPwrFaultEnable                
000075b3  USBHostPwrFaultDisable               
000075d9  USBHostPwrEnable                     
000075ff  USBHostPwrDisable                    
00007625  USBFrameNumberGet                    
00007641  USBOTGSessionRequest                 
0000767d  USBFIFOAddrGet                       
00007693  USBModeGet                           
000076b5  USBEndpointDMAChannel                
00007749  USBHostMode                          
00007769  USBDevMode                           
00007789  USBOTGMode                           
000077a9  USBModeConfig                        
000077cb  USBPHYPowerOff                       
000077e1  USBPHYPowerOn                        
000077fd  USBEndpointPacketCountSet            
00007821  USBNumEndpointsGet                   
00007839  USBControllerVersion                 
00007851  USBClockEnable                       
0000787b  USBClockDisable                      
0000789b  USBDMAChannelIntEnable               
000078d9  USBDMAChannelIntDisable              
00007917  USBDMAChannelIntStatus               
00007935  USBDMAChannelEnable                  
00007973  USBDMAChannelDisable                 
000079b1  USBDMAChannelConfigSet               
00007a17  USBDMAChannelStatus                  
00007a51  USBDMAChannelStatusClear             
00007a99  USBDMAChannelAddressSet              
00007ad3  USBDMAChannelAddressGet              
00007b11  USBDMAChannelCountSet                
00007b4b  USBDMAChannelCountGet                
00007b81  USBDMANumChannels                    
00007ba1  USBULPIConfig                        
00007bb7  USBULPIEnable                        
00007bcf  USBULPIDisable                       
00007be7  USBULPIRegRead                       
00007c2d  USBULPIRegWrite                      
00007c7b  USBHostLPMSend                       
00007ce7  USBHostLPMConfig                     
00007d3d  USBHostLPMResume                     
00007d63  USBDevLPMRemoteWake                  
00007d89  USBDevLPMConfig                      
00007dad  USBDevLPMEnable                      
00007dd3  USBDevLPMDisable                     
00007e01  USBLPMLinkStateGet                   
00007e23  USBLPMEndpointGet                    
00007e4d  USBLPMRemoteWakeEnabled              
00007e75  USBLPMIntStatus                      
00007e93  USBLPMIntEnable                      
00007ebb  USBLPMIntDisable                     
0000827b  SysCtlSRAMSizeGet                    
00008285  SysCtlFlashSizeGet                   
000082b1  SysCtlFlashSectorSizeGet             
0000831d  SysCtlPeripheralPresent              
000083a9  SysCtlPeripheralReady                
00008431  SysCtlPeripheralPowerOn              
000084b5  SysCtlPeripheralPowerOff             
00008561  SysCtlPeripheralReset                
00008601  SysCtlPeripheralEnable               
0000866d  SysCtlPeripheralDisable              
000086bb  SysCtlPeripheralSleepEnable          
0000870d  SysCtlPeripheralSleepDisable         
00008761  SysCtlPeripheralDeepSleepEnable      
000087af  SysCtlPeripheralDeepSleepDisable     
000087fd  SysCtlPeripheralClockGating          
00008851  SysCtlIntRegister                    
00008865  SysCtlIntUnregister                  
00008875  SysCtlIntEnable                      
00008889  SysCtlIntDisable                     
000088a1  SysCtlIntClear                       
000088b1  SysCtlIntStatus                      
000088cd  SysCtlLDOSleepSet                    
0000891b  SysCtlLDOSleepGet                    
00008925  SysCtlLDODeepSleepSet                
00008973  SysCtlLDODeepSleepGet                
0000897d  SysCtlSleepPowerSet                  
0000898d  SysCtlDeepSleepPowerSet              
0000899d  SysCtlReset                          
000089a5  SysCtlSleep                          
000089ad  SysCtlDeepSleep                      
000089c9  SysCtlResetCauseGet                  
000089d5  SysCtlResetCauseClear                
000089e9  SysCtlMOSCConfigSet                  
000089f9  SysCtlPIOSCCalibrate                 
00008a49  SysCtlResetBehaviorSet               
00008a59  SysCtlResetBehaviorGet               
00008ac5  SysCtlClockFreqSet                   
00008dcd  SysCtlClockSet                       
00008fa5  SysCtlClockGet                       
00009161  SysCtlDeepSleepClockSet              
0000917d  SysCtlDeepSleepClockConfigSet        
00009229  SysCtlPWMClockSet                    
00009299  SysCtlPWMClockGet                    
000092cd  SysCtlGPIOAHBEnable                  
00009351  SysCtlGPIOAHBDisable                 
000093bb  SysCtlUSBPLLEnable                   
000093c7  SysCtlUSBPLLDisable                  
000093d3  SysCtlVoltageEventConfig             
000093e3  SysCtlVoltageEventStatus             
000093e9  SysCtlVoltageEventClear              
00009401  SysCtlVCOGet                         
000094ad  SysCtlNMIStatus                      
000094b3  SysCtlNMIClear                       
000094c7  SysCtlClockOutConfig                 
000094ff  SysCtlAltClkConfig                   
00009575  USBDCDDeviceInfoInit                 
000095d9  USBDCDInit                           
000097d7  USBDCDTerm                           
0000986d  USBDCDRequestDataEP0                 
000098d9  USBDCDSendDataEP0                    
00009915  USBDCDSetDefaultConfiguration        
00009931  USBDCDStallEP0                       
00009971  USBDCDPowerStatusSet                 
000099d1  USBDCDFeatureSet                     
00009a83  USBDCDFeatureGet                     
00009abd  USBDCDRemoteWakeLPM                  
00009ad7  USBDCDRemoteWakeupRequest            
00009b1d  USBDeviceResumeTickHandler           
00009c1d  USBDeviceEnumHandler                 
00009d7d  USBDeviceEnumResetHandler            
0000a8f5  USBDeviceIntHandlerInternal          
0000ac3d  GPIODirModeSet                       
0000acc1  GPIODirModeGet                       
0000ad95  GPIOIntTypeSet                       
0000aee5  GPIOIntTypeGet                       
0000af89  GPIOPadConfigSet                     
0000b27d  GPIOPadConfigGet                     
0000b411  GPIOIntEnable                        
0000b439  GPIOIntDisable                       
0000b461  GPIOIntStatus                        
0000b491  GPIOIntClear                         
0000b4b3  GPIOIntRegister                      
0000b4f1  GPIOIntUnregister                    
0000b531  GPIOIntRegisterPin                   
0000b5a9  GPIOIntUnregisterPin                 
0000b5fb  GPIOPinRead                          
[...]
0000cd31  pcQueueGetName                       
0000cd7b  vQueueUnregisterQueue                
0000cdc9  vQueueWaitForMessageRestricted       
0000d079  ProcessDataFromHost                  
0000d127  ProcessNotificationToHost            
0000d189  ProcessDataToHost                    
0000d893  USBDCDCCompositeInit                 
0000da11  USBDCDCInit                          
0000da7f  USBDCDCTerm                          
0000daa5  USBDCDCSetControlCBData              
0000dad3  USBDCDCSetRxCBData                   
0000db05  USBDCDCSetTxCBData                   
0000db49  USBDCDCPacketWrite                   
0000dc01  USBDCDCPacketRead                    
0000dce9  USBDCDCTxPacketAvailable             
0000dd13  USBDCDCRxPacketAvailable             
0000dd7d  USBDCDCSerialStateChange             
0000ddc3  USBDCDCPowerStatusSet                
0000dde5  USBDCDCRemoteWakeupRequest           
0000eb9d  USBLibDMAAddrGet                     
0000ebb5  USBLibDMASizeGet                     
0000ebcd  USBLibDMAInit                        
0000eea7  TimerEnable                          
0000eef1  TimerDisable                         
0000ef7d  TimerConfigure                       
0000f151  TimerControlLevel                    
0000f1d1  TimerControlTrigger                  
0000f275  TimerControlEvent                    
0000f2d3  TimerControlStall                    
0000f33d  TimerControlWaitOnTrigger            
0000f3cd  TimerRTCEnable                       
0000f3f1  TimerRTCDisable                      
0000f415  TimerClockSourceSet                  
0000f451  TimerClockSourceGet                  
0000f47d  TimerPrescaleSet                     
0000f4e7  TimerPrescaleGet                     
0000f533  TimerPrescaleMatchSet                
0000f59d  TimerPrescaleMatchGet                
0000f5e9  TimerLoadSet                         
0000f643  TimerLoadGet                         
0000f685  TimerLoadSet64                       
0000f6b1  TimerLoadGet64                       
0000f6f7  TimerValueGet                        
0000f739  TimerValueGet64                      
0000f77f  TimerMatchSet                        
0000f7d9  TimerMatchGet                        
0000f81b  TimerMatchSet64                      
0000f843  TimerMatchGet64                      
0000f889  TimerIntRegister                     
0000f8f3  TimerIntUnregister                   
0000f949  TimerIntEnable                       
0000f96f  TimerIntDisable                      
0000f995  TimerIntStatus                       
0000f9c1  TimerIntClear                        
0000f9e1  TimerSynchronize                     
0000fa01  TimerADCEventSet                     
0000fa21  TimerADCEventGet                     
0000fa3d  TimerDMAEventSet                     
0000fa5d  TimerDMAEventGet                     
0000fa79  TimerUpdateMode                      
0000fb2f  UARTStdioConfig                      
0000fc5b  UARTwrite                            
0000fd25  UARTgets                             
00010185  UARTgetc                             
000101ad  UARTvprintf                          
000104bf  UARTprintf                           
000104e3  UARTRxBytesAvail                     
000104ef  UARTTxBytesFree                      
000104fb  UARTFlushRx                          
00010509  UARTFlushTx                          
0001052f  UARTEchoSet                          
00010557  UARTStdioIntHandler                  
0001070f  UARTParityModeSet                    
0001075b  UARTParityModeGet                    
00010779  UARTFIFOLevelSet                     
000107eb  UARTFIFOLevelGet                     
00010827  UARTConfigSetExpClk                  
00010905  UARTConfigGetExpClk                  
00010965  UARTEnable                           
000109ad  UARTDisable                          
000109e5  UARTFIFOEnable                       
00010a09  UARTFIFODisable                      
00010a2d  UARTEnableSIR                        
00010a69  UARTDisableSIR                       
00010a8d  UARTSmartCardEnable                  
00010acd  UARTSmartCardDisable                 
00010af1  UARTModemControlSet                  
00010b55  UARTModemControlClear                
00010bb9  UARTModemControlGet                  
00010bf9  UARTModemStatusGet                   
00010c3b  UARTFlowControlSet                   
00010c81  UARTFlowControlGet                   
00010ca1  UARTTxIntModeSet                     
00010cdf  UARTTxIntModeGet                     
00010cff  UARTCharsAvail                       
00010d2b  UARTSpaceAvail                       
00010d57  UARTCharGetNonBlocking               
00010d95  UARTCharGet                          
00010db9  UARTCharPutNonBlocking               
00010deb  UARTCharPut                          
00010e17  UARTBreakCtl                         
00010e4f  UARTBusy                             
00010e7b  UARTIntRegister                      
00010eb9  UARTIntUnregister                    
00010ef9  UARTIntEnable                        
00010f1f  UARTIntDisable                       
00010f45  UARTIntStatus                        
00010f71  UARTIntClear                         
00010f91  UARTDMAEnable                        
00010fb7  UARTDMADisable                       
00010fdd  UARTRxErrorGet                       
00010ffd  UARTRxErrorClear                     
0001101b  UARTClockSourceSet                   
00011051  UARTClockSourceGet                   
0001106f  UART9BitEnable                       
00011093  UART9BitDisable                      
000110b7  UART9BitAddrSet                      
000110eb  UART9BitAddrSend                     
00011141  UARTLoopbackEnable                   
00011169  __TI_printfi                         
00011bb7  _nop                                 
000121c1  USBHHubMain                          
000123ed  USBHHubEnumerationComplete           
0001240f  USBHHubEnumerationError              
00012431  USBHHubOpen                          
00012449  USBHHubClose                         
0001245d  USBHHubInit                          
0001248b  USBHHubLPMSleep                      
00012499  USBHHubLPMStatus                     
000124dd  xTimerCreateTimerTask                
00012517  xTimerCreate                         
000125af  xTimerGenericCommand                 
00012629  xTimerGetTimerDaemonTaskHandle       
00012647  xTimerGetPeriod                      
00012663  vTimerSetReloadMode                  
000126a7  xTimerGetReloadMode                  
000126dd  uxTimerGetReloadMode                 
000126e9  xTimerGetExpiryTime                  
00012709  pcTimerGetName                       
00012b49  xTimerIsTimerActive                  
00012b7f  pvTimerGetTimerID                    
00012ba7  vTimerSetTimerID                     
00012bd5  xTimerPendFunctionCallFromISR        
00012c0b  xTimerPendFunctionCall               
00012c51  uxTimerGetTimerNumber                
00012c5f  vTimerSetTimerNumber                 
00012f3f  USBBufferInit                        
00012f89  USBBufferZeroLengthPacketInsert      
00012fc3  USBBufferInfoGet                     
00012ffd  USBBufferDataWritten                 
0001302b  USBBufferDataRemoved                 
00013053  USBBufferCallbackDataSet             
0001306d  USBBufferWrite                       
000130d5  USBBufferFlush                       
000130f5  USBBufferRead                        
00013149  USBBufferDataAvailable               
00013169  USBBufferSpaceAvailable              
00013189  USBBufferEventCallback               
000132a9  USBStackModeSet                      
000132f3  USB0DualModeIntHandler               
0001333f  USBDualModeInit                      
000133bd  USBDualModeTerm                      
000133ff  USBOTGModeTerm                       
00013447  USBOTGModeInit                       
0001356d  USBOTGPollRate                       
0001359d  USB0OTGModeIntHandler                
00013685  OTGDeviceDisconnect                  
0001369f  USBOTGMain                           
0001373d  USBOTGFeatureSet                     
0001379b  IntMasterEnable                      
000137ab  IntMasterDisable                     
000137bb  IntRegister                          
00013831  IntUnregister                        
00013851  IntPriorityGroupingSet               
00013877  IntPriorityGroupingGet               
000138af  IntPrioritySet                       
00013911  IntPriorityGet                       
00013947  IntEnable                            
000139c5  IntDisable                           
00013a4d  IntIsEnabled                         
00013b01  IntPendSet                           
00013b71  IntPendClear                         
00013bcb  IntPriorityMaskSet                   
00013bd7  IntPriorityMaskGet                   
00013bdf  IntTrigger                           
00013c73  USBRingBufFull                       
00013cb5  USBRingBufEmpty                      
00013ce7  USBRingBufFlush                      
00013d13  USBRingBufUsed                       
00013d4d  USBRingBufFree                       
00013d71  USBRingBufContigUsed                 
00013da9  USBRingBufContigFree                 
00013def  USBRingBufSize                       
00013e07  USBRingBufReadOne                    
00013e4d  USBRingBufRead                       
00013ec3  USBRingBufAdvanceRead                
00013f19  USBRingBufAdvanceWrite               
00013fa9  USBRingBufWriteOne                   
00013fef  USBRingBufWrite                      
00014065  USBRingBufInit                       
000140b5  pvPortMalloc                         
00014203  vPortFree                            
00014293  xPortGetFreeHeapSize                 
00014299  xPortGetMinimumEverFreeHeapSize      
0001429f  vPortInitialiseBlocks                
000142a1  pvPortCalloc                         
00014465  vPortGetHeapStats                    
000146db  initCommandLine                      
0001498d  __error__                            
00014997  vApplicationStackOverflowHook        
000149a1  vApplicationTickHook                 
000149c1  vApplicationIdleHook                 
000149c9  vApplicationMallocFailedHook         
00014c61  main                                 
00014e83  USBDeviceConfig                      
000150af  USBDeviceConfigAlternate             
000151bd  USBControlHandler                    
0001524b  USBTxHandler                         
000152bb  USBRxHandler                         
0001531d  USBSerialInit                        
000153c9  USBSerialGetChar                     
000153e1  USBSerialPutChar                     
00015435  USBSerialRead                        
00015479  USBSerialWrite                       
000156df  destuff_and_check_checksum           
00015733  create_frame                         
000157b7  decode_message_type                  
000157c5  check_and_extract_message_param      
000157f1  get_message_param_pointer            
0001581f  receive_frame                        
000158a5  send_frame                           
000159a7  USBDCDConfigDescGetSize              
000159df  USBDCDConfigDescGetNum               
00015a2d  USBDCDConfigDescGet                  
00015abb  USBDCDConfigGetNumAlternateInterfaces
00015b0f  USBDCDConfigGetInterface             
00015b45  USBDCDConfigGetInterfaceEndpoint     
00015bb3  __aeabi_idiv0                        
00015bb3  __aeabi_ldiv0                        
00015bb5  pxPortInitialiseStack                
00015c3b  xPortStartScheduler                  
00015ced  vPortEndScheduler                    
00015d0d  vPortEnterCritical                   
00015d4b  vPortExitCritical                    
00015d73  xPortSysTickHandler                  
00015d99  vPortSetupTimerInterrupt             
00015dc5  vPortValidateInterruptPriority       
000160f5  USBDescGetNum                        
00016151  USBDescGet                           
000161bb  USBDescGetNumAlternateInterfaces     
00016275  USBDescGetInterface                  
000162a3  USBDescGetInterfaceEndpoint          
00016499  __aeabi_dsub                         
000164a3  __aeabi_dadd                         
0001678d  __aeabi_ddiv                         
000168c3  vListInitialise                      
000168f3  vListInitialiseItem                  
00016903  vListInsertEnd                       
0001693f  vListInsert                          
000169a5  uxListRemove                         
000169ed  CPUUsageTick                         
00016a2b  CPUUsageInit                         
00016c35  ldexp                                
00016c35  ldexpl                               
00016c35  scalbn                               
00016c35  scalbnl                              
00016d45  __aeabi_dmul                         
00016e41  InternalUSBTickInit                  
00016e7f  InternalUSBTickReset                 
00016e87  InternalUSBRegisterTickHandler       
00016ed7  InternalUSBStartOfFrameTick          
00016f3d  ulPortGetIPSR                        
00016f55  xPortPendSVHandler                   
00016fb5  vPortSVCHandler                      
00016fd5  vPortStartFirstTask                  
00016ff9  vPortEnableVFP                       
00017007  ULPIConfigSet                        
000170a9  ULPIPowerTransceiver                 
00017185  CmdLineProcess                       
00017231  __aeabi_memcpy                       
00017231  __aeabi_memcpy4                      
00017231  __aeabi_memcpy8                      
00017231  memcpy                               
000172cd  __aeabi_uldivmod                     
00017363  __aeabi_cdcmpeq                      
00017363  __aeabi_cdcmple                      
000173e9  __aeabi_cdrcmple                     
0001746f  __aeabi_memclr                       
0001746f  __aeabi_memclr4                      
0001746f  __aeabi_memclr8                      
00017471  __aeabi_memset                       
00017471  __aeabi_memset4                      
00017471  __aeabi_memset8                      
00017477  memset                               
00017559  create_checksum                      
000175c1  vConfigureTimerForRunTimeStats       
00017629  __TI_decompress_lzss                 
00017691  frexp                                
00017691  frexpl                               
0001774b  __TI_ltoa                            
000177f1  atoi                                 
0001783d  __aeabi_d2iz                         
00017885  __TI_auto_init_nobinit_nopinit       
000178c9  __aeabi_uidiv                        
000178c9  __aeabi_uidivmod                     
00017909  sprintf                              
00017987  CPUcpsid                             
00017993  CPUprimask                           
0001799d  CPUcpsie                             
000179a9  CPUwfi                               
000179ad  CPUbasepriSet                        
000179bb  CPUbasepriGet                        
000179c5  _c_int00_noargs                      
000179f9  rand                                 
00017a2d  __aeabi_i2d                          
00017a5d  GetOverflowCounts                    
00017a81  USB0DeviceIntHandler                 
00017aa5  memccpy                              
00017ac1  copysign                             
00017ac1  copysignl                            
00017af3  strcmp                               
00017b0b  strchr                               
00017b21  strcpy                               
00017b35  strlen                               
00017b49  wcslen                               
00017b5b  __TI_decompress_none                 
00017b69  __TI_zero_init                       
00017b75  ResetISR                             
00017b8d  __aeabi_errno_addr                   
00017b95  SysCtlDelay                          
00017b9b  _system_pre_init                     
00017b9f  C$$EXIT                              
00017b9f  abort                                
00017f54  _ctypes_                             
0001859c  g_pui8ConfigString                   
00018608  g_sCDCHandlers                       
00018668  g_pui8ControlInterfaceString         
00018694  g_pui8ManufacturerString             
000186b8  g_pui8CDCSerCommInterface            
000186db  g_pui8ProductString                  
00018720  g_ppui8StringDescriptors             
00018738  g_pui8CDCSerDataInterface            
0001874f  g_pui8CDCSerDataInterfaceHS          
000187b8  g_pui8SerialNumberString             
0001880c  g_sCDCCompSerConfigHeader            
00018814  g_sCDCCompSerConfigHeaderHS          
0001881c  g_sCDCSerCommInterfaceSection        
00018824  g_sCDCSerConfigHeader                
0001882c  g_sCDCSerConfigHeaderHS              
00018834  g_sCDCSerConfigSection               
0001883c  g_sCDCSerDataInterfaceSection        
00018844  g_sCDCSerDataInterfaceSectionHS      
0001884c  g_sIADSerConfigSection               
00018854  ulMaxSyscallInterruptPriority        
0001885c  g_pui8LangDescriptor                 
00018860  g_pCDCCompSerConfigDescriptors       
00018864  g_pCDCCompSerConfigDescriptorsHS     
00018868  g_ppCDCSerConfigDescriptors          
0001886c  g_ppCDCSerConfigDescriptorsHS        
00018870  uxTopUsedPriority                    
000189ac  __TI_Handler_Table_Base              
000189b8  __TI_Handler_Table_Limit             
000189c8  __TI_CINIT_Base                      
000189e0  __TI_CINIT_Limit                     
20000000  __start___llvm_prf_cnts              
20000000  __stop___llvm_prf_cnts               
20000000  g_pfnRAMVectors                      
20005d88  g_pui8USBRxBuffer                    
20005e88  g_pui8USBTxBuffer                    
20006024  g_psDCDInst                          
20006074  xQueueRegistry                       
20006178  g_pfnTickHandlers                    
20006190  g_pvTickInstance                     
20006290  cola                                 
20006294  g_ppsDevInfo                         
20006298  g_ui32CPUUsage                       
2000629c  g_ui32PollRate                       
200062a0  g_ui32SystemClock                    
200062a4  mutexUART                            
200062a8  mutexUSB                             
200062ac  g_eOTGModeState                      
200062b0  g_sCDCDevice                         
20006310  g_psCmdTable                         
20006364  pxCurrentTCB                         
200063a0  g_sRxBuffer                          
200063d8  g_sTxBuffer                          
20006480  g_pui8CDCSerDeviceDescriptor         
20006494  g_psCDCCompSerSections               
200064a4  g_psCDCCompSerSectionsHS             
200064b4  g_ulUARTTxCount                      
200064b8  g_ulUARTRxCount                      
200064bc  g_ulUARTRxErrors                     
200064c4  g_psCDCSerSections                   
200064d0  g_psCDCSerSectionsHS                 
20006500  g_bUSBTimerInitialized               
20006504  g_ui32CurrentUSBTick                 
20006508  g_ui32USBSOFCount                    
2000650c  g_pui8CDCSerDescriptor               
20006518  g_iUSBMode                           
2000651c  g_ui32WaitTicks                      
20006524  _lock                                
20006528  _unlock                              
2000652c  g_pui8IADSerDescriptor               
20006544  productosFabricados                  
2000654c  errno                                
20006558  __stack                              
20006758  __STACK_END                          
20006758  __STACK_TOP                          
ffffffff  __TI_pprof_out_hndl                  
ffffffff  __TI_prof_data_size                  
ffffffff  __TI_prof_data_start                 
ffffffff  __binit__                            
ffffffff  __c_args__                           
ffffffff  binit                                
UNDEFED   __mpu_init                           
UNDEFED   _system_post_cinit                   

[758 symbols]
