<?xml version="1.0" encoding="ISO-8859-1" ?>
<link_info>
   <banner>TI ARM Linker PC v20.2.7.LTS</banner>
   <copyright>Copyright (c) 1996-2018 Texas Instruments Incorporated</copyright>
   <link_time>0x6a27df74</link_time>
   <link_errors>0x0</link_errors>
   <output_file>practica-TIVA-2026.out</output_file>
   <entry_point>
      <name>_c_int00_noargs</name>
      <address>0x178fd</address>
   </entry_point>
   <input_file_list>
      <input_file id="fl-2">
         <path>.\</path>
         <kind>object</kind>
         <file>commands.obj</file>
         <name>commands.obj</name>
      </input_file>
      <input_file id="fl-3">
         <path>.\</path>
         <kind>object</kind>
         <file>crc.obj</file>
         <name>crc.obj</name>
      </input_file>
      <input_file id="fl-4">
         <path>.\</path>
         <kind>object</kind>
         <file>main.obj</file>
         <name>main.obj</name>
      </input_file>
      <input_file id="fl-5">
         <path>.\</path>
         <kind>object</kind>
         <file>serial2USBprotocol.obj</file>
         <name>serial2USBprotocol.obj</name>
      </input_file>
      <input_file id="fl-6">
         <path>.\</path>
         <kind>object</kind>
         <file>startup_ccs.obj</file>
         <name>startup_ccs.obj</name>
      </input_file>
      <input_file id="fl-7">
         <path>.\</path>
         <kind>object</kind>
         <file>usb_dev_serial.obj</file>
         <name>usb_dev_serial.obj</name>
      </input_file>
      <input_file id="fl-8">
         <path>.\</path>
         <kind>object</kind>
         <file>usb_serial_structs.obj</file>
         <name>usb_serial_structs.obj</name>
      </input_file>
      <input_file id="fl-9">
         <path>.\FreeRTOS\Source\</path>
         <kind>object</kind>
         <file>croutine.obj</file>
         <name>croutine.obj</name>
      </input_file>
      <input_file id="fl-a">
         <path>.\FreeRTOS\Source\</path>
         <kind>object</kind>
         <file>event_groups.obj</file>
         <name>event_groups.obj</name>
      </input_file>
      <input_file id="fl-b">
         <path>.\FreeRTOS\Source\</path>
         <kind>object</kind>
         <file>list.obj</file>
         <name>list.obj</name>
      </input_file>
      <input_file id="fl-c">
         <path>.\FreeRTOS\Source\</path>
         <kind>object</kind>
         <file>queue.obj</file>
         <name>queue.obj</name>
      </input_file>
      <input_file id="fl-d">
         <path>.\FreeRTOS\Source\</path>
         <kind>object</kind>
         <file>stream_buffer.obj</file>
         <name>stream_buffer.obj</name>
      </input_file>
      <input_file id="fl-e">
         <path>.\FreeRTOS\Source\</path>
         <kind>object</kind>
         <file>tasks.obj</file>
         <name>tasks.obj</name>
      </input_file>
      <input_file id="fl-f">
         <path>.\FreeRTOS\Source\</path>
         <kind>object</kind>
         <file>timers.obj</file>
         <name>timers.obj</name>
      </input_file>
      <input_file id="fl-10">
         <path>.\FreeRTOS\Source\portable\CCS\ARM_CM4F\</path>
         <kind>object</kind>
         <file>port.obj</file>
         <name>port.obj</name>
      </input_file>
      <input_file id="fl-11">
         <path>.\FreeRTOS\Source\portable\CCS\ARM_CM4F\</path>
         <kind>object</kind>
         <file>portasm.obj</file>
         <name>portasm.obj</name>
      </input_file>
      <input_file id="fl-12">
         <path>.\FreeRTOS\Source\portable\MemMang\</path>
         <kind>object</kind>
         <file>heap_4.obj</file>
         <name>heap_4.obj</name>
      </input_file>
      <input_file id="fl-13">
         <path>.\driverlib\</path>
         <kind>object</kind>
         <file>adc.obj</file>
         <name>adc.obj</name>
      </input_file>
      <input_file id="fl-14">
         <path>.\driverlib\</path>
         <kind>object</kind>
         <file>aes.obj</file>
         <name>aes.obj</name>
      </input_file>
      <input_file id="fl-15">
         <path>.\driverlib\</path>
         <kind>object</kind>
         <file>can.obj</file>
         <name>can.obj</name>
      </input_file>
      <input_file id="fl-16">
         <path>.\driverlib\</path>
         <kind>object</kind>
         <file>comp.obj</file>
         <name>comp.obj</name>
      </input_file>
      <input_file id="fl-17">
         <path>.\driverlib\</path>
         <kind>object</kind>
         <file>cpu.obj</file>
         <name>cpu.obj</name>
      </input_file>
      <input_file id="fl-18">
         <path>.\driverlib\</path>
         <kind>object</kind>
         <file>crc.obj</file>
         <name>crc.obj</name>
      </input_file>
      <input_file id="fl-19">
         <path>.\driverlib\</path>
         <kind>object</kind>
         <file>des.obj</file>
         <name>des.obj</name>
      </input_file>
      <input_file id="fl-1a">
         <path>.\driverlib\</path>
         <kind>object</kind>
         <file>eeprom.obj</file>
         <name>eeprom.obj</name>
      </input_file>
      <input_file id="fl-1b">
         <path>.\driverlib\</path>
         <kind>object</kind>
         <file>emac.obj</file>
         <name>emac.obj</name>
      </input_file>
      <input_file id="fl-1c">
         <path>.\driverlib\</path>
         <kind>object</kind>
         <file>epi.obj</file>
         <name>epi.obj</name>
      </input_file>
      <input_file id="fl-1d">
         <path>.\driverlib\</path>
         <kind>object</kind>
         <file>epi_workaround_ccs.obj</file>
         <name>epi_workaround_ccs.obj</name>
      </input_file>
      <input_file id="fl-1e">
         <path>.\driverlib\</path>
         <kind>object</kind>
         <file>flash.obj</file>
         <name>flash.obj</name>
      </input_file>
      <input_file id="fl-1f">
         <path>.\driverlib\</path>
         <kind>object</kind>
         <file>fpu.obj</file>
         <name>fpu.obj</name>
      </input_file>
      <input_file id="fl-20">
         <path>.\driverlib\</path>
         <kind>object</kind>
         <file>gpio.obj</file>
         <name>gpio.obj</name>
      </input_file>
      <input_file id="fl-21">
         <path>.\driverlib\</path>
         <kind>object</kind>
         <file>hibernate.obj</file>
         <name>hibernate.obj</name>
      </input_file>
      <input_file id="fl-22">
         <path>.\driverlib\</path>
         <kind>object</kind>
         <file>i2c.obj</file>
         <name>i2c.obj</name>
      </input_file>
      <input_file id="fl-23">
         <path>.\driverlib\</path>
         <kind>object</kind>
         <file>interrupt.obj</file>
         <name>interrupt.obj</name>
      </input_file>
      <input_file id="fl-24">
         <path>.\driverlib\</path>
         <kind>object</kind>
         <file>lcd.obj</file>
         <name>lcd.obj</name>
      </input_file>
      <input_file id="fl-25">
         <path>.\driverlib\</path>
         <kind>object</kind>
         <file>mpu.obj</file>
         <name>mpu.obj</name>
      </input_file>
      <input_file id="fl-26">
         <path>.\driverlib\</path>
         <kind>object</kind>
         <file>onewire.obj</file>
         <name>onewire.obj</name>
      </input_file>
      <input_file id="fl-27">
         <path>.\driverlib\</path>
         <kind>object</kind>
         <file>pwm.obj</file>
         <name>pwm.obj</name>
      </input_file>
      <input_file id="fl-28">
         <path>.\driverlib\</path>
         <kind>object</kind>
         <file>qei.obj</file>
         <name>qei.obj</name>
      </input_file>
      <input_file id="fl-29">
         <path>.\driverlib\</path>
         <kind>object</kind>
         <file>shamd5.obj</file>
         <name>shamd5.obj</name>
      </input_file>
      <input_file id="fl-2a">
         <path>.\driverlib\</path>
         <kind>object</kind>
         <file>ssi.obj</file>
         <name>ssi.obj</name>
      </input_file>
      <input_file id="fl-2b">
         <path>.\driverlib\</path>
         <kind>object</kind>
         <file>sw_crc.obj</file>
         <name>sw_crc.obj</name>
      </input_file>
      <input_file id="fl-2c">
         <path>.\driverlib\</path>
         <kind>object</kind>
         <file>sysctl.obj</file>
         <name>sysctl.obj</name>
      </input_file>
      <input_file id="fl-2d">
         <path>.\driverlib\</path>
         <kind>object</kind>
         <file>sysexc.obj</file>
         <name>sysexc.obj</name>
      </input_file>
      <input_file id="fl-2e">
         <path>.\driverlib\</path>
         <kind>object</kind>
         <file>systick.obj</file>
         <name>systick.obj</name>
      </input_file>
      <input_file id="fl-2f">
         <path>.\driverlib\</path>
         <kind>object</kind>
         <file>timer.obj</file>
         <name>timer.obj</name>
      </input_file>
      <input_file id="fl-30">
         <path>.\driverlib\</path>
         <kind>object</kind>
         <file>uart.obj</file>
         <name>uart.obj</name>
      </input_file>
      <input_file id="fl-31">
         <path>.\driverlib\</path>
         <kind>object</kind>
         <file>udma.obj</file>
         <name>udma.obj</name>
      </input_file>
      <input_file id="fl-32">
         <path>.\driverlib\</path>
         <kind>object</kind>
         <file>usb.obj</file>
         <name>usb.obj</name>
      </input_file>
      <input_file id="fl-33">
         <path>.\driverlib\</path>
         <kind>object</kind>
         <file>watchdog.obj</file>
         <name>watchdog.obj</name>
      </input_file>
      <input_file id="fl-34">
         <path>.\drivers\</path>
         <kind>object</kind>
         <file>buttons.obj</file>
         <name>buttons.obj</name>
      </input_file>
      <input_file id="fl-35">
         <path>.\drivers\</path>
         <kind>object</kind>
         <file>rgb.obj</file>
         <name>rgb.obj</name>
      </input_file>
      <input_file id="fl-36">
         <path>.\usblib\device\</path>
         <kind>object</kind>
         <file>usbdaudio.obj</file>
         <name>usbdaudio.obj</name>
      </input_file>
      <input_file id="fl-37">
         <path>.\usblib\device\</path>
         <kind>object</kind>
         <file>usbdbulk.obj</file>
         <name>usbdbulk.obj</name>
      </input_file>
      <input_file id="fl-38">
         <path>.\usblib\device\</path>
         <kind>object</kind>
         <file>usbdcdc.obj</file>
         <name>usbdcdc.obj</name>
      </input_file>
      <input_file id="fl-39">
         <path>.\usblib\device\</path>
         <kind>object</kind>
         <file>usbdcdesc.obj</file>
         <name>usbdcdesc.obj</name>
      </input_file>
      <input_file id="fl-3a">
         <path>.\usblib\device\</path>
         <kind>object</kind>
         <file>usbdcomp.obj</file>
         <name>usbdcomp.obj</name>
      </input_file>
      <input_file id="fl-3b">
         <path>.\usblib\device\</path>
         <kind>object</kind>
         <file>usbdconfig.obj</file>
         <name>usbdconfig.obj</name>
      </input_file>
      <input_file id="fl-3c">
         <path>.\usblib\device\</path>
         <kind>object</kind>
         <file>usbddfu-rt.obj</file>
         <name>usbddfu-rt.obj</name>
      </input_file>
      <input_file id="fl-3d">
         <path>.\usblib\device\</path>
         <kind>object</kind>
         <file>usbdenum.obj</file>
         <name>usbdenum.obj</name>
      </input_file>
      <input_file id="fl-3e">
         <path>.\usblib\device\</path>
         <kind>object</kind>
         <file>usbdhandler.obj</file>
         <name>usbdhandler.obj</name>
      </input_file>
      <input_file id="fl-3f">
         <path>.\usblib\device\</path>
         <kind>object</kind>
         <file>usbdhid.obj</file>
         <name>usbdhid.obj</name>
      </input_file>
      <input_file id="fl-40">
         <path>.\usblib\device\</path>
         <kind>object</kind>
         <file>usbdhidgamepad.obj</file>
         <name>usbdhidgamepad.obj</name>
      </input_file>
      <input_file id="fl-41">
         <path>.\usblib\device\</path>
         <kind>object</kind>
         <file>usbdhidkeyb.obj</file>
         <name>usbdhidkeyb.obj</name>
      </input_file>
      <input_file id="fl-42">
         <path>.\usblib\device\</path>
         <kind>object</kind>
         <file>usbdhidmouse.obj</file>
         <name>usbdhidmouse.obj</name>
      </input_file>
      <input_file id="fl-43">
         <path>.\usblib\device\</path>
         <kind>object</kind>
         <file>usbdmsc.obj</file>
         <name>usbdmsc.obj</name>
      </input_file>
      <input_file id="fl-44">
         <path>.\usblib\host\</path>
         <kind>object</kind>
         <file>usbhaudio.obj</file>
         <name>usbhaudio.obj</name>
      </input_file>
      <input_file id="fl-45">
         <path>.\usblib\host\</path>
         <kind>object</kind>
         <file>usbhhid.obj</file>
         <name>usbhhid.obj</name>
      </input_file>
      <input_file id="fl-46">
         <path>.\usblib\host\</path>
         <kind>object</kind>
         <file>usbhhidkeyboard.obj</file>
         <name>usbhhidkeyboard.obj</name>
      </input_file>
      <input_file id="fl-47">
         <path>.\usblib\host\</path>
         <kind>object</kind>
         <file>usbhhidmouse.obj</file>
         <name>usbhhidmouse.obj</name>
      </input_file>
      <input_file id="fl-48">
         <path>.\usblib\host\</path>
         <kind>object</kind>
         <file>usbhhub.obj</file>
         <name>usbhhub.obj</name>
      </input_file>
      <input_file id="fl-49">
         <path>.\usblib\host\</path>
         <kind>object</kind>
         <file>usbhmsc.obj</file>
         <name>usbhmsc.obj</name>
      </input_file>
      <input_file id="fl-4a">
         <path>.\usblib\host\</path>
         <kind>object</kind>
         <file>usbhostenum.obj</file>
         <name>usbhostenum.obj</name>
      </input_file>
      <input_file id="fl-4b">
         <path>.\usblib\host\</path>
         <kind>object</kind>
         <file>usbhscsi.obj</file>
         <name>usbhscsi.obj</name>
      </input_file>
      <input_file id="fl-4c">
         <path>.\usblib\</path>
         <kind>object</kind>
         <file>usbbuffer.obj</file>
         <name>usbbuffer.obj</name>
      </input_file>
      <input_file id="fl-4d">
         <path>.\usblib\</path>
         <kind>object</kind>
         <file>usbdesc.obj</file>
         <name>usbdesc.obj</name>
      </input_file>
      <input_file id="fl-4e">
         <path>.\usblib\</path>
         <kind>object</kind>
         <file>usbdma.obj</file>
         <name>usbdma.obj</name>
      </input_file>
      <input_file id="fl-4f">
         <path>.\usblib\</path>
         <kind>object</kind>
         <file>usbkeyboardmap.obj</file>
         <name>usbkeyboardmap.obj</name>
      </input_file>
      <input_file id="fl-50">
         <path>.\usblib\</path>
         <kind>object</kind>
         <file>usbmode.obj</file>
         <name>usbmode.obj</name>
      </input_file>
      <input_file id="fl-51">
         <path>.\usblib\</path>
         <kind>object</kind>
         <file>usbringbuf.obj</file>
         <name>usbringbuf.obj</name>
      </input_file>
      <input_file id="fl-52">
         <path>.\usblib\</path>
         <kind>object</kind>
         <file>usbtick.obj</file>
         <name>usbtick.obj</name>
      </input_file>
      <input_file id="fl-53">
         <path>.\usblib\</path>
         <kind>object</kind>
         <file>usbulpi.obj</file>
         <name>usbulpi.obj</name>
      </input_file>
      <input_file id="fl-54">
         <path>.\utils\</path>
         <kind>object</kind>
         <file>RunTimeStatsConfig.obj</file>
         <name>RunTimeStatsConfig.obj</name>
      </input_file>
      <input_file id="fl-55">
         <path>.\utils\</path>
         <kind>object</kind>
         <file>cmdline.obj</file>
         <name>cmdline.obj</name>
      </input_file>
      <input_file id="fl-56">
         <path>.\utils\</path>
         <kind>object</kind>
         <file>cpu_usage.obj</file>
         <name>cpu_usage.obj</name>
      </input_file>
      <input_file id="fl-57">
         <path>.\utils\</path>
         <kind>object</kind>
         <file>uartstdioMod.obj</file>
         <name>uartstdioMod.obj</name>
      </input_file>
      <input_file id="fl-5b">
         <kind>object</kind>
         <file>&lt;internal&gt;</file>
         <name>&lt;internal&gt;</name>
      </input_file>
      <input_file id="fl-111">
         <path>C:\ti\ccs1240\ccs\tools\compiler\ti-cgt-arm_20.2.7.LTS\lib\</path>
         <kind>archive</kind>
         <file>rtsv7M4_T_le_v4SPD16_eabi.lib</file>
         <name>sprintf.c.obj</name>
      </input_file>
      <input_file id="fl-112">
         <path>C:\ti\ccs1240\ccs\tools\compiler\ti-cgt-arm_20.2.7.LTS\lib\</path>
         <kind>archive</kind>
         <file>rtsv7M4_T_le_v4SPD16_eabi.lib</file>
         <name>fs_toull_t2.asm.obj</name>
      </input_file>
      <input_file id="fl-113">
         <path>C:\ti\ccs1240\ccs\tools\compiler\ti-cgt-arm_20.2.7.LTS\lib\</path>
         <kind>archive</kind>
         <file>rtsv7M4_T_le_v4SPD16_eabi.lib</file>
         <name>memcpy_t2.asm.obj</name>
      </input_file>
      <input_file id="fl-114">
         <path>C:\ti\ccs1240\ccs\tools\compiler\ti-cgt-arm_20.2.7.LTS\lib\</path>
         <kind>archive</kind>
         <file>rtsv7M4_T_le_v4SPD16_eabi.lib</file>
         <name>memset_t2.asm.obj</name>
      </input_file>
      <input_file id="fl-115">
         <path>C:\ti\ccs1240\ccs\tools\compiler\ti-cgt-arm_20.2.7.LTS\lib\</path>
         <kind>archive</kind>
         <file>rtsv7M4_T_le_v4SPD16_eabi.lib</file>
         <name>u_divt2.asm.obj</name>
      </input_file>
      <input_file id="fl-116">
         <path>C:\ti\ccs1240\ccs\tools\compiler\ti-cgt-arm_20.2.7.LTS\lib\</path>
         <kind>archive</kind>
         <file>rtsv7M4_T_le_v4SPD16_eabi.lib</file>
         <name>copy_zero_init.c.obj</name>
      </input_file>
      <input_file id="fl-117">
         <path>C:\ti\ccs1240\ccs\tools\compiler\ti-cgt-arm_20.2.7.LTS\lib\</path>
         <kind>archive</kind>
         <file>rtsv7M4_T_le_v4SPD16_eabi.lib</file>
         <name>copy_decompress_none.c.obj</name>
      </input_file>
      <input_file id="fl-118">
         <path>C:\ti\ccs1240\ccs\tools\compiler\ti-cgt-arm_20.2.7.LTS\lib\</path>
         <kind>archive</kind>
         <file>rtsv7M4_T_le_v4SPD16_eabi.lib</file>
         <name>copy_decompress_lzss.c.obj</name>
      </input_file>
      <input_file id="fl-119">
         <path>C:\ti\ccs1240\ccs\tools\compiler\ti-cgt-arm_20.2.7.LTS\lib\</path>
         <kind>archive</kind>
         <file>rtsv7M4_T_le_v4SPD16_eabi.lib</file>
         <name>strcmp.c.obj</name>
      </input_file>
      <input_file id="fl-11a">
         <path>C:\ti\ccs1240\ccs\tools\compiler\ti-cgt-arm_20.2.7.LTS\lib\</path>
         <kind>archive</kind>
         <file>rtsv7M4_T_le_v4SPD16_eabi.lib</file>
         <name>strcpy.c.obj</name>
      </input_file>
      <input_file id="fl-11b">
         <path>C:\ti\ccs1240\ccs\tools\compiler\ti-cgt-arm_20.2.7.LTS\lib\</path>
         <kind>archive</kind>
         <file>rtsv7M4_T_le_v4SPD16_eabi.lib</file>
         <name>strlen.c.obj</name>
      </input_file>
      <input_file id="fl-11c">
         <path>C:\ti\ccs1240\ccs\tools\compiler\ti-cgt-arm_20.2.7.LTS\lib\</path>
         <kind>archive</kind>
         <file>rtsv7M4_T_le_v4SPD16_eabi.lib</file>
         <name>boot_cortex_m.c.obj</name>
      </input_file>
      <input_file id="fl-11d">
         <path>C:\ti\ccs1240\ccs\tools\compiler\ti-cgt-arm_20.2.7.LTS\lib\</path>
         <kind>archive</kind>
         <file>rtsv7M4_T_le_v4SPD16_eabi.lib</file>
         <name>_printfi.c.obj</name>
      </input_file>
      <input_file id="fl-11e">
         <path>C:\ti\ccs1240\ccs\tools\compiler\ti-cgt-arm_20.2.7.LTS\lib\</path>
         <kind>archive</kind>
         <file>rtsv7M4_T_le_v4SPD16_eabi.lib</file>
         <name>div0.asm.obj</name>
      </input_file>
      <input_file id="fl-11f">
         <path>C:\ti\ccs1240\ccs\tools\compiler\ti-cgt-arm_20.2.7.LTS\lib\</path>
         <kind>archive</kind>
         <file>rtsv7M4_T_le_v4SPD16_eabi.lib</file>
         <name>fd_add_t2.asm.obj</name>
      </input_file>
      <input_file id="fl-120">
         <path>C:\ti\ccs1240\ccs\tools\compiler\ti-cgt-arm_20.2.7.LTS\lib\</path>
         <kind>archive</kind>
         <file>rtsv7M4_T_le_v4SPD16_eabi.lib</file>
         <name>fd_cmp_t2.asm.obj</name>
      </input_file>
      <input_file id="fl-121">
         <path>C:\ti\ccs1240\ccs\tools\compiler\ti-cgt-arm_20.2.7.LTS\lib\</path>
         <kind>archive</kind>
         <file>rtsv7M4_T_le_v4SPD16_eabi.lib</file>
         <name>fd_div_t2.asm.obj</name>
      </input_file>
      <input_file id="fl-122">
         <path>C:\ti\ccs1240\ccs\tools\compiler\ti-cgt-arm_20.2.7.LTS\lib\</path>
         <kind>archive</kind>
         <file>rtsv7M4_T_le_v4SPD16_eabi.lib</file>
         <name>fd_mul_t2.asm.obj</name>
      </input_file>
      <input_file id="fl-123">
         <path>C:\ti\ccs1240\ccs\tools\compiler\ti-cgt-arm_20.2.7.LTS\lib\</path>
         <kind>archive</kind>
         <file>rtsv7M4_T_le_v4SPD16_eabi.lib</file>
         <name>fd_toi_t2.asm.obj</name>
      </input_file>
      <input_file id="fl-124">
         <path>C:\ti\ccs1240\ccs\tools\compiler\ti-cgt-arm_20.2.7.LTS\lib\</path>
         <kind>archive</kind>
         <file>rtsv7M4_T_le_v4SPD16_eabi.lib</file>
         <name>i_tofd_t2.asm.obj</name>
      </input_file>
      <input_file id="fl-125">
         <path>C:\ti\ccs1240\ccs\tools\compiler\ti-cgt-arm_20.2.7.LTS\lib\</path>
         <kind>archive</kind>
         <file>rtsv7M4_T_le_v4SPD16_eabi.lib</file>
         <name>ull_div_t2.asm.obj</name>
      </input_file>
      <input_file id="fl-126">
         <path>C:\ti\ccs1240\ccs\tools\compiler\ti-cgt-arm_20.2.7.LTS\lib\</path>
         <kind>archive</kind>
         <file>rtsv7M4_T_le_v4SPD16_eabi.lib</file>
         <name>autoinit.c.obj</name>
      </input_file>
      <input_file id="fl-127">
         <path>C:\ti\ccs1240\ccs\tools\compiler\ti-cgt-arm_20.2.7.LTS\lib\</path>
         <kind>archive</kind>
         <file>rtsv7M4_T_le_v4SPD16_eabi.lib</file>
         <name>pre_init.c.obj</name>
      </input_file>
      <input_file id="fl-128">
         <path>C:\ti\ccs1240\ccs\tools\compiler\ti-cgt-arm_20.2.7.LTS\lib\</path>
         <kind>archive</kind>
         <file>rtsv7M4_T_le_v4SPD16_eabi.lib</file>
         <name>cpy_tbl.c.obj</name>
      </input_file>
      <input_file id="fl-129">
         <path>C:\ti\ccs1240\ccs\tools\compiler\ti-cgt-arm_20.2.7.LTS\lib\</path>
         <kind>archive</kind>
         <file>rtsv7M4_T_le_v4SPD16_eabi.lib</file>
         <name>exit.c.obj</name>
      </input_file>
      <input_file id="fl-12a">
         <path>C:\ti\ccs1240\ccs\tools\compiler\ti-cgt-arm_20.2.7.LTS\lib\</path>
         <kind>archive</kind>
         <file>rtsv7M4_T_le_v4SPD16_eabi.lib</file>
         <name>_lock.c.obj</name>
      </input_file>
      <input_file id="fl-12b">
         <path>C:\ti\ccs1240\ccs\tools\compiler\ti-cgt-arm_20.2.7.LTS\lib\</path>
         <kind>archive</kind>
         <file>rtsv7M4_T_le_v4SPD16_eabi.lib</file>
         <name>_ltoa.c.obj</name>
      </input_file>
      <input_file id="fl-12c">
         <path>C:\ti\ccs1240\ccs\tools\compiler\ti-cgt-arm_20.2.7.LTS\lib\</path>
         <kind>archive</kind>
         <file>rtsv7M4_T_le_v4SPD16_eabi.lib</file>
         <name>args_main.c.obj</name>
      </input_file>
      <input_file id="fl-12d">
         <path>C:\ti\ccs1240\ccs\tools\compiler\ti-cgt-arm_20.2.7.LTS\lib\</path>
         <kind>archive</kind>
         <file>rtsv7M4_T_le_v4SPD16_eabi.lib</file>
         <name>atoi.c.obj</name>
      </input_file>
      <input_file id="fl-12e">
         <path>C:\ti\ccs1240\ccs\tools\compiler\ti-cgt-arm_20.2.7.LTS\lib\</path>
         <kind>archive</kind>
         <file>rtsv7M4_T_le_v4SPD16_eabi.lib</file>
         <name>ctype.c.obj</name>
      </input_file>
      <input_file id="fl-12f">
         <path>C:\ti\ccs1240\ccs\tools\compiler\ti-cgt-arm_20.2.7.LTS\lib\</path>
         <kind>archive</kind>
         <file>rtsv7M4_T_le_v4SPD16_eabi.lib</file>
         <name>memccpy.c.obj</name>
      </input_file>
      <input_file id="fl-130">
         <path>C:\ti\ccs1240\ccs\tools\compiler\ti-cgt-arm_20.2.7.LTS\lib\</path>
         <kind>archive</kind>
         <file>rtsv7M4_T_le_v4SPD16_eabi.lib</file>
         <name>strchr.c.obj</name>
      </input_file>
      <input_file id="fl-131">
         <path>C:\ti\ccs1240\ccs\tools\compiler\ti-cgt-arm_20.2.7.LTS\lib\</path>
         <kind>archive</kind>
         <file>rtsv7M4_T_le_v4SPD16_eabi.lib</file>
         <name>errno.c.obj</name>
      </input_file>
      <input_file id="fl-132">
         <path>C:\ti\ccs1240\ccs\tools\compiler\ti-cgt-arm_20.2.7.LTS\lib\</path>
         <kind>archive</kind>
         <file>rtsv7M4_T_le_v4SPD16_eabi.lib</file>
         <name>wcslen.c.obj</name>
      </input_file>
      <input_file id="fl-133">
         <path>C:\ti\ccs1240\ccs\tools\compiler\ti-cgt-arm_20.2.7.LTS\lib\</path>
         <kind>archive</kind>
         <file>rtsv7M4_T_le_v4SPD16_eabi.lib</file>
         <name>s_frexp.c.obj</name>
      </input_file>
      <input_file id="fl-134">
         <path>C:\ti\ccs1240\ccs\tools\compiler\ti-cgt-arm_20.2.7.LTS\lib\</path>
         <kind>archive</kind>
         <file>rtsv7M4_T_le_v4SPD16_eabi.lib</file>
         <name>s_scalbn.c.obj</name>
      </input_file>
      <input_file id="fl-135">
         <path>C:\ti\ccs1240\ccs\tools\compiler\ti-cgt-arm_20.2.7.LTS\lib\</path>
         <kind>archive</kind>
         <file>rtsv7M4_T_le_v4SPD16_eabi.lib</file>
         <name>s_copysign.c.obj</name>
      </input_file>
   </input_file_list>
   <object_component_list>
      <object_component id="oc-12">
         <name>.intvecs</name>
         <load_address>0x0</load_address>
         <run_address>0x0</run_address>
         <size>0x26c</size>
         <input_file_ref idref="fl-6"/>
      </object_component>
      <object_component id="oc-495">
         <name>.text</name>
         <load_address>0x26c</load_address>
         <run_address>0x26c</run_address>
         <size>0x3084</size>
         <input_file_ref idref="fl-4a"/>
      </object_component>
      <object_component id="oc-8b">
         <name>.text</name>
         <load_address>0x32f0</load_address>
         <run_address>0x32f0</run_address>
         <size>0x2870</size>
         <input_file_ref idref="fl-e"/>
      </object_component>
      <object_component id="oc-200">
         <name>.text</name>
         <load_address>0x5b60</load_address>
         <run_address>0x5b60</run_address>
         <size>0x238c</size>
         <input_file_ref idref="fl-32"/>
      </object_component>
      <object_component id="oc-17b">
         <name>.text</name>
         <load_address>0x7eec</load_address>
         <run_address>0x7eec</run_address>
         <size>0x1688</size>
         <input_file_ref idref="fl-2c"/>
      </object_component>
      <object_component id="oc-e1">
         <name>.text</name>
         <load_address>0x9574</load_address>
         <run_address>0x9574</run_address>
         <size>0x1570</size>
         <input_file_ref idref="fl-3d"/>
      </object_component>
      <object_component id="oc-329">
         <name>.text</name>
         <load_address>0xaae4</load_address>
         <run_address>0xaae4</run_address>
         <size>0x1288</size>
         <input_file_ref idref="fl-20"/>
      </object_component>
      <object_component id="oc-ac">
         <name>.text</name>
         <load_address>0xbd6c</load_address>
         <run_address>0xbd6c</run_address>
         <size>0x10c4</size>
         <input_file_ref idref="fl-c"/>
      </object_component>
      <object_component id="oc-33f">
         <name>.text</name>
         <load_address>0xce30</load_address>
         <run_address>0xce30</run_address>
         <size>0xfdc</size>
         <input_file_ref idref="fl-38"/>
      </object_component>
      <object_component id="oc-20c">
         <name>.text</name>
         <load_address>0xde0c</load_address>
         <run_address>0xde0c</run_address>
         <size>0xfa8</size>
         <input_file_ref idref="fl-4e"/>
      </object_component>
      <object_component id="oc-2d1">
         <name>.text</name>
         <load_address>0xedb4</load_address>
         <run_address>0xedb4</run_address>
         <size>0xd20</size>
         <input_file_ref idref="fl-2f"/>
      </object_component>
      <object_component id="oc-38">
         <name>.text</name>
         <load_address>0xfad4</load_address>
         <run_address>0xfad4</run_address>
         <size>0xb8c</size>
         <input_file_ref idref="fl-57"/>
      </object_component>
      <object_component id="oc-b2">
         <name>.text</name>
         <load_address>0x10660</load_address>
         <run_address>0x10660</run_address>
         <size>0xb08</size>
         <input_file_ref idref="fl-30"/>
      </object_component>
      <object_component id="oc-2e4">
         <name>.text:__TI_printfi</name>
         <load_address>0x11168</load_address>
         <run_address>0x11168</run_address>
         <size>0xa4e</size>
         <input_file_ref idref="fl-11d"/>
      </object_component>
      <object_component id="oc-1f5">
         <name>.text</name>
         <load_address>0x11bb6</load_address>
         <run_address>0x11bb6</run_address>
         <size>0x2</size>
         <input_file_ref idref="fl-11e"/>
      </object_component>
      <object_component id="oc-5f0">
         <name>.text</name>
         <load_address>0x11bb8</load_address>
         <run_address>0x11bb8</run_address>
         <size>0x924</size>
         <input_file_ref idref="fl-48"/>
      </object_component>
      <object_component id="oc-13e">
         <name>.text</name>
         <load_address>0x124dc</load_address>
         <run_address>0x124dc</run_address>
         <size>0x7b4</size>
         <input_file_ref idref="fl-f"/>
      </object_component>
      <object_component id="oc-333">
         <name>.text</name>
         <load_address>0x12c90</load_address>
         <run_address>0x12c90</run_address>
         <size>0x598</size>
         <input_file_ref idref="fl-4c"/>
      </object_component>
      <object_component id="oc-339">
         <name>.text</name>
         <load_address>0x13228</load_address>
         <run_address>0x13228</run_address>
         <size>0x570</size>
         <input_file_ref idref="fl-50"/>
      </object_component>
      <object_component id="oc-1d0">
         <name>.text</name>
         <load_address>0x13798</load_address>
         <run_address>0x13798</run_address>
         <size>0x490</size>
         <input_file_ref idref="fl-23"/>
      </object_component>
      <object_component id="oc-48d">
         <name>.text</name>
         <load_address>0x13c28</load_address>
         <run_address>0x13c28</run_address>
         <size>0x48c</size>
         <input_file_ref idref="fl-51"/>
      </object_component>
      <object_component id="oc-126">
         <name>.text</name>
         <load_address>0x140b4</load_address>
         <run_address>0x140b4</run_address>
         <size>0x478</size>
         <input_file_ref idref="fl-12"/>
      </object_component>
      <object_component id="oc-18d">
         <name>.text</name>
         <load_address>0x1452c</load_address>
         <run_address>0x1452c</run_address>
         <size>0x460</size>
         <input_file_ref idref="fl-2"/>
      </object_component>
      <object_component id="oc-231">
         <name>.text</name>
         <load_address>0x1498c</load_address>
         <run_address>0x1498c</run_address>
         <size>0x3bc</size>
         <input_file_ref idref="fl-3b"/>
      </object_component>
      <object_component id="oc-193">
         <name>.text</name>
         <load_address>0x14d48</load_address>
         <run_address>0x14d48</run_address>
         <size>0x3b4</size>
         <input_file_ref idref="fl-7"/>
      </object_component>
      <object_component id="oc-181">
         <name>.text</name>
         <load_address>0x150fc</load_address>
         <run_address>0x150fc</run_address>
         <size>0x3a8</size>
         <input_file_ref idref="fl-5"/>
      </object_component>
      <object_component id="oc-92">
         <name>.text</name>
         <load_address>0x154a4</load_address>
         <run_address>0x154a4</run_address>
         <size>0x368</size>
         <input_file_ref idref="fl-4"/>
      </object_component>
      <object_component id="oc-22b">
         <name>.text</name>
         <load_address>0x1580c</load_address>
         <run_address>0x1580c</run_address>
         <size>0x2de</size>
         <input_file_ref idref="fl-39"/>
      </object_component>
      <object_component id="oc-32">
         <name>.text</name>
         <load_address>0x15aec</load_address>
         <run_address>0x15aec</run_address>
         <size>0x2d0</size>
         <input_file_ref idref="fl-10"/>
      </object_component>
      <object_component id="oc-42f">
         <name>.text:_pconv_a</name>
         <load_address>0x15dbc</load_address>
         <run_address>0x15dbc</run_address>
         <size>0x270</size>
         <input_file_ref idref="fl-11d"/>
      </object_component>
      <object_component id="oc-3b4">
         <name>.text</name>
         <load_address>0x1602c</load_address>
         <run_address>0x1602c</run_address>
         <size>0x1d2</size>
         <input_file_ref idref="fl-4d"/>
      </object_component>
      <object_component id="oc-41d">
         <name>.text:_pconv_g</name>
         <load_address>0x16200</load_address>
         <run_address>0x16200</run_address>
         <size>0x1d0</size>
         <input_file_ref idref="fl-11d"/>
      </object_component>
      <object_component id="oc-57d">
         <name>.text</name>
         <load_address>0x163d0</load_address>
         <run_address>0x163d0</run_address>
         <size>0x1b6</size>
         <input_file_ref idref="fl-11f"/>
      </object_component>
      <object_component id="oc-429">
         <name>.text:_pconv_e</name>
         <load_address>0x16588</load_address>
         <run_address>0x16588</run_address>
         <size>0x13c</size>
         <input_file_ref idref="fl-11d"/>
      </object_component>
      <object_component id="oc-563">
         <name>.text</name>
         <load_address>0x166c4</load_address>
         <run_address>0x166c4</run_address>
         <size>0x136</size>
         <input_file_ref idref="fl-121"/>
      </object_component>
      <object_component id="oc-12c">
         <name>.text</name>
         <load_address>0x167fa</load_address>
         <run_address>0x167fa</run_address>
         <size>0x12a</size>
         <input_file_ref idref="fl-b"/>
      </object_component>
      <object_component id="oc-175">
         <name>.text</name>
         <load_address>0x16924</load_address>
         <run_address>0x16924</run_address>
         <size>0x124</size>
         <input_file_ref idref="fl-56"/>
      </object_component>
      <object_component id="oc-58f">
         <name>.text:fcvt</name>
         <load_address>0x16a48</load_address>
         <run_address>0x16a48</run_address>
         <size>0x124</size>
         <input_file_ref idref="fl-11d"/>
      </object_component>
      <object_component id="oc-5a3">
         <name>.text:scalbn</name>
         <load_address>0x16b6c</load_address>
         <run_address>0x16b6c</run_address>
         <size>0x110</size>
         <input_file_ref idref="fl-134"/>
      </object_component>
      <object_component id="oc-55e">
         <name>.text</name>
         <load_address>0x16c7c</load_address>
         <run_address>0x16c7c</run_address>
         <size>0xfc</size>
         <input_file_ref idref="fl-122"/>
      </object_component>
      <object_component id="oc-212">
         <name>.text</name>
         <load_address>0x16d78</load_address>
         <run_address>0x16d78</run_address>
         <size>0xec</size>
         <input_file_ref idref="fl-52"/>
      </object_component>
      <object_component id="oc-2d">
         <name>.text</name>
         <load_address>0x16e64</load_address>
         <run_address>0x16e64</run_address>
         <size>0xda</size>
         <input_file_ref idref="fl-11"/>
      </object_component>
      <object_component id="oc-206">
         <name>.text</name>
         <load_address>0x16f3e</load_address>
         <run_address>0x16f3e</run_address>
         <size>0xc8</size>
         <input_file_ref idref="fl-53"/>
      </object_component>
      <object_component id="oc-412">
         <name>.text:_ltostr</name>
         <load_address>0x17008</load_address>
         <run_address>0x17008</run_address>
         <size>0xb1</size>
         <input_file_ref idref="fl-11d"/>
      </object_component>
      <object_component id="oc-323">
         <name>.text</name>
         <load_address>0x170bc</load_address>
         <run_address>0x170bc</run_address>
         <size>0xac</size>
         <input_file_ref idref="fl-55"/>
      </object_component>
      <object_component id="oc-52">
         <name>.text</name>
         <load_address>0x17168</load_address>
         <run_address>0x17168</run_address>
         <size>0x9c</size>
         <input_file_ref idref="fl-113"/>
      </object_component>
      <object_component id="oc-557">
         <name>.text</name>
         <load_address>0x17204</load_address>
         <run_address>0x17204</run_address>
         <size>0x96</size>
         <input_file_ref idref="fl-125"/>
      </object_component>
      <object_component id="oc-418">
         <name>.text:__aeabi_cdcmple</name>
         <load_address>0x1729a</load_address>
         <run_address>0x1729a</run_address>
         <size>0x86</size>
         <input_file_ref idref="fl-120"/>
      </object_component>
      <object_component id="oc-568">
         <name>.text:__aeabi_cdrcmple</name>
         <load_address>0x17320</load_address>
         <run_address>0x17320</run_address>
         <size>0x86</size>
         <input_file_ref idref="fl-120"/>
      </object_component>
      <object_component id="oc-104">
         <name>.text</name>
         <load_address>0x173a6</load_address>
         <run_address>0x173a6</run_address>
         <size>0x7a</size>
         <input_file_ref idref="fl-114"/>
      </object_component>
      <object_component id="oc-588">
         <name>.text:_mcpy</name>
         <load_address>0x17420</load_address>
         <run_address>0x17420</run_address>
         <size>0x6e</size>
         <input_file_ref idref="fl-11d"/>
      </object_component>
      <object_component id="oc-318">
         <name>.text</name>
         <load_address>0x17490</load_address>
         <run_address>0x17490</run_address>
         <size>0x68</size>
         <input_file_ref idref="fl-3"/>
      </object_component>
      <object_component id="oc-144">
         <name>.text</name>
         <load_address>0x174f8</load_address>
         <run_address>0x174f8</run_address>
         <size>0x68</size>
         <input_file_ref idref="fl-54"/>
      </object_component>
      <object_component id="oc-15">
         <name>.text:decompress:lzss:__TI_decompress_lzss</name>
         <load_address>0x17560</load_address>
         <run_address>0x17560</run_address>
         <size>0x68</size>
         <input_file_ref idref="fl-118"/>
      </object_component>
      <object_component id="oc-59d">
         <name>.text:frexp</name>
         <load_address>0x175c8</load_address>
         <run_address>0x175c8</run_address>
         <size>0x64</size>
         <input_file_ref idref="fl-133"/>
      </object_component>
      <object_component id="oc-423">
         <name>.text:_pconv_f</name>
         <load_address>0x1762c</load_address>
         <run_address>0x1762c</run_address>
         <size>0x56</size>
         <input_file_ref idref="fl-11d"/>
      </object_component>
      <object_component id="oc-572">
         <name>.text:__TI_ltoa</name>
         <load_address>0x17682</load_address>
         <run_address>0x17682</run_address>
         <size>0x54</size>
         <input_file_ref idref="fl-12b"/>
      </object_component>
      <object_component id="oc-582">
         <name>.text:_ecpy</name>
         <load_address>0x176d6</load_address>
         <run_address>0x176d6</run_address>
         <size>0x52</size>
         <input_file_ref idref="fl-11d"/>
      </object_component>
      <object_component id="oc-40c">
         <name>.text:atoi</name>
         <load_address>0x17728</load_address>
         <run_address>0x17728</run_address>
         <size>0x4c</size>
         <input_file_ref idref="fl-12d"/>
      </object_component>
      <object_component id="oc-56d">
         <name>.text</name>
         <load_address>0x17774</load_address>
         <run_address>0x17774</run_address>
         <size>0x48</size>
         <input_file_ref idref="fl-123"/>
      </object_component>
      <object_component id="oc-25c">
         <name>.text:__TI_auto_init_nobinit_nopinit:__TI_auto_init_nobinit_nopinit</name>
         <load_address>0x177bc</load_address>
         <run_address>0x177bc</run_address>
         <size>0x44</size>
         <input_file_ref idref="fl-126"/>
      </object_component>
      <object_component id="oc-cd">
         <name>.text</name>
         <load_address>0x17800</load_address>
         <run_address>0x17800</run_address>
         <size>0x40</size>
         <input_file_ref idref="fl-115"/>
      </object_component>
      <object_component id="oc-169">
         <name>.text:sprintf</name>
         <load_address>0x17840</load_address>
         <run_address>0x17840</run_address>
         <size>0x40</size>
         <input_file_ref idref="fl-111"/>
      </object_component>
      <object_component id="oc-595">
         <name>.text:_fcpy</name>
         <load_address>0x17880</load_address>
         <run_address>0x17880</run_address>
         <size>0x3e</size>
         <input_file_ref idref="fl-11d"/>
      </object_component>
      <object_component id="oc-306">
         <name>.text</name>
         <load_address>0x178be</load_address>
         <run_address>0x178be</run_address>
         <size>0x3e</size>
         <input_file_ref idref="fl-17"/>
      </object_component>
      <object_component id="oc-70">
         <name>.text:_c_int00_noargs:_c_int00_noargs</name>
         <load_address>0x178fc</load_address>
         <run_address>0x178fc</run_address>
         <size>0x34</size>
         <input_file_ref idref="fl-11c"/>
      </object_component>
      <object_component id="oc-578">
         <name>.text</name>
         <load_address>0x17930</load_address>
         <run_address>0x17930</run_address>
         <size>0x2e</size>
         <input_file_ref idref="fl-124"/>
      </object_component>
      <object_component id="oc-150">
         <name>.text:GetOverflowCounts</name>
         <load_address>0x17960</load_address>
         <run_address>0x17960</run_address>
         <size>0x24</size>
         <input_file_ref idref="fl-54"/>
      </object_component>
      <object_component id="oc-3e">
         <name>.text</name>
         <load_address>0x17984</load_address>
         <run_address>0x17984</run_address>
         <size>0x24</size>
         <input_file_ref idref="fl-3e"/>
      </object_component>
      <object_component id="oc-435">
         <name>.text:memccpy</name>
         <load_address>0x179a8</load_address>
         <run_address>0x179a8</run_address>
         <size>0x1c</size>
         <input_file_ref idref="fl-12f"/>
      </object_component>
      <object_component id="oc-66f">
         <name>.text:copysign</name>
         <load_address>0x179c4</load_address>
         <run_address>0x179c4</run_address>
         <size>0x1a</size>
         <input_file_ref idref="fl-135"/>
      </object_component>
      <object_component id="oc-2ea">
         <name>.text:_outs</name>
         <load_address>0x179de</load_address>
         <run_address>0x179de</run_address>
         <size>0x18</size>
         <input_file_ref idref="fl-111"/>
      </object_component>
      <object_component id="oc-474">
         <name>.text:strcmp</name>
         <load_address>0x179f6</load_address>
         <run_address>0x179f6</run_address>
         <size>0x18</size>
         <input_file_ref idref="fl-119"/>
      </object_component>
      <object_component id="oc-5a9">
         <name>.text:strchr</name>
         <load_address>0x17a0e</load_address>
         <run_address>0x17a0e</run_address>
         <size>0x16</size>
         <input_file_ref idref="fl-130"/>
      </object_component>
      <object_component id="oc-15d">
         <name>.text:strcpy</name>
         <load_address>0x17a24</load_address>
         <run_address>0x17a24</run_address>
         <size>0x14</size>
         <input_file_ref idref="fl-11a"/>
      </object_component>
      <object_component id="oc-163">
         <name>.text:strlen</name>
         <load_address>0x17a38</load_address>
         <run_address>0x17a38</run_address>
         <size>0x14</size>
         <input_file_ref idref="fl-11b"/>
      </object_component>
      <object_component id="oc-43b">
         <name>.text:wcslen</name>
         <load_address>0x17a4c</load_address>
         <run_address>0x17a4c</run_address>
         <size>0x12</size>
         <input_file_ref idref="fl-132"/>
      </object_component>
      <object_component id="oc-1b">
         <name>.text:decompress:none:__TI_decompress_none</name>
         <load_address>0x17a5e</load_address>
         <run_address>0x17a5e</run_address>
         <size>0xe</size>
         <input_file_ref idref="fl-117"/>
      </object_component>
      <object_component id="oc-64">
         <name>.text:decompress:ZI:__TI_zero_init</name>
         <load_address>0x17a6c</load_address>
         <run_address>0x17a6c</run_address>
         <size>0xc</size>
         <input_file_ref idref="fl-116"/>
      </object_component>
      <object_component id="oc-27">
         <name>.text</name>
         <load_address>0x17a78</load_address>
         <run_address>0x17a78</run_address>
         <size>0xc</size>
         <input_file_ref idref="fl-6"/>
      </object_component>
      <object_component id="oc-2f0">
         <name>.text:_outc</name>
         <load_address>0x17a84</load_address>
         <run_address>0x17a84</run_address>
         <size>0xa</size>
         <input_file_ref idref="fl-111"/>
      </object_component>
      <object_component id="oc-441">
         <name>.text:__aeabi_errno_addr</name>
         <load_address>0x17a90</load_address>
         <run_address>0x17a90</run_address>
         <size>0x8</size>
         <input_file_ref idref="fl-131"/>
      </object_component>
      <object_component id="oc-315">
         <name>.text:SysCtlDelay</name>
         <load_address>0x17a98</load_address>
         <run_address>0x17a98</run_address>
         <size>0x6</size>
         <input_file_ref idref="fl-2c"/>
      </object_component>
      <object_component id="oc-10a">
         <name>.text:_system_pre_init</name>
         <load_address>0x17a9e</load_address>
         <run_address>0x17a9e</run_address>
         <size>0x4</size>
         <input_file_ref idref="fl-127"/>
      </object_component>
      <object_component id="oc-250">
         <name>.text:abort:abort</name>
         <load_address>0x17aa2</load_address>
         <run_address>0x17aa2</run_address>
         <size>0x4</size>
         <input_file_ref idref="fl-129"/>
      </object_component>
      <object_component id="oc-46f">
         <name>.const:crctttab</name>
         <load_address>0x17aa8</load_address>
         <run_address>0x17aa8</run_address>
         <size>0x200</size>
         <input_file_ref idref="fl-3"/>
      </object_component>
      <object_component id="oc-312">
         <name>.const:g_pppui32XTALtoVCO</name>
         <load_address>0x17ca8</load_address>
         <run_address>0x17ca8</run_address>
         <size>0x1b0</size>
         <input_file_ref idref="fl-2c"/>
      </object_component>
      <object_component id="oc-552">
         <name>.const:.string:_ctypes_</name>
         <load_address>0x17e58</load_address>
         <run_address>0x17e58</run_address>
         <size>0x101</size>
         <input_file_ref idref="fl-12e"/>
      </object_component>
      <object_component id="oc-48a">
         <name>.const:.string</name>
         <load_address>0x17f5c</load_address>
         <run_address>0x17f5c</run_address>
         <size>0xf2</size>
         <input_file_ref idref="fl-2"/>
      </object_component>
      <object_component id="oc-482">
         <name>.const:g_ppui32GPIOIntMapSnowflake</name>
         <load_address>0x18050</load_address>
         <run_address>0x18050</run_address>
         <size>0xd8</size>
         <input_file_ref idref="fl-20"/>
      </object_component>
      <object_component id="oc-47f">
         <name>.const:g_ppui32GPIOIntMapBlizzard</name>
         <load_address>0x18128</load_address>
         <run_address>0x18128</run_address>
         <size>0xc0</size>
         <input_file_ref idref="fl-20"/>
      </object_component>
      <object_component id="oc-37b">
         <name>.const:g_pui32Regs</name>
         <load_address>0x181e8</load_address>
         <run_address>0x181e8</run_address>
         <size>0x9c</size>
         <input_file_ref idref="fl-23"/>
      </object_component>
      <object_component id="oc-485">
         <name>.const:g_pui32GPIOBaseAddrs</name>
         <load_address>0x18284</load_address>
         <run_address>0x18284</run_address>
         <size>0x90</size>
         <input_file_ref idref="fl-20"/>
      </object_component>
      <object_component id="oc-30c">
         <name>.const:g_pui32Xtals</name>
         <load_address>0x18314</load_address>
         <run_address>0x18314</run_address>
         <size>0x6c</size>
         <input_file_ref idref="fl-2c"/>
      </object_component>
      <object_component id="oc-400">
         <name>.const:g_ppui32TimerIntMap</name>
         <load_address>0x18380</load_address>
         <run_address>0x18380</run_address>
         <size>0x60</size>
         <input_file_ref idref="fl-2f"/>
      </object_component>
      <object_component id="oc-403">
         <name>.const:g_ppui32TimerIntMapSnowflake</name>
         <load_address>0x183e0</load_address>
         <run_address>0x183e0</run_address>
         <size>0x40</size>
         <input_file_ref idref="fl-2f"/>
      </object_component>
      <object_component id="oc-1ca">
         <name>.const:g_ppui32UARTIntMap</name>
         <load_address>0x18420</load_address>
         <run_address>0x18420</run_address>
         <size>0x40</size>
         <input_file_ref idref="fl-30"/>
      </object_component>
      <object_component id="oc-1cd">
         <name>.const:g_ppui32UARTIntMapSnowflake</name>
         <load_address>0x18460</load_address>
         <run_address>0x18460</run_address>
         <size>0x40</size>
         <input_file_ref idref="fl-30"/>
      </object_component>
      <object_component id="oc-63a">
         <name>.const:.string:g_pui8ConfigString</name>
         <load_address>0x184a0</load_address>
         <run_address>0x184a0</run_address>
         <size>0x36</size>
         <input_file_ref idref="fl-8"/>
      </object_component>
      <object_component id="oc-228">
         <name>.const:g_psUSBDStdRequests</name>
         <load_address>0x184d8</load_address>
         <run_address>0x184d8</run_address>
         <size>0x34</size>
         <input_file_ref idref="fl-3d"/>
      </object_component>
      <object_component id="oc-4a4">
         <name>.const:g_sCDCHandlers</name>
         <load_address>0x1850c</load_address>
         <run_address>0x1850c</run_address>
         <size>0x30</size>
         <input_file_ref idref="fl-38"/>
      </object_component>
      <object_component id="oc-303">
         <name>.const:g_sXTALtoMEMTIM</name>
         <load_address>0x1853c</load_address>
         <run_address>0x1853c</run_address>
         <size>0x30</size>
         <input_file_ref idref="fl-2c"/>
      </object_component>
      <object_component id="oc-637">
         <name>.const:.string:g_pui8ControlInterfaceString</name>
         <load_address>0x1856c</load_address>
         <run_address>0x1856c</run_address>
         <size>0x2c</size>
         <input_file_ref idref="fl-8"/>
      </object_component>
      <object_component id="oc-62e">
         <name>.const:.string:g_pui8ManufacturerString</name>
         <load_address>0x18598</load_address>
         <run_address>0x18598</run_address>
         <size>0x24</size>
         <input_file_ref idref="fl-8"/>
      </object_component>
      <object_component id="oc-716">
         <name>.const:.string:g_pui8CDCSerCommInterface</name>
         <load_address>0x185bc</load_address>
         <run_address>0x185bc</run_address>
         <size>0x23</size>
         <input_file_ref idref="fl-38"/>
      </object_component>
      <object_component id="oc-631">
         <name>.const:.string:g_pui8ProductString</name>
         <load_address>0x185df</load_address>
         <run_address>0x185df</run_address>
         <size>0x22</size>
         <input_file_ref idref="fl-8"/>
      </object_component>
      <object_component id="oc-378">
         <name>.const:g_pui32Priority</name>
         <load_address>0x18604</load_address>
         <run_address>0x18604</run_address>
         <size>0x20</size>
         <input_file_ref idref="fl-23"/>
      </object_component>
      <object_component id="oc-4d3">
         <name>.const:g_ppui8StringDescriptors</name>
         <load_address>0x18624</load_address>
         <run_address>0x18624</run_address>
         <size>0x18</size>
         <input_file_ref idref="fl-8"/>
      </object_component>
      <object_component id="oc-71b">
         <name>.const:.string:g_pui8CDCSerDataInterface</name>
         <load_address>0x1863c</load_address>
         <run_address>0x1863c</run_address>
         <size>0x17</size>
         <input_file_ref idref="fl-38"/>
      </object_component>
      <object_component id="oc-720">
         <name>.const:.string:g_pui8CDCSerDataInterfaceHS</name>
         <load_address>0x18653</load_address>
         <run_address>0x18653</run_address>
         <size>0x17</size>
         <input_file_ref idref="fl-38"/>
      </object_component>
      <object_component id="oc-381">
         <name>.const:g_pui32Dii16Regs</name>
         <load_address>0x1866c</load_address>
         <run_address>0x1866c</run_address>
         <size>0x14</size>
         <input_file_ref idref="fl-23"/>
      </object_component>
      <object_component id="oc-37e">
         <name>.const:g_pui32EnRegs</name>
         <load_address>0x18680</load_address>
         <run_address>0x18680</run_address>
         <size>0x14</size>
         <input_file_ref idref="fl-23"/>
      </object_component>
      <object_component id="oc-384">
         <name>.const:g_pui32PendRegs</name>
         <load_address>0x18694</load_address>
         <run_address>0x18694</run_address>
         <size>0x14</size>
         <input_file_ref idref="fl-23"/>
      </object_component>
      <object_component id="oc-387">
         <name>.const:g_pui32UnpendRegs</name>
         <load_address>0x186a8</load_address>
         <run_address>0x186a8</run_address>
         <size>0x14</size>
         <input_file_ref idref="fl-23"/>
      </object_component>
      <object_component id="oc-634">
         <name>.const:.string:g_pui8SerialNumberString</name>
         <load_address>0x186bc</load_address>
         <run_address>0x186bc</run_address>
         <size>0x12</size>
         <input_file_ref idref="fl-8"/>
      </object_component>
      <object_component id="oc-1fb">
         <name>.const:.string</name>
         <load_address>0x186d0</load_address>
         <run_address>0x186d0</run_address>
         <size>0x12</size>
         <input_file_ref idref="fl-57"/>
      </object_component>
      <object_component id="oc-bb">
         <name>.const:g_ui32UARTBase</name>
         <load_address>0x186e4</load_address>
         <run_address>0x186e4</run_address>
         <size>0xc</size>
         <input_file_ref idref="fl-57"/>
      </object_component>
      <object_component id="oc-c1">
         <name>.const:g_ui32UARTInt</name>
         <load_address>0x186f0</load_address>
         <run_address>0x186f0</run_address>
         <size>0xc</size>
         <input_file_ref idref="fl-57"/>
      </object_component>
      <object_component id="oc-be">
         <name>.const:g_ui32UARTPeriph</name>
         <load_address>0x186fc</load_address>
         <run_address>0x186fc</run_address>
         <size>0xc</size>
         <input_file_ref idref="fl-57"/>
      </object_component>
      <object_component id="oc-30f">
         <name>.const:g_pui32VCOFrequencies</name>
         <load_address>0x18708</load_address>
         <run_address>0x18708</run_address>
         <size>0x8</size>
         <input_file_ref idref="fl-2c"/>
      </object_component>
      <object_component id="oc-61b">
         <name>.const:g_sCDCCompSerConfigHeader</name>
         <load_address>0x18710</load_address>
         <run_address>0x18710</run_address>
         <size>0x8</size>
         <input_file_ref idref="fl-38"/>
      </object_component>
      <object_component id="oc-620">
         <name>.const:g_sCDCCompSerConfigHeaderHS</name>
         <load_address>0x18718</load_address>
         <run_address>0x18718</run_address>
         <size>0x8</size>
         <input_file_ref idref="fl-38"/>
      </object_component>
      <object_component id="oc-6fb">
         <name>.const:g_sCDCSerCommInterfaceSection</name>
         <load_address>0x18720</load_address>
         <run_address>0x18720</run_address>
         <size>0x8</size>
         <input_file_ref idref="fl-38"/>
      </object_component>
      <object_component id="oc-611">
         <name>.const:g_sCDCSerConfigHeader</name>
         <load_address>0x18728</load_address>
         <run_address>0x18728</run_address>
         <size>0x8</size>
         <input_file_ref idref="fl-38"/>
      </object_component>
      <object_component id="oc-616">
         <name>.const:g_sCDCSerConfigHeaderHS</name>
         <load_address>0x18730</load_address>
         <run_address>0x18730</run_address>
         <size>0x8</size>
         <input_file_ref idref="fl-38"/>
      </object_component>
      <object_component id="oc-6f8">
         <name>.const:g_sCDCSerConfigSection</name>
         <load_address>0x18738</load_address>
         <run_address>0x18738</run_address>
         <size>0x8</size>
         <input_file_ref idref="fl-38"/>
      </object_component>
      <object_component id="oc-6fe">
         <name>.const:g_sCDCSerDataInterfaceSection</name>
         <load_address>0x18740</load_address>
         <run_address>0x18740</run_address>
         <size>0x8</size>
         <input_file_ref idref="fl-38"/>
      </object_component>
      <object_component id="oc-703">
         <name>.const:g_sCDCSerDataInterfaceSectionHS</name>
         <load_address>0x18748</load_address>
         <run_address>0x18748</run_address>
         <size>0x8</size>
         <input_file_ref idref="fl-38"/>
      </object_component>
      <object_component id="oc-708">
         <name>.const:g_sIADSerConfigSection</name>
         <load_address>0x18750</load_address>
         <run_address>0x18750</run_address>
         <size>0x8</size>
         <input_file_ref idref="fl-38"/>
      </object_component>
      <object_component id="oc-88">
         <name>.const</name>
         <load_address>0x18758</load_address>
         <run_address>0x18758</run_address>
         <size>0x8</size>
         <input_file_ref idref="fl-10"/>
      </object_component>
      <object_component id="oc-62b">
         <name>.const:.string:g_pui8LangDescriptor</name>
         <load_address>0x18760</load_address>
         <run_address>0x18760</run_address>
         <size>0x4</size>
         <input_file_ref idref="fl-8"/>
      </object_component>
      <object_component id="oc-4b0">
         <name>.const:g_pCDCCompSerConfigDescriptors</name>
         <load_address>0x18764</load_address>
         <run_address>0x18764</run_address>
         <size>0x4</size>
         <input_file_ref idref="fl-38"/>
      </object_component>
      <object_component id="oc-4b3">
         <name>.const:g_pCDCCompSerConfigDescriptorsHS</name>
         <load_address>0x18768</load_address>
         <run_address>0x18768</run_address>
         <size>0x4</size>
         <input_file_ref idref="fl-38"/>
      </object_component>
      <object_component id="oc-4aa">
         <name>.const:g_ppCDCSerConfigDescriptors</name>
         <load_address>0x1876c</load_address>
         <run_address>0x1876c</run_address>
         <size>0x4</size>
         <input_file_ref idref="fl-38"/>
      </object_component>
      <object_component id="oc-4ad">
         <name>.const:g_ppCDCSerConfigDescriptorsHS</name>
         <load_address>0x18770</load_address>
         <run_address>0x18770</run_address>
         <size>0x4</size>
         <input_file_ref idref="fl-38"/>
      </object_component>
      <object_component id="oc-14d">
         <name>.const</name>
         <load_address>0x18774</load_address>
         <run_address>0x18774</run_address>
         <size>0x4</size>
         <input_file_ref idref="fl-e"/>
      </object_component>
      <object_component id="oc-d2">
         <name>.const</name>
         <load_address>0x18778</load_address>
         <run_address>0x18778</run_address>
         <size>0x4</size>
         <input_file_ref idref="fl-57"/>
      </object_component>
      <object_component id="oc-75e">
         <name>.cinit..data.load</name>
         <load_address>0x18780</load_address>
         <run_address>0x18780</run_address>
         <size>0x12d</size>
      </object_component>
      <object_component id="oc-75b">
         <name>__TI_handler_table</name>
         <load_address>0x188b0</load_address>
         <run_address>0x188b0</run_address>
         <size>0xc</size>
      </object_component>
      <object_component id="oc-75f">
         <name>.cinit..bss.load</name>
         <load_address>0x188c0</load_address>
         <run_address>0x188c0</run_address>
         <size>0x8</size>
      </object_component>
      <object_component id="oc-75d">
         <name>.cinit..vtable.load</name>
         <load_address>0x188c8</load_address>
         <run_address>0x188c8</run_address>
         <size>0x8</size>
      </object_component>
      <object_component id="oc-75c">
         <name>__TI_cinit_table</name>
         <load_address>0x188d0</load_address>
         <run_address>0x188d0</run_address>
         <size>0x18</size>
      </object_component>
      <object_component id="oc-375">
         <name>.vtable</name>
         <uninitialized>true</uninitialized>
         <run_address>0x20000000</run_address>
         <size>0x26c</size>
         <input_file_ref idref="fl-23"/>
      </object_component>
      <object_component id="oc-32f">
         <name>.data:g_psCmdTable</name>
         <load_address>0x20006310</load_address>
         <run_address>0x20006310</run_address>
         <size>0x54</size>
         <input_file_ref idref="fl-2"/>
      </object_component>
      <object_component id="oc-187">
         <name>.data</name>
         <load_address>0x2000653c</load_address>
         <run_address>0x2000653c</run_address>
         <size>0x5</size>
         <input_file_ref idref="fl-4"/>
      </object_component>
      <object_component id="oc-34b">
         <name>.data</name>
         <load_address>0x200064b4</load_address>
         <run_address>0x200064b4</run_address>
         <size>0xd</size>
         <input_file_ref idref="fl-7"/>
      </object_component>
      <object_component id="oc-351">
         <name>.data:ConfigLinea</name>
         <load_address>0x20006534</load_address>
         <run_address>0x20006534</run_address>
         <size>0x7</size>
         <input_file_ref idref="fl-7"/>
      </object_component>
      <object_component id="oc-354">
         <name>.data:g_sCDCDevice</name>
         <load_address>0x200062b0</load_address>
         <run_address>0x200062b0</run_address>
         <size>0x60</size>
         <input_file_ref idref="fl-8"/>
      </object_component>
      <object_component id="oc-345">
         <name>.data:g_sRxBuffer</name>
         <load_address>0x200063a0</load_address>
         <run_address>0x200063a0</run_address>
         <size>0x38</size>
         <input_file_ref idref="fl-8"/>
      </object_component>
      <object_component id="oc-34e">
         <name>.data:g_sTxBuffer</name>
         <load_address>0x200063d8</load_address>
         <run_address>0x200063d8</run_address>
         <size>0x38</size>
         <input_file_ref idref="fl-8"/>
      </object_component>
      <object_component id="oc-85">
         <name>.data</name>
         <load_address>0x20006364</load_address>
         <run_address>0x20006364</run_address>
         <size>0x3c</size>
         <input_file_ref idref="fl-e"/>
      </object_component>
      <object_component id="oc-2b9">
         <name>.data</name>
         <load_address>0x200064e8</load_address>
         <run_address>0x200064e8</run_address>
         <size>0xc</size>
         <input_file_ref idref="fl-f"/>
      </object_component>
      <object_component id="oc-98">
         <name>.data</name>
         <load_address>0x200064dc</load_address>
         <run_address>0x200064dc</run_address>
         <size>0xc</size>
         <input_file_ref idref="fl-10"/>
      </object_component>
      <object_component id="oc-2a4">
         <name>.data</name>
         <load_address>0x20006458</load_address>
         <run_address>0x20006458</run_address>
         <size>0x14</size>
         <input_file_ref idref="fl-12"/>
      </object_component>
      <object_component id="oc-4a7">
         <name>.data:g_pui8CDCSerDeviceDescriptor</name>
         <load_address>0x20006480</load_address>
         <run_address>0x20006480</run_address>
         <size>0x12</size>
         <input_file_ref idref="fl-38"/>
      </object_component>
      <object_component id="oc-4b6">
         <name>.data:g_pui8CDCSerDescriptor</name>
         <load_address>0x2000650c</load_address>
         <run_address>0x2000650c</run_address>
         <size>0x9</size>
         <input_file_ref idref="fl-38"/>
      </object_component>
      <object_component id="oc-725">
         <name>.data:g_pui8IADSerDescriptor</name>
         <load_address>0x20006521</load_address>
         <run_address>0x20006521</run_address>
         <size>0x8</size>
         <input_file_ref idref="fl-38"/>
      </object_component>
      <object_component id="oc-6b6">
         <name>.data:g_psCDCSerSections</name>
         <load_address>0x200064c4</load_address>
         <run_address>0x200064c4</run_address>
         <size>0xc</size>
         <input_file_ref idref="fl-38"/>
      </object_component>
      <object_component id="oc-6bb">
         <name>.data:g_psCDCSerSectionsHS</name>
         <load_address>0x200064d0</load_address>
         <run_address>0x200064d0</run_address>
         <size>0xc</size>
         <input_file_ref idref="fl-38"/>
      </object_component>
      <object_component id="oc-6c0">
         <name>.data:g_psCDCCompSerSections</name>
         <load_address>0x20006494</load_address>
         <run_address>0x20006494</run_address>
         <size>0x10</size>
         <input_file_ref idref="fl-38"/>
      </object_component>
      <object_component id="oc-6c5">
         <name>.data:g_psCDCCompSerSectionsHS</name>
         <load_address>0x200064a4</load_address>
         <run_address>0x200064a4</run_address>
         <size>0x10</size>
         <input_file_ref idref="fl-38"/>
      </object_component>
      <object_component id="oc-4a1">
         <name>.data</name>
         <load_address>0x20006492</load_address>
         <run_address>0x20006492</run_address>
         <size>0x2</size>
         <input_file_ref idref="fl-38"/>
      </object_component>
      <object_component id="oc-21f">
         <name>.data</name>
         <load_address>0x2000652c</load_address>
         <run_address>0x2000652c</run_address>
         <size>0x8</size>
         <input_file_ref idref="fl-3d"/>
      </object_component>
      <object_component id="oc-5ed">
         <name>.data</name>
         <load_address>0x2000646c</load_address>
         <run_address>0x2000646c</run_address>
         <size>0x14</size>
         <input_file_ref idref="fl-4a"/>
      </object_component>
      <object_component id="oc-5ff">
         <name>.data:g_sUSBHEP0State</name>
         <load_address>0x20006440</load_address>
         <run_address>0x20006440</run_address>
         <size>0x18</size>
         <input_file_ref idref="fl-4a"/>
      </object_component>
      <object_component id="oc-21c">
         <name>.data</name>
         <load_address>0x20006518</load_address>
         <run_address>0x20006518</run_address>
         <size>0x9</size>
         <input_file_ref idref="fl-50"/>
      </object_component>
      <object_component id="oc-237">
         <name>.data</name>
         <load_address>0x20006500</load_address>
         <run_address>0x20006500</run_address>
         <size>0xc</size>
         <input_file_ref idref="fl-52"/>
      </object_component>
      <object_component id="oc-2ff">
         <name>.data:g_pui32CPUUsageTimerPeriph</name>
         <load_address>0x20006428</load_address>
         <run_address>0x20006428</run_address>
         <size>0x18</size>
         <input_file_ref idref="fl-56"/>
      </object_component>
      <object_component id="oc-2f9">
         <name>.data:g_pui32CPUUsageTimerBase</name>
         <load_address>0x20006410</load_address>
         <run_address>0x20006410</run_address>
         <size>0x18</size>
         <input_file_ref idref="fl-56"/>
      </object_component>
      <object_component id="oc-c4">
         <name>.data</name>
         <load_address>0x200064f4</load_address>
         <run_address>0x200064f4</run_address>
         <size>0xc</size>
         <input_file_ref idref="fl-57"/>
      </object_component>
      <object_component id="oc-5b9">
         <name>.data</name>
         <load_address>0x20006544</load_address>
         <run_address>0x20006544</run_address>
         <size>0x4</size>
         <input_file_ref idref="fl-131"/>
      </object_component>
      <object_component id="oc-348">
         <name>.bss</name>
         <uninitialized>true</uninitialized>
         <run_address>0x2000626c</run_address>
         <size>0x8</size>
         <input_file_ref idref="fl-7"/>
      </object_component>
      <object_component id="oc-132">
         <name>.bss:pxReadyTasksLists</name>
         <uninitialized>true</uninitialized>
         <run_address>0x20005b38</run_address>
         <size>0x140</size>
         <input_file_ref idref="fl-e"/>
      </object_component>
      <object_component id="oc-157">
         <name>.bss:xDelayedTaskList1</name>
         <uninitialized>true</uninitialized>
         <run_address>0x200061e4</run_address>
         <size>0x14</size>
         <input_file_ref idref="fl-e"/>
      </object_component>
      <object_component id="oc-15a">
         <name>.bss:xDelayedTaskList2</name>
         <uninitialized>true</uninitialized>
         <run_address>0x200061f8</run_address>
         <size>0x14</size>
         <input_file_ref idref="fl-e"/>
      </object_component>
      <object_component id="oc-138">
         <name>.bss</name>
         <uninitialized>true</uninitialized>
         <run_address>0x2000625c</run_address>
         <size>0x8</size>
         <input_file_ref idref="fl-e"/>
      </object_component>
      <object_component id="oc-14a">
         <name>.bss:xPendingReadyList</name>
         <uninitialized>true</uninitialized>
         <run_address>0x2000620c</run_address>
         <size>0x14</size>
         <input_file_ref idref="fl-e"/>
      </object_component>
      <object_component id="oc-135">
         <name>.bss:xTasksWaitingTermination</name>
         <uninitialized>true</uninitialized>
         <run_address>0x20006234</run_address>
         <size>0x14</size>
         <input_file_ref idref="fl-e"/>
      </object_component>
      <object_component id="oc-13b">
         <name>.bss:xSuspendedTaskList</name>
         <uninitialized>true</uninitialized>
         <run_address>0x20006220</run_address>
         <size>0x14</size>
         <input_file_ref idref="fl-e"/>
      </object_component>
      <object_component id="oc-2bf">
         <name>.bss:xActiveTimerList1</name>
         <uninitialized>true</uninitialized>
         <run_address>0x200061bc</run_address>
         <size>0x14</size>
         <input_file_ref idref="fl-f"/>
      </object_component>
      <object_component id="oc-2c2">
         <name>.bss:xActiveTimerList2</name>
         <uninitialized>true</uninitialized>
         <run_address>0x200061d0</run_address>
         <size>0x14</size>
         <input_file_ref idref="fl-f"/>
      </object_component>
      <object_component id="oc-2bc">
         <name>.bss</name>
         <uninitialized>true</uninitialized>
         <run_address>0x20006264</run_address>
         <size>0x8</size>
         <input_file_ref idref="fl-f"/>
      </object_component>
      <object_component id="oc-2aa">
         <name>.bss:ucHeap</name>
         <uninitialized>true</uninitialized>
         <run_address>0x2000026c</run_address>
         <size>0x5000</size>
         <input_file_ref idref="fl-12"/>
      </object_component>
      <object_component id="oc-2a7">
         <name>.bss:xStart</name>
         <uninitialized>true</uninitialized>
         <run_address>0x2000627c</run_address>
         <size>0x8</size>
         <input_file_ref idref="fl-12"/>
      </object_component>
      <object_component id="oc-225">
         <name>.bss:g_pui8DataBufferIn</name>
         <uninitialized>true</uninitialized>
         <run_address>0x200060c4</run_address>
         <size>0x40</size>
         <input_file_ref idref="fl-3d"/>
      </object_component>
      <object_component id="oc-222">
         <name>.bss</name>
         <uninitialized>true</uninitialized>
         <run_address>0x20006284</run_address>
         <size>0x4</size>
         <input_file_ref idref="fl-3d"/>
      </object_component>
      <object_component id="oc-695">
         <name>.bss:g_sRootHub</name>
         <uninitialized>true</uninitialized>
         <run_address>0x20005f88</run_address>
         <size>0x9c</size>
         <input_file_ref idref="fl-48"/>
      </object_component>
      <object_component id="oc-698">
         <name>.bss</name>
         <uninitialized>true</uninitialized>
         <run_address>0x20006274</run_address>
         <size>0x8</size>
         <input_file_ref idref="fl-48"/>
      </object_component>
      <object_component id="oc-5f9">
         <name>.bss</name>
         <uninitialized>true</uninitialized>
         <run_address>0x20006288</run_address>
         <size>0x4</size>
         <input_file_ref idref="fl-4a"/>
      </object_component>
      <object_component id="oc-5f6">
         <name>.bss:g_pi32USBHActiveDriver</name>
         <uninitialized>true</uninitialized>
         <run_address>0x20006148</run_address>
         <size>0x18</size>
         <input_file_ref idref="fl-4a"/>
      </object_component>
      <object_component id="oc-5fc">
         <name>.bss:g_ppvDriverInstance</name>
         <uninitialized>true</uninitialized>
         <run_address>0x20006160</run_address>
         <size>0x18</size>
         <input_file_ref idref="fl-4a"/>
      </object_component>
      <object_component id="oc-5e7">
         <name>.bss:g_sUSBHCD</name>
         <uninitialized>true</uninitialized>
         <run_address>0x2000526c</run_address>
         <size>0x6cc</size>
         <input_file_ref idref="fl-4a"/>
      </object_component>
      <object_component id="oc-5ea">
         <name>.bss:g_pui32Alloc</name>
         <uninitialized>true</uninitialized>
         <run_address>0x20006254</run_address>
         <size>0x8</size>
         <input_file_ref idref="fl-4a"/>
      </object_component>
      <object_component id="oc-392">
         <name>.bss:g_psUSBDMAInst</name>
         <uninitialized>true</uninitialized>
         <run_address>0x20005c78</run_address>
         <size>0x110</size>
         <input_file_ref idref="fl-4e"/>
      </object_component>
      <object_component id="oc-49c">
         <name>.bss</name>
         <uninitialized>true</uninitialized>
         <run_address>0x2000628c</run_address>
         <size>0x4</size>
         <input_file_ref idref="fl-50"/>
      </object_component>
      <object_component id="oc-47a">
         <name>.bss:g_ppcArgv</name>
         <uninitialized>true</uninitialized>
         <run_address>0x20006104</run_address>
         <size>0x24</size>
         <input_file_ref idref="fl-55"/>
      </object_component>
      <object_component id="oc-2fc">
         <name>.bss</name>
         <uninitialized>true</uninitialized>
         <run_address>0x20006248</run_address>
         <size>0xc</size>
         <input_file_ref idref="fl-56"/>
      </object_component>
      <object_component id="oc-b8">
         <name>.bss</name>
         <uninitialized>true</uninitialized>
         <run_address>0x200061a8</run_address>
         <size>0x14</size>
         <input_file_ref idref="fl-57"/>
      </object_component>
      <object_component id="oc-ca">
         <name>.bss:g_pcUARTRxHistoryBuffer</name>
         <uninitialized>true</uninitialized>
         <run_address>0x20005938</run_address>
         <size>0x200</size>
         <input_file_ref idref="fl-57"/>
      </object_component>
      <object_component id="oc-c7">
         <name>.bss:g_usUARTRxHistoryOffset</name>
         <uninitialized>true</uninitialized>
         <run_address>0x20006128</run_address>
         <size>0x20</size>
         <input_file_ref idref="fl-57"/>
      </object_component>
      <object_component id="oc-18a">
         <name>.common:g_ui32CPUUsage</name>
         <uninitialized>true</uninitialized>
         <run_address>0x20006294</run_address>
         <size>0x4</size>
      </object_component>
      <object_component id="oc-19c">
         <name>.common:g_ui32SystemClock</name>
         <uninitialized>true</uninitialized>
         <run_address>0x2000629c</run_address>
         <size>0x4</size>
      </object_component>
      <object_component id="oc-19a">
         <name>.common:mutexUSB</name>
         <uninitialized>true</uninitialized>
         <run_address>0x200062a4</run_address>
         <size>0x4</size>
      </object_component>
      <object_component id="oc-199">
         <name>.common:mutexUART</name>
         <uninitialized>true</uninitialized>
         <run_address>0x200062a0</run_address>
         <size>0x4</size>
      </object_component>
      <object_component id="oc-19b">
         <name>.common:semaforo</name>
         <uninitialized>true</uninitialized>
         <run_address>0x200062a8</run_address>
         <size>0x4</size>
      </object_component>
      <object_component id="oc-4c0">
         <name>.common:g_pui8USBRxBuffer</name>
         <uninitialized>true</uninitialized>
         <run_address>0x20005d88</run_address>
         <size>0x100</size>
      </object_component>
      <object_component id="oc-4ce">
         <name>.common:g_pui8USBTxBuffer</name>
         <uninitialized>true</uninitialized>
         <run_address>0x20005e88</run_address>
         <size>0x100</size>
      </object_component>
      <object_component id="oc-1c1">
         <name>.common:xQueueRegistry</name>
         <uninitialized>true</uninitialized>
         <run_address>0x20006074</run_address>
         <size>0x50</size>
      </object_component>
      <object_component id="oc-218">
         <name>.common:g_psDCDInst</name>
         <uninitialized>true</uninitialized>
         <run_address>0x20006024</run_address>
         <size>0x50</size>
      </object_component>
      <object_component id="oc-21b">
[...]
         <name>USBBufferZeroLengthPacketInsert</name>
         <value>0x12f89</value>
         <object_component_ref idref="oc-333"/>
      </symbol>
      <symbol id="sm-19c6">
         <name>USBBufferFlush</name>
         <value>0x130d5</value>
         <object_component_ref idref="oc-333"/>
      </symbol>
      <symbol id="sm-19ef">
         <name>USBDescGetInterfaceEndpoint</name>
         <value>0x161db</value>
         <object_component_ref idref="oc-3b4"/>
      </symbol>
      <symbol id="sm-19f0">
         <name>USBDescGetInterface</name>
         <value>0x161ad</value>
         <object_component_ref idref="oc-3b4"/>
      </symbol>
      <symbol id="sm-19f1">
         <name>USBDescGet</name>
         <value>0x16089</value>
         <object_component_ref idref="oc-3b4"/>
      </symbol>
      <symbol id="sm-19f2">
         <name>USBDescGetNum</name>
         <value>0x1602d</value>
         <object_component_ref idref="oc-3b4"/>
      </symbol>
      <symbol id="sm-19f3">
         <name>USBDescGetNumAlternateInterfaces</name>
         <value>0x160f3</value>
         <object_component_ref idref="oc-3b4"/>
      </symbol>
      <symbol id="sm-1ada">
         <name>USBLibDMASizeGet</name>
         <value>0xebb5</value>
         <object_component_ref idref="oc-20c"/>
      </symbol>
      <symbol id="sm-1adb">
         <name>USBLibDMAAddrGet</name>
         <value>0xeb9d</value>
         <object_component_ref idref="oc-20c"/>
      </symbol>
      <symbol id="sm-1adc">
         <name>USBLibDMAInit</name>
         <value>0xebcd</value>
         <object_component_ref idref="oc-20c"/>
      </symbol>
      <symbol id="sm-1b57">
         <name>g_ui32PollRate</name>
         <value>0x20006298</value>
      </symbol>
      <symbol id="sm-1b58">
         <name>g_eOTGModeState</name>
         <value>0x200062ac</value>
      </symbol>
      <symbol id="sm-1b59">
         <name>USBOTGModeTerm</name>
         <value>0x133ff</value>
         <object_component_ref idref="oc-339"/>
      </symbol>
      <symbol id="sm-1b5a">
         <name>USB0DualModeIntHandler</name>
         <value>0x132f3</value>
         <object_component_ref idref="oc-339"/>
      </symbol>
      <symbol id="sm-1b5b">
         <name>USBOTGMain</name>
         <value>0x1369f</value>
         <object_component_ref idref="oc-339"/>
      </symbol>
      <symbol id="sm-1b5c">
         <name>USB0OTGModeIntHandler</name>
         <value>0x1359d</value>
         <object_component_ref idref="oc-339"/>
      </symbol>
      <symbol id="sm-1b5d">
         <name>USBDualModeInit</name>
         <value>0x1333f</value>
         <object_component_ref idref="oc-339"/>
      </symbol>
      <symbol id="sm-1b5e">
         <name>USBDualModeTerm</name>
         <value>0x133bd</value>
         <object_component_ref idref="oc-339"/>
      </symbol>
      <symbol id="sm-1b5f">
         <name>g_iUSBMode</name>
         <value>0x20006518</value>
         <object_component_ref idref="oc-21c"/>
      </symbol>
      <symbol id="sm-1b60">
         <name>USBOTGModeInit</name>
         <value>0x13447</value>
         <object_component_ref idref="oc-339"/>
      </symbol>
      <symbol id="sm-1b61">
         <name>USBStackModeSet</name>
         <value>0x132a9</value>
         <object_component_ref idref="oc-339"/>
      </symbol>
      <symbol id="sm-1b62">
         <name>g_ui32WaitTicks</name>
         <value>0x2000651c</value>
         <object_component_ref idref="oc-21c"/>
      </symbol>
      <symbol id="sm-1b63">
         <name>USBOTGPollRate</name>
         <value>0x1356d</value>
         <object_component_ref idref="oc-339"/>
      </symbol>
      <symbol id="sm-1b64">
         <name>OTGDeviceDisconnect</name>
         <value>0x13685</value>
         <object_component_ref idref="oc-339"/>
      </symbol>
      <symbol id="sm-1b65">
         <name>USBOTGFeatureSet</name>
         <value>0x1373d</value>
         <object_component_ref idref="oc-339"/>
      </symbol>
      <symbol id="sm-1bbc">
         <name>USBRingBufWrite</name>
         <value>0x13fef</value>
         <object_component_ref idref="oc-48d"/>
      </symbol>
      <symbol id="sm-1bbd">
         <name>USBRingBufContigUsed</name>
         <value>0x13d71</value>
         <object_component_ref idref="oc-48d"/>
      </symbol>
      <symbol id="sm-1bbe">
         <name>USBRingBufFlush</name>
         <value>0x13ce7</value>
         <object_component_ref idref="oc-48d"/>
      </symbol>
      <symbol id="sm-1bbf">
         <name>USBRingBufAdvanceWrite</name>
         <value>0x13f19</value>
         <object_component_ref idref="oc-48d"/>
      </symbol>
      <symbol id="sm-1bc0">
         <name>USBRingBufWriteOne</name>
         <value>0x13fa9</value>
         <object_component_ref idref="oc-48d"/>
      </symbol>
      <symbol id="sm-1bc1">
         <name>USBRingBufUsed</name>
         <value>0x13d13</value>
         <object_component_ref idref="oc-48d"/>
      </symbol>
      <symbol id="sm-1bc2">
         <name>USBRingBufFree</name>
         <value>0x13d4d</value>
         <object_component_ref idref="oc-48d"/>
      </symbol>
      <symbol id="sm-1bc3">
         <name>USBRingBufAdvanceRead</name>
         <value>0x13ec3</value>
         <object_component_ref idref="oc-48d"/>
      </symbol>
      <symbol id="sm-1bc4">
         <name>USBRingBufFull</name>
         <value>0x13c73</value>
         <object_component_ref idref="oc-48d"/>
      </symbol>
      <symbol id="sm-1bc5">
         <name>USBRingBufReadOne</name>
         <value>0x13e07</value>
         <object_component_ref idref="oc-48d"/>
      </symbol>
      <symbol id="sm-1bc6">
         <name>USBRingBufEmpty</name>
         <value>0x13cb5</value>
         <object_component_ref idref="oc-48d"/>
      </symbol>
      <symbol id="sm-1bc7">
         <name>USBRingBufSize</name>
         <value>0x13def</value>
         <object_component_ref idref="oc-48d"/>
      </symbol>
      <symbol id="sm-1bc8">
         <name>USBRingBufInit</name>
         <value>0x14065</value>
         <object_component_ref idref="oc-48d"/>
      </symbol>
      <symbol id="sm-1bc9">
         <name>USBRingBufRead</name>
         <value>0x13e4d</value>
         <object_component_ref idref="oc-48d"/>
      </symbol>
      <symbol id="sm-1bca">
         <name>USBRingBufContigFree</name>
         <value>0x13da9</value>
         <object_component_ref idref="oc-48d"/>
      </symbol>
      <symbol id="sm-1bf3">
         <name>g_pfnTickHandlers</name>
         <value>0x20006178</value>
      </symbol>
      <symbol id="sm-1bf4">
         <name>g_pvTickInstance</name>
         <value>0x20006190</value>
      </symbol>
      <symbol id="sm-1bf5">
         <name>g_ui32USBSOFCount</name>
         <value>0x20006508</value>
         <object_component_ref idref="oc-237"/>
      </symbol>
      <symbol id="sm-1bf6">
         <name>InternalUSBTickReset</name>
         <value>0x16db7</value>
         <object_component_ref idref="oc-212"/>
      </symbol>
      <symbol id="sm-1bf7">
         <name>g_bUSBTimerInitialized</name>
         <value>0x20006500</value>
         <object_component_ref idref="oc-237"/>
      </symbol>
      <symbol id="sm-1bf8">
         <name>g_ui32CurrentUSBTick</name>
         <value>0x20006504</value>
         <object_component_ref idref="oc-237"/>
      </symbol>
      <symbol id="sm-1bf9">
         <name>InternalUSBStartOfFrameTick</name>
         <value>0x16e0f</value>
         <object_component_ref idref="oc-212"/>
      </symbol>
      <symbol id="sm-1bfa">
         <name>InternalUSBRegisterTickHandler</name>
         <value>0x16dbf</value>
         <object_component_ref idref="oc-212"/>
      </symbol>
      <symbol id="sm-1bfb">
         <name>InternalUSBTickInit</name>
         <value>0x16d79</value>
         <object_component_ref idref="oc-212"/>
      </symbol>
      <symbol id="sm-1c08">
         <name>ULPIPowerTransceiver</name>
         <value>0x16fe1</value>
         <object_component_ref idref="oc-206"/>
      </symbol>
      <symbol id="sm-1c09">
         <name>ULPIConfigSet</name>
         <value>0x16f3f</value>
         <object_component_ref idref="oc-206"/>
      </symbol>
      <symbol id="sm-1c23">
         <name>GetOverflowCounts</name>
         <value>0x17961</value>
         <object_component_ref idref="oc-150"/>
      </symbol>
      <symbol id="sm-1c24">
         <name>vConfigureTimerForRunTimeStats</name>
         <value>0x174f9</value>
         <object_component_ref idref="oc-144"/>
      </symbol>
      <symbol id="sm-1c44">
         <name>CmdLineProcess</name>
         <value>0x170bd</value>
         <object_component_ref idref="oc-323"/>
      </symbol>
      <symbol id="sm-1c74">
         <name>CPUUsageInit</name>
         <value>0x16963</value>
         <object_component_ref idref="oc-175"/>
      </symbol>
      <symbol id="sm-1c75">
         <name>CPUUsageTick</name>
         <value>0x16925</value>
         <object_component_ref idref="oc-175"/>
      </symbol>
      <symbol id="sm-1d7f">
         <name>UARTTxBytesFree</name>
         <value>0x104ef</value>
         <object_component_ref idref="oc-38"/>
      </symbol>
      <symbol id="sm-1d80">
         <name>UARTFlushRx</name>
         <value>0x104fb</value>
         <object_component_ref idref="oc-38"/>
      </symbol>
      <symbol id="sm-1d81">
         <name>UARTgetc</name>
         <value>0x10185</value>
         <object_component_ref idref="oc-38"/>
      </symbol>
      <symbol id="sm-1d82">
         <name>UARTgets</name>
         <value>0xfd25</value>
         <object_component_ref idref="oc-38"/>
      </symbol>
      <symbol id="sm-1d83">
         <name>UARTFlushTx</name>
         <value>0x10509</value>
         <object_component_ref idref="oc-38"/>
      </symbol>
      <symbol id="sm-1d84">
         <name>UARTStdioConfig</name>
         <value>0xfb2f</value>
         <object_component_ref idref="oc-38"/>
      </symbol>
      <symbol id="sm-1d85">
         <name>UARTStdioIntHandler</name>
         <value>0x10557</value>
         <object_component_ref idref="oc-38"/>
      </symbol>
      <symbol id="sm-1d86">
         <name>UARTRxBytesAvail</name>
         <value>0x104e3</value>
         <object_component_ref idref="oc-38"/>
      </symbol>
      <symbol id="sm-1d87">
         <name>UARTwrite</name>
         <value>0xfc5b</value>
         <object_component_ref idref="oc-38"/>
      </symbol>
      <symbol id="sm-1d88">
         <name>UARTEchoSet</name>
         <value>0x1052f</value>
         <object_component_ref idref="oc-38"/>
      </symbol>
      <symbol id="sm-1d89">
         <name>UARTprintf</name>
         <value>0x104bf</value>
         <object_component_ref idref="oc-38"/>
      </symbol>
      <symbol id="sm-1d8a">
         <name>UARTvprintf</name>
         <value>0x101ad</value>
         <object_component_ref idref="oc-38"/>
      </symbol>
      <symbol id="sm-1db1">
         <name>sprintf</name>
         <value>0x17841</value>
         <object_component_ref idref="oc-169"/>
      </symbol>
      <symbol id="sm-1dcd">
         <name>memcpy</name>
         <value>0x17169</value>
         <object_component_ref idref="oc-52"/>
      </symbol>
      <symbol id="sm-1dce">
         <name>__aeabi_memcpy</name>
         <value>0x17169</value>
         <object_component_ref idref="oc-52"/>
      </symbol>
      <symbol id="sm-1dcf">
         <name>__aeabi_memcpy8</name>
         <value>0x17169</value>
         <object_component_ref idref="oc-52"/>
      </symbol>
      <symbol id="sm-1dd0">
         <name>__aeabi_memcpy4</name>
         <value>0x17169</value>
         <object_component_ref idref="oc-52"/>
      </symbol>
      <symbol id="sm-1ddf">
         <name>__aeabi_memset</name>
         <value>0x173a9</value>
         <object_component_ref idref="oc-104"/>
      </symbol>
      <symbol id="sm-1de0">
         <name>memset</name>
         <value>0x173af</value>
         <object_component_ref idref="oc-104"/>
      </symbol>
      <symbol id="sm-1de1">
         <name>__aeabi_memset8</name>
         <value>0x173a9</value>
         <object_component_ref idref="oc-104"/>
      </symbol>
      <symbol id="sm-1de2">
         <name>__aeabi_memset4</name>
         <value>0x173a9</value>
         <object_component_ref idref="oc-104"/>
      </symbol>
      <symbol id="sm-1de3">
         <name>__aeabi_memclr8</name>
         <value>0x173a7</value>
         <object_component_ref idref="oc-104"/>
      </symbol>
      <symbol id="sm-1de4">
         <name>__aeabi_memclr4</name>
         <value>0x173a7</value>
         <object_component_ref idref="oc-104"/>
      </symbol>
      <symbol id="sm-1de5">
         <name>__aeabi_memclr</name>
         <value>0x173a7</value>
         <object_component_ref idref="oc-104"/>
      </symbol>
      <symbol id="sm-1df4">
         <name>__aeabi_uidivmod</name>
         <value>0x17801</value>
         <object_component_ref idref="oc-cd"/>
      </symbol>
      <symbol id="sm-1df5">
         <name>__aeabi_uidiv</name>
         <value>0x17801</value>
         <object_component_ref idref="oc-cd"/>
      </symbol>
      <symbol id="sm-1e07">
         <name>__TI_zero_init</name>
         <value>0x17a6d</value>
         <object_component_ref idref="oc-64"/>
      </symbol>
      <symbol id="sm-1e1e">
         <name>__TI_decompress_none</name>
         <value>0x17a5f</value>
         <object_component_ref idref="oc-1b"/>
      </symbol>
      <symbol id="sm-1e41">
         <name>__TI_decompress_lzss</name>
         <value>0x17561</value>
         <object_component_ref idref="oc-15"/>
      </symbol>
      <symbol id="sm-1e50">
         <name>strcmp</name>
         <value>0x179f7</value>
         <object_component_ref idref="oc-474"/>
      </symbol>
      <symbol id="sm-1e5e">
         <name>strcpy</name>
         <value>0x17a25</value>
         <object_component_ref idref="oc-15d"/>
      </symbol>
      <symbol id="sm-1e6c">
         <name>strlen</name>
         <value>0x17a39</value>
         <object_component_ref idref="oc-163"/>
      </symbol>
      <symbol id="sm-1e7f">
         <name>__stack</name>
         <value>0x20006548</value>
         <object_component_ref idref="oc-24"/>
      </symbol>
      <symbol id="sm-1e80">
         <name>_c_int00_noargs</name>
         <value>0x178fd</value>
         <object_component_ref idref="oc-70"/>
      </symbol>
      <symbol id="sm-1fe5">
         <name>__TI_printfi</name>
         <value>0x11169</value>
         <object_component_ref idref="oc-2e4"/>
      </symbol>
      <symbol id="sm-1fef">
         <name>__aeabi_idiv0</name>
         <value>0x11bb7</value>
         <object_component_ref idref="oc-1f5"/>
      </symbol>
      <symbol id="sm-1ff0">
         <name>__aeabi_ldiv0</name>
         <value>0x11bb7</value>
         <object_component_ref idref="oc-1f5"/>
      </symbol>
      <symbol id="sm-2007">
         <name>__aeabi_dsub</name>
         <value>0x163d1</value>
         <object_component_ref idref="oc-57d"/>
      </symbol>
      <symbol id="sm-2008">
         <name>__aeabi_dadd</name>
         <value>0x163db</value>
         <object_component_ref idref="oc-57d"/>
      </symbol>
      <symbol id="sm-202a">
         <name>__aeabi_cdcmpeq</name>
         <value>0x1729b</value>
         <object_component_ref idref="oc-418"/>
      </symbol>
      <symbol id="sm-202b">
         <name>__aeabi_cdcmple</name>
         <value>0x1729b</value>
         <object_component_ref idref="oc-418"/>
      </symbol>
      <symbol id="sm-202c">
         <name>__aeabi_cdrcmple</name>
         <value>0x17321</value>
         <object_component_ref idref="oc-568"/>
      </symbol>
      <symbol id="sm-2040">
         <name>__aeabi_ddiv</name>
         <value>0x166c5</value>
         <object_component_ref idref="oc-563"/>
      </symbol>
      <symbol id="sm-204b">
         <name>__aeabi_dmul</name>
         <value>0x16c7d</value>
         <object_component_ref idref="oc-55e"/>
      </symbol>
      <symbol id="sm-2055">
         <name>__aeabi_d2iz</name>
         <value>0x17775</value>
         <object_component_ref idref="oc-56d"/>
      </symbol>
      <symbol id="sm-205f">
         <name>__aeabi_i2d</name>
         <value>0x17931</value>
         <object_component_ref idref="oc-578"/>
      </symbol>
      <symbol id="sm-206c">
         <name>__aeabi_uldivmod</name>
         <value>0x17205</value>
         <object_component_ref idref="oc-557"/>
      </symbol>
      <symbol id="sm-2094">
         <name>__TI_auto_init_nobinit_nopinit</name>
         <value>0x177bd</value>
         <object_component_ref idref="oc-25c"/>
      </symbol>
      <symbol id="sm-209e">
         <name>_system_pre_init</name>
         <value>0x17a9f</value>
         <object_component_ref idref="oc-10a"/>
      </symbol>
      <symbol id="sm-20aa">
         <name>C$$EXIT</name>
         <value>0x17aa3</value>
         <object_component_ref idref="oc-250"/>
      </symbol>
      <symbol id="sm-20ab">
         <name>abort</name>
         <value>0x17aa3</value>
         <object_component_ref idref="oc-250"/>
      </symbol>
      <symbol id="sm-20bb">
         <name>__TI_ltoa</name>
         <value>0x17683</value>
         <object_component_ref idref="oc-572"/>
      </symbol>
      <symbol id="sm-20d2">
         <name>atoi</name>
         <value>0x17729</value>
         <object_component_ref idref="oc-40c"/>
      </symbol>
      <symbol id="sm-20dd">
         <name>_ctypes_</name>
         <value>0x17e58</value>
         <object_component_ref idref="oc-552"/>
      </symbol>
      <symbol id="sm-20ed">
         <name>memccpy</name>
         <value>0x179a9</value>
         <object_component_ref idref="oc-435"/>
      </symbol>
      <symbol id="sm-20fd">
         <name>strchr</name>
         <value>0x17a0f</value>
         <object_component_ref idref="oc-5a9"/>
      </symbol>
      <symbol id="sm-2113">
         <name>__aeabi_errno_addr</name>
         <value>0x17a91</value>
         <object_component_ref idref="oc-441"/>
      </symbol>
      <symbol id="sm-2114">
         <name>errno</name>
         <value>0x20006544</value>
         <object_component_ref idref="oc-5b9"/>
      </symbol>
      <symbol id="sm-212d">
         <name>wcslen</name>
         <value>0x17a4d</value>
         <object_component_ref idref="oc-43b"/>
      </symbol>
      <symbol id="sm-214d">
         <name>frexpl</name>
         <value>0x175c9</value>
         <object_component_ref idref="oc-59d"/>
      </symbol>
      <symbol id="sm-214e">
         <name>frexp</name>
         <value>0x175c9</value>
         <object_component_ref idref="oc-59d"/>
      </symbol>
      <symbol id="sm-216b">
         <name>scalbn</name>
         <value>0x16b6d</value>
         <object_component_ref idref="oc-5a3"/>
      </symbol>
      <symbol id="sm-216c">
         <name>scalbnl</name>
         <value>0x16b6d</value>
         <object_component_ref idref="oc-5a3"/>
      </symbol>
      <symbol id="sm-216d">
         <name>ldexpl</name>
         <value>0x16b6d</value>
         <object_component_ref idref="oc-5a3"/>
      </symbol>
      <symbol id="sm-216e">
         <name>ldexp</name>
         <value>0x16b6d</value>
         <object_component_ref idref="oc-5a3"/>
      </symbol>
      <symbol id="sm-2178">
         <name>copysign</name>
         <value>0x179c5</value>
         <object_component_ref idref="oc-66f"/>
      </symbol>
      <symbol id="sm-2179">
         <name>copysignl</name>
         <value>0x179c5</value>
         <object_component_ref idref="oc-66f"/>
      </symbol>
      <symbol id="sm-217a">
         <name>__TI_static_base__</name>
         <value>0x0</value>
      </symbol>
      <symbol id="sm-217d">
         <name>__mpu_init</name>
         <value>0x0</value>
      </symbol>
      <symbol id="sm-217e">
         <name>_system_post_cinit</name>
         <value>0x0</value>
      </symbol>
   </symbol_table>
   <title>Link successful</title>
</link_info>
