<?xml version="1.0" encoding="ISO-8859-1" ?>
<link_info>
   <banner>TI ARM Linker PC v20.2.7.LTS</banner>
   <copyright>Copyright (c) 1996-2018 Texas Instruments Incorporated</copyright>
   <link_time>0x6a280135</link_time>
   <link_errors>0x0</link_errors>
   <output_file>practica-TIVA-2026.out</output_file>
   <entry_point>
      <name>_c_int00_noargs</name>
      <address>0x17951</address>
   </entry_point>
   <input_file_list>
      <input_file id="fl-2">
         <path>.\</path>
         <kind>object</kind>
         <file>commands.obj</file>
         <name>commands.obj</name>
      </input_file>
      <input_file id="fl-3">
         <path>.\</path>
         <kind>object</kind>
         <file>crc.obj</file>
         <name>crc.obj</name>
      </input_file>
      <input_file id="fl-4">
         <path>.\</path>
         <kind>object</kind>
         <file>main.obj</file>
         <name>main.obj</name>
      </input_file>
      <input_file id="fl-5">
         <path>.\</path>
         <kind>object</kind>
         <file>serial2USBprotocol.obj</file>
         <name>serial2USBprotocol.obj</name>
      </input_file>
      <input_file id="fl-6">
         <path>.\</path>
         <kind>object</kind>
         <file>startup_ccs.obj</file>
         <name>startup_ccs.obj</name>
      </input_file>
      <input_file id="fl-7">
         <path>.\</path>
         <kind>object</kind>
         <file>usb_dev_serial.obj</file>
         <name>usb_dev_serial.obj</name>
      </input_file>
      <input_file id="fl-8">
         <path>.\</path>
         <kind>object</kind>
         <file>usb_serial_structs.obj</file>
         <name>usb_serial_structs.obj</name>
      </input_file>
      <input_file id="fl-9">
         <path>.\FreeRTOS\Source\</path>
         <kind>object</kind>
         <file>croutine.obj</file>
         <name>croutine.obj</name>
      </input_file>
      <input_file id="fl-a">
         <path>.\FreeRTOS\Source\</path>
         <kind>object</kind>
         <file>event_groups.obj</file>
         <name>event_groups.obj</name>
      </input_file>
      <input_file id="fl-b">
         <path>.\FreeRTOS\Source\</path>
         <kind>object</kind>
         <file>list.obj</file>
         <name>list.obj</name>
      </input_file>
      <input_file id="fl-c">
         <path>.\FreeRTOS\Source\</path>
         <kind>object</kind>
         <file>queue.obj</file>
         <name>queue.obj</name>
      </input_file>
      <input_file id="fl-d">
         <path>.\FreeRTOS\Source\</path>
         <kind>object</kind>
         <file>stream_buffer.obj</file>
         <name>stream_buffer.obj</name>
      </input_file>
      <input_file id="fl-e">
         <path>.\FreeRTOS\Source\</path>
         <kind>object</kind>
         <file>tasks.obj</file>
         <name>tasks.obj</name>
      </input_file>
      <input_file id="fl-f">
         <path>.\FreeRTOS\Source\</path>
         <kind>object</kind>
         <file>timers.obj</file>
         <name>timers.obj</name>
      </input_file>
      <input_file id="fl-10">
         <path>.\FreeRTOS\Source\portable\CCS\ARM_CM4F\</path>
         <kind>object</kind>
         <file>port.obj</file>
         <name>port.obj</name>
      </input_file>
      <input_file id="fl-11">
         <path>.\FreeRTOS\Source\portable\CCS\ARM_CM4F\</path>
         <kind>object</kind>
         <file>portasm.obj</file>
         <name>portasm.obj</name>
      </input_file>
      <input_file id="fl-12">
         <path>.\FreeRTOS\Source\portable\MemMang\</path>
         <kind>object</kind>
         <file>heap_4.obj</file>
         <name>heap_4.obj</name>
      </input_file>
      <input_file id="fl-13">
         <path>.\driverlib\</path>
         <kind>object</kind>
         <file>adc.obj</file>
         <name>adc.obj</name>
      </input_file>
      <input_file id="fl-14">
         <path>.\driverlib\</path>
         <kind>object</kind>
         <file>aes.obj</file>
         <name>aes.obj</name>
      </input_file>
      <input_file id="fl-15">
         <path>.\driverlib\</path>
         <kind>object</kind>
         <file>can.obj</file>
         <name>can.obj</name>
      </input_file>
      <input_file id="fl-16">
         <path>.\driverlib\</path>
         <kind>object</kind>
         <file>comp.obj</file>
         <name>comp.obj</name>
      </input_file>
      <input_file id="fl-17">
         <path>.\driverlib\</path>
         <kind>object</kind>
         <file>cpu.obj</file>
         <name>cpu.obj</name>
      </input_file>
      <input_file id="fl-18">
         <path>.\driverlib\</path>
         <kind>object</kind>
         <file>crc.obj</file>
         <name>crc.obj</name>
      </input_file>
      <input_file id="fl-19">
         <path>.\driverlib\</path>
         <kind>object</kind>
         <file>des.obj</file>
         <name>des.obj</name>
      </input_file>
      <input_file id="fl-1a">
         <path>.\driverlib\</path>
         <kind>object</kind>
         <file>eeprom.obj</file>
         <name>eeprom.obj</name>
      </input_file>
      <input_file id="fl-1b">
         <path>.\driverlib\</path>
         <kind>object</kind>
         <file>emac.obj</file>
         <name>emac.obj</name>
      </input_file>
      <input_file id="fl-1c">
         <path>.\driverlib\</path>
         <kind>object</kind>
         <file>epi.obj</file>
         <name>epi.obj</name>
      </input_file>
      <input_file id="fl-1d">
         <path>.\driverlib\</path>
         <kind>object</kind>
         <file>epi_workaround_ccs.obj</file>
         <name>epi_workaround_ccs.obj</name>
      </input_file>
      <input_file id="fl-1e">
         <path>.\driverlib\</path>
         <kind>object</kind>
         <file>flash.obj</file>
         <name>flash.obj</name>
      </input_file>
      <input_file id="fl-1f">
         <path>.\driverlib\</path>
         <kind>object</kind>
         <file>fpu.obj</file>
         <name>fpu.obj</name>
      </input_file>
      <input_file id="fl-20">
         <path>.\driverlib\</path>
         <kind>object</kind>
         <file>gpio.obj</file>
         <name>gpio.obj</name>
      </input_file>
      <input_file id="fl-21">
         <path>.\driverlib\</path>
         <kind>object</kind>
         <file>hibernate.obj</file>
         <name>hibernate.obj</name>
      </input_file>
      <input_file id="fl-22">
         <path>.\driverlib\</path>
         <kind>object</kind>
         <file>i2c.obj</file>
         <name>i2c.obj</name>
      </input_file>
      <input_file id="fl-23">
         <path>.\driverlib\</path>
         <kind>object</kind>
         <file>interrupt.obj</file>
         <name>interrupt.obj</name>
      </input_file>
      <input_file id="fl-24">
         <path>.\driverlib\</path>
         <kind>object</kind>
         <file>lcd.obj</file>
         <name>lcd.obj</name>
      </input_file>
      <input_file id="fl-25">
         <path>.\driverlib\</path>
         <kind>object</kind>
         <file>mpu.obj</file>
         <name>mpu.obj</name>
      </input_file>
      <input_file id="fl-26">
         <path>.\driverlib\</path>
         <kind>object</kind>
         <file>onewire.obj</file>
         <name>onewire.obj</name>
      </input_file>
      <input_file id="fl-27">
         <path>.\driverlib\</path>
         <kind>object</kind>
         <file>pwm.obj</file>
         <name>pwm.obj</name>
      </input_file>
      <input_file id="fl-28">
         <path>.\driverlib\</path>
         <kind>object</kind>
         <file>qei.obj</file>
         <name>qei.obj</name>
      </input_file>
      <input_file id="fl-29">
         <path>.\driverlib\</path>
         <kind>object</kind>
         <file>shamd5.obj</file>
         <name>shamd5.obj</name>
      </input_file>
      <input_file id="fl-2a">
         <path>.\driverlib\</path>
         <kind>object</kind>
         <file>ssi.obj</file>
         <name>ssi.obj</name>
      </input_file>
      <input_file id="fl-2b">
         <path>.\driverlib\</path>
         <kind>object</kind>
         <file>sw_crc.obj</file>
         <name>sw_crc.obj</name>
      </input_file>
      <input_file id="fl-2c">
         <path>.\driverlib\</path>
         <kind>object</kind>
         <file>sysctl.obj</file>
         <name>sysctl.obj</name>
      </input_file>
      <input_file id="fl-2d">
         <path>.\driverlib\</path>
         <kind>object</kind>
         <file>sysexc.obj</file>
         <name>sysexc.obj</name>
      </input_file>
      <input_file id="fl-2e">
         <path>.\driverlib\</path>
         <kind>object</kind>
         <file>systick.obj</file>
         <name>systick.obj</name>
      </input_file>
      <input_file id="fl-2f">
         <path>.\driverlib\</path>
         <kind>object</kind>
         <file>timer.obj</file>
         <name>timer.obj</name>
      </input_file>
      <input_file id="fl-30">
         <path>.\driverlib\</path>
         <kind>object</kind>
         <file>uart.obj</file>
         <name>uart.obj</name>
      </input_file>
      <input_file id="fl-31">
         <path>.\driverlib\</path>
         <kind>object</kind>
         <file>udma.obj</file>
         <name>udma.obj</name>
      </input_file>
      <input_file id="fl-32">
         <path>.\driverlib\</path>
         <kind>object</kind>
         <file>usb.obj</file>
         <name>usb.obj</name>
      </input_file>
      <input_file id="fl-33">
         <path>.\driverlib\</path>
         <kind>object</kind>
         <file>watchdog.obj</file>
         <name>watchdog.obj</name>
      </input_file>
      <input_file id="fl-34">
         <path>.\drivers\</path>
         <kind>object</kind>
         <file>buttons.obj</file>
         <name>buttons.obj</name>
      </input_file>
      <input_file id="fl-35">
         <path>.\drivers\</path>
         <kind>object</kind>
         <file>rgb.obj</file>
         <name>rgb.obj</name>
      </input_file>
      <input_file id="fl-36">
         <path>.\usblib\device\</path>
         <kind>object</kind>
         <file>usbdaudio.obj</file>
         <name>usbdaudio.obj</name>
      </input_file>
      <input_file id="fl-37">
         <path>.\usblib\device\</path>
         <kind>object</kind>
         <file>usbdbulk.obj</file>
         <name>usbdbulk.obj</name>
      </input_file>
      <input_file id="fl-38">
         <path>.\usblib\device\</path>
         <kind>object</kind>
         <file>usbdcdc.obj</file>
         <name>usbdcdc.obj</name>
      </input_file>
      <input_file id="fl-39">
         <path>.\usblib\device\</path>
         <kind>object</kind>
         <file>usbdcdesc.obj</file>
         <name>usbdcdesc.obj</name>
      </input_file>
      <input_file id="fl-3a">
         <path>.\usblib\device\</path>
         <kind>object</kind>
         <file>usbdcomp.obj</file>
         <name>usbdcomp.obj</name>
      </input_file>
      <input_file id="fl-3b">
         <path>.\usblib\device\</path>
         <kind>object</kind>
         <file>usbdconfig.obj</file>
         <name>usbdconfig.obj</name>
      </input_file>
      <input_file id="fl-3c">
         <path>.\usblib\device\</path>
         <kind>object</kind>
         <file>usbddfu-rt.obj</file>
         <name>usbddfu-rt.obj</name>
      </input_file>
      <input_file id="fl-3d">
         <path>.\usblib\device\</path>
         <kind>object</kind>
         <file>usbdenum.obj</file>
         <name>usbdenum.obj</name>
      </input_file>
      <input_file id="fl-3e">
         <path>.\usblib\device\</path>
         <kind>object</kind>
         <file>usbdhandler.obj</file>
         <name>usbdhandler.obj</name>
      </input_file>
      <input_file id="fl-3f">
         <path>.\usblib\device\</path>
         <kind>object</kind>
         <file>usbdhid.obj</file>
         <name>usbdhid.obj</name>
      </input_file>
      <input_file id="fl-40">
         <path>.\usblib\device\</path>
         <kind>object</kind>
         <file>usbdhidgamepad.obj</file>
         <name>usbdhidgamepad.obj</name>
      </input_file>
      <input_file id="fl-41">
         <path>.\usblib\device\</path>
         <kind>object</kind>
         <file>usbdhidkeyb.obj</file>
         <name>usbdhidkeyb.obj</name>
      </input_file>
      <input_file id="fl-42">
         <path>.\usblib\device\</path>
         <kind>object</kind>
         <file>usbdhidmouse.obj</file>
         <name>usbdhidmouse.obj</name>
      </input_file>
      <input_file id="fl-43">
         <path>.\usblib\device\</path>
         <kind>object</kind>
         <file>usbdmsc.obj</file>
         <name>usbdmsc.obj</name>
      </input_file>
      <input_file id="fl-44">
         <path>.\usblib\host\</path>
         <kind>object</kind>
         <file>usbhaudio.obj</file>
         <name>usbhaudio.obj</name>
      </input_file>
      <input_file id="fl-45">
         <path>.\usblib\host\</path>
         <kind>object</kind>
         <file>usbhhid.obj</file>
         <name>usbhhid.obj</name>
      </input_file>
      <input_file id="fl-46">
         <path>.\usblib\host\</path>
         <kind>object</kind>
         <file>usbhhidkeyboard.obj</file>
         <name>usbhhidkeyboard.obj</name>
      </input_file>
      <input_file id="fl-47">
         <path>.\usblib\host\</path>
         <kind>object</kind>
         <file>usbhhidmouse.obj</file>
         <name>usbhhidmouse.obj</name>
      </input_file>
      <input_file id="fl-48">
         <path>.\usblib\host\</path>
         <kind>object</kind>
         <file>usbhhub.obj</file>
         <name>usbhhub.obj</name>
      </input_file>
      <input_file id="fl-49">
         <path>.\usblib\host\</path>
         <kind>object</kind>
         <file>usbhmsc.obj</file>
         <name>usbhmsc.obj</name>
      </input_file>
      <input_file id="fl-4a">
         <path>.\usblib\host\</path>
         <kind>object</kind>
         <file>usbhostenum.obj</file>
         <name>usbhostenum.obj</name>
      </input_file>
      <input_file id="fl-4b">
         <path>.\usblib\host\</path>
         <kind>object</kind>
         <file>usbhscsi.obj</file>
         <name>usbhscsi.obj</name>
      </input_file>
      <input_file id="fl-4c">
         <path>.\usblib\</path>
         <kind>object</kind>
         <file>usbbuffer.obj</file>
         <name>usbbuffer.obj</name>
      </input_file>
      <input_file id="fl-4d">
         <path>.\usblib\</path>
         <kind>object</kind>
         <file>usbdesc.obj</file>
         <name>usbdesc.obj</name>
      </input_file>
      <input_file id="fl-4e">
         <path>.\usblib\</path>
         <kind>object</kind>
         <file>usbdma.obj</file>
         <name>usbdma.obj</name>
      </input_file>
      <input_file id="fl-4f">
         <path>.\usblib\</path>
         <kind>object</kind>
         <file>usbkeyboardmap.obj</file>
         <name>usbkeyboardmap.obj</name>
      </input_file>
      <input_file id="fl-50">
         <path>.\usblib\</path>
         <kind>object</kind>
         <file>usbmode.obj</file>
         <name>usbmode.obj</name>
      </input_file>
      <input_file id="fl-51">
         <path>.\usblib\</path>
         <kind>object</kind>
         <file>usbringbuf.obj</file>
         <name>usbringbuf.obj</name>
      </input_file>
      <input_file id="fl-52">
         <path>.\usblib\</path>
         <kind>object</kind>
         <file>usbtick.obj</file>
         <name>usbtick.obj</name>
      </input_file>
      <input_file id="fl-53">
         <path>.\usblib\</path>
         <kind>object</kind>
         <file>usbulpi.obj</file>
         <name>usbulpi.obj</name>
      </input_file>
      <input_file id="fl-54">
         <path>.\utils\</path>
         <kind>object</kind>
         <file>RunTimeStatsConfig.obj</file>
         <name>RunTimeStatsConfig.obj</name>
      </input_file>
      <input_file id="fl-55">
         <path>.\utils\</path>
         <kind>object</kind>
         <file>cmdline.obj</file>
         <name>cmdline.obj</name>
      </input_file>
      <input_file id="fl-56">
         <path>.\utils\</path>
         <kind>object</kind>
         <file>cpu_usage.obj</file>
         <name>cpu_usage.obj</name>
      </input_file>
      <input_file id="fl-57">
         <path>.\utils\</path>
         <kind>object</kind>
         <file>uartstdioMod.obj</file>
         <name>uartstdioMod.obj</name>
      </input_file>
      <input_file id="fl-5b">
         <kind>object</kind>
         <file>&lt;internal&gt;</file>
         <name>&lt;internal&gt;</name>
      </input_file>
      <input_file id="fl-111">
         <path>C:\ti\ccs1240\ccs\tools\compiler\ti-cgt-arm_20.2.7.LTS\lib\</path>
         <kind>archive</kind>
         <file>rtsv7M4_T_le_v4SPD16_eabi.lib</file>
         <name>sprintf.c.obj</name>
      </input_file>
      <input_file id="fl-112">
         <path>C:\ti\ccs1240\ccs\tools\compiler\ti-cgt-arm_20.2.7.LTS\lib\</path>
         <kind>archive</kind>
         <file>rtsv7M4_T_le_v4SPD16_eabi.lib</file>
         <name>fs_toull_t2.asm.obj</name>
      </input_file>
      <input_file id="fl-113">
         <path>C:\ti\ccs1240\ccs\tools\compiler\ti-cgt-arm_20.2.7.LTS\lib\</path>
         <kind>archive</kind>
         <file>rtsv7M4_T_le_v4SPD16_eabi.lib</file>
         <name>memcpy_t2.asm.obj</name>
      </input_file>
      <input_file id="fl-114">
         <path>C:\ti\ccs1240\ccs\tools\compiler\ti-cgt-arm_20.2.7.LTS\lib\</path>
         <kind>archive</kind>
         <file>rtsv7M4_T_le_v4SPD16_eabi.lib</file>
         <name>memset_t2.asm.obj</name>
      </input_file>
      <input_file id="fl-115">
         <path>C:\ti\ccs1240\ccs\tools\compiler\ti-cgt-arm_20.2.7.LTS\lib\</path>
         <kind>archive</kind>
         <file>rtsv7M4_T_le_v4SPD16_eabi.lib</file>
         <name>u_divt2.asm.obj</name>
      </input_file>
      <input_file id="fl-116">
         <path>C:\ti\ccs1240\ccs\tools\compiler\ti-cgt-arm_20.2.7.LTS\lib\</path>
         <kind>archive</kind>
         <file>rtsv7M4_T_le_v4SPD16_eabi.lib</file>
         <name>copy_zero_init.c.obj</name>
      </input_file>
      <input_file id="fl-117">
         <path>C:\ti\ccs1240\ccs\tools\compiler\ti-cgt-arm_20.2.7.LTS\lib\</path>
         <kind>archive</kind>
         <file>rtsv7M4_T_le_v4SPD16_eabi.lib</file>
         <name>copy_decompress_none.c.obj</name>
      </input_file>
      <input_file id="fl-118">
         <path>C:\ti\ccs1240\ccs\tools\compiler\ti-cgt-arm_20.2.7.LTS\lib\</path>
         <kind>archive</kind>
         <file>rtsv7M4_T_le_v4SPD16_eabi.lib</file>
         <name>copy_decompress_lzss.c.obj</name>
      </input_file>
      <input_file id="fl-119">
         <path>C:\ti\ccs1240\ccs\tools\compiler\ti-cgt-arm_20.2.7.LTS\lib\</path>
         <kind>archive</kind>
         <file>rtsv7M4_T_le_v4SPD16_eabi.lib</file>
         <name>rand.c.obj</name>
      </input_file>
      <input_file id="fl-11a">
         <path>C:\ti\ccs1240\ccs\tools\compiler\ti-cgt-arm_20.2.7.LTS\lib\</path>
         <kind>archive</kind>
         <file>rtsv7M4_T_le_v4SPD16_eabi.lib</file>
         <name>strcmp.c.obj</name>
      </input_file>
      <input_file id="fl-11b">
         <path>C:\ti\ccs1240\ccs\tools\compiler\ti-cgt-arm_20.2.7.LTS\lib\</path>
         <kind>archive</kind>
         <file>rtsv7M4_T_le_v4SPD16_eabi.lib</file>
         <name>strcpy.c.obj</name>
      </input_file>
      <input_file id="fl-11c">
         <path>C:\ti\ccs1240\ccs\tools\compiler\ti-cgt-arm_20.2.7.LTS\lib\</path>
         <kind>archive</kind>
         <file>rtsv7M4_T_le_v4SPD16_eabi.lib</file>
         <name>strlen.c.obj</name>
      </input_file>
      <input_file id="fl-11d">
         <path>C:\ti\ccs1240\ccs\tools\compiler\ti-cgt-arm_20.2.7.LTS\lib\</path>
         <kind>archive</kind>
         <file>rtsv7M4_T_le_v4SPD16_eabi.lib</file>
         <name>boot_cortex_m.c.obj</name>
      </input_file>
      <input_file id="fl-11e">
         <path>C:\ti\ccs1240\ccs\tools\compiler\ti-cgt-arm_20.2.7.LTS\lib\</path>
         <kind>archive</kind>
         <file>rtsv7M4_T_le_v4SPD16_eabi.lib</file>
         <name>_printfi.c.obj</name>
      </input_file>
      <input_file id="fl-11f">
         <path>C:\ti\ccs1240\ccs\tools\compiler\ti-cgt-arm_20.2.7.LTS\lib\</path>
         <kind>archive</kind>
         <file>rtsv7M4_T_le_v4SPD16_eabi.lib</file>
         <name>div0.asm.obj</name>
      </input_file>
      <input_file id="fl-120">
         <path>C:\ti\ccs1240\ccs\tools\compiler\ti-cgt-arm_20.2.7.LTS\lib\</path>
         <kind>archive</kind>
         <file>rtsv7M4_T_le_v4SPD16_eabi.lib</file>
         <name>fd_add_t2.asm.obj</name>
      </input_file>
      <input_file id="fl-121">
         <path>C:\ti\ccs1240\ccs\tools\compiler\ti-cgt-arm_20.2.7.LTS\lib\</path>
         <kind>archive</kind>
         <file>rtsv7M4_T_le_v4SPD16_eabi.lib</file>
         <name>fd_cmp_t2.asm.obj</name>
      </input_file>
      <input_file id="fl-122">
         <path>C:\ti\ccs1240\ccs\tools\compiler\ti-cgt-arm_20.2.7.LTS\lib\</path>
         <kind>archive</kind>
         <file>rtsv7M4_T_le_v4SPD16_eabi.lib</file>
         <name>fd_div_t2.asm.obj</name>
      </input_file>
      <input_file id="fl-123">
         <path>C:\ti\ccs1240\ccs\tools\compiler\ti-cgt-arm_20.2.7.LTS\lib\</path>
         <kind>archive</kind>
         <file>rtsv7M4_T_le_v4SPD16_eabi.lib</file>
         <name>fd_mul_t2.asm.obj</name>
      </input_file>
      <input_file id="fl-124">
         <path>C:\ti\ccs1240\ccs\tools\compiler\ti-cgt-arm_20.2.7.LTS\lib\</path>
         <kind>archive</kind>
         <file>rtsv7M4_T_le_v4SPD16_eabi.lib</file>
         <name>fd_toi_t2.asm.obj</name>
      </input_file>
      <input_file id="fl-125">
         <path>C:\ti\ccs1240\ccs\tools\compiler\ti-cgt-arm_20.2.7.LTS\lib\</path>
         <kind>archive</kind>
         <file>rtsv7M4_T_le_v4SPD16_eabi.lib</file>
         <name>i_tofd_t2.asm.obj</name>
      </input_file>
      <input_file id="fl-126">
         <path>C:\ti\ccs1240\ccs\tools\compiler\ti-cgt-arm_20.2.7.LTS\lib\</path>
         <kind>archive</kind>
         <file>rtsv7M4_T_le_v4SPD16_eabi.lib</file>
         <name>ull_div_t2.asm.obj</name>
      </input_file>
      <input_file id="fl-127">
         <path>C:\ti\ccs1240\ccs\tools\compiler\ti-cgt-arm_20.2.7.LTS\lib\</path>
         <kind>archive</kind>
         <file>rtsv7M4_T_le_v4SPD16_eabi.lib</file>
         <name>autoinit.c.obj</name>
      </input_file>
      <input_file id="fl-128">
         <path>C:\ti\ccs1240\ccs\tools\compiler\ti-cgt-arm_20.2.7.LTS\lib\</path>
         <kind>archive</kind>
         <file>rtsv7M4_T_le_v4SPD16_eabi.lib</file>
         <name>pre_init.c.obj</name>
      </input_file>
      <input_file id="fl-129">
         <path>C:\ti\ccs1240\ccs\tools\compiler\ti-cgt-arm_20.2.7.LTS\lib\</path>
         <kind>archive</kind>
         <file>rtsv7M4_T_le_v4SPD16_eabi.lib</file>
         <name>cpy_tbl.c.obj</name>
      </input_file>
      <input_file id="fl-12a">
         <path>C:\ti\ccs1240\ccs\tools\compiler\ti-cgt-arm_20.2.7.LTS\lib\</path>
         <kind>archive</kind>
         <file>rtsv7M4_T_le_v4SPD16_eabi.lib</file>
         <name>exit.c.obj</name>
      </input_file>
      <input_file id="fl-12b">
         <path>C:\ti\ccs1240\ccs\tools\compiler\ti-cgt-arm_20.2.7.LTS\lib\</path>
         <kind>archive</kind>
         <file>rtsv7M4_T_le_v4SPD16_eabi.lib</file>
         <name>_lock.c.obj</name>
      </input_file>
      <input_file id="fl-12c">
         <path>C:\ti\ccs1240\ccs\tools\compiler\ti-cgt-arm_20.2.7.LTS\lib\</path>
         <kind>archive</kind>
         <file>rtsv7M4_T_le_v4SPD16_eabi.lib</file>
         <name>_ltoa.c.obj</name>
      </input_file>
      <input_file id="fl-12d">
         <path>C:\ti\ccs1240\ccs\tools\compiler\ti-cgt-arm_20.2.7.LTS\lib\</path>
         <kind>archive</kind>
         <file>rtsv7M4_T_le_v4SPD16_eabi.lib</file>
         <name>args_main.c.obj</name>
      </input_file>
      <input_file id="fl-12e">
         <path>C:\ti\ccs1240\ccs\tools\compiler\ti-cgt-arm_20.2.7.LTS\lib\</path>
         <kind>archive</kind>
         <file>rtsv7M4_T_le_v4SPD16_eabi.lib</file>
         <name>atoi.c.obj</name>
      </input_file>
      <input_file id="fl-12f">
         <path>C:\ti\ccs1240\ccs\tools\compiler\ti-cgt-arm_20.2.7.LTS\lib\</path>
         <kind>archive</kind>
         <file>rtsv7M4_T_le_v4SPD16_eabi.lib</file>
         <name>ctype.c.obj</name>
      </input_file>
      <input_file id="fl-130">
         <path>C:\ti\ccs1240\ccs\tools\compiler\ti-cgt-arm_20.2.7.LTS\lib\</path>
         <kind>archive</kind>
         <file>rtsv7M4_T_le_v4SPD16_eabi.lib</file>
         <name>memccpy.c.obj</name>
      </input_file>
      <input_file id="fl-131">
         <path>C:\ti\ccs1240\ccs\tools\compiler\ti-cgt-arm_20.2.7.LTS\lib\</path>
         <kind>archive</kind>
         <file>rtsv7M4_T_le_v4SPD16_eabi.lib</file>
         <name>strchr.c.obj</name>
      </input_file>
      <input_file id="fl-132">
         <path>C:\ti\ccs1240\ccs\tools\compiler\ti-cgt-arm_20.2.7.LTS\lib\</path>
         <kind>archive</kind>
         <file>rtsv7M4_T_le_v4SPD16_eabi.lib</file>
         <name>errno.c.obj</name>
      </input_file>
      <input_file id="fl-133">
         <path>C:\ti\ccs1240\ccs\tools\compiler\ti-cgt-arm_20.2.7.LTS\lib\</path>
         <kind>archive</kind>
         <file>rtsv7M4_T_le_v4SPD16_eabi.lib</file>
         <name>wcslen.c.obj</name>
      </input_file>
      <input_file id="fl-134">
         <path>C:\ti\ccs1240\ccs\tools\compiler\ti-cgt-arm_20.2.7.LTS\lib\</path>
         <kind>archive</kind>
         <file>rtsv7M4_T_le_v4SPD16_eabi.lib</file>
         <name>s_frexp.c.obj</name>
      </input_file>
      <input_file id="fl-135">
         <path>C:\ti\ccs1240\ccs\tools\compiler\ti-cgt-arm_20.2.7.LTS\lib\</path>
         <kind>archive</kind>
         <file>rtsv7M4_T_le_v4SPD16_eabi.lib</file>
         <name>s_scalbn.c.obj</name>
      </input_file>
      <input_file id="fl-136">
         <path>C:\ti\ccs1240\ccs\tools\compiler\ti-cgt-arm_20.2.7.LTS\lib\</path>
         <kind>archive</kind>
         <file>rtsv7M4_T_le_v4SPD16_eabi.lib</file>
         <name>s_copysign.c.obj</name>
      </input_file>
   </input_file_list>
   <object_component_list>
      <object_component id="oc-12">
         <name>.intvecs</name>
         <load_address>0x0</load_address>
         <run_address>0x0</run_address>
         <size>0x26c</size>
         <input_file_ref idref="fl-6"/>
      </object_component>
      <object_component id="oc-4b3">
         <name>.text</name>
         <load_address>0x26c</load_address>
         <run_address>0x26c</run_address>
         <size>0x3084</size>
         <input_file_ref idref="fl-4a"/>
      </object_component>
      <object_component id="oc-8b">
         <name>.text</name>
         <load_address>0x32f0</load_address>
         <run_address>0x32f0</run_address>
         <size>0x2870</size>
         <input_file_ref idref="fl-e"/>
      </object_component>
      <object_component id="oc-20c">
         <name>.text</name>
         <load_address>0x5b60</load_address>
         <run_address>0x5b60</run_address>
         <size>0x238c</size>
         <input_file_ref idref="fl-32"/>
      </object_component>
      <object_component id="oc-17b">
         <name>.text</name>
         <load_address>0x7eec</load_address>
         <run_address>0x7eec</run_address>
         <size>0x1688</size>
         <input_file_ref idref="fl-2c"/>
      </object_component>
      <object_component id="oc-e1">
         <name>.text</name>
         <load_address>0x9574</load_address>
         <run_address>0x9574</run_address>
         <size>0x1570</size>
         <input_file_ref idref="fl-3d"/>
      </object_component>
      <object_component id="oc-18d">
         <name>.text</name>
         <load_address>0xaae4</load_address>
         <run_address>0xaae4</run_address>
         <size>0x1288</size>
         <input_file_ref idref="fl-20"/>
      </object_component>
      <object_component id="oc-ac">
         <name>.text</name>
         <load_address>0xbd6c</load_address>
         <run_address>0xbd6c</run_address>
         <size>0x10c4</size>
         <input_file_ref idref="fl-c"/>
      </object_component>
      <object_component id="oc-357">
         <name>.text</name>
         <load_address>0xce30</load_address>
         <run_address>0xce30</run_address>
         <size>0xfdc</size>
         <input_file_ref idref="fl-38"/>
      </object_component>
      <object_component id="oc-218">
         <name>.text</name>
         <load_address>0xde0c</load_address>
         <run_address>0xde0c</run_address>
         <size>0xfa8</size>
         <input_file_ref idref="fl-4e"/>
      </object_component>
      <object_component id="oc-2dd">
         <name>.text</name>
         <load_address>0xedb4</load_address>
         <run_address>0xedb4</run_address>
         <size>0xd20</size>
         <input_file_ref idref="fl-2f"/>
      </object_component>
      <object_component id="oc-38">
         <name>.text</name>
         <load_address>0xfad4</load_address>
         <run_address>0xfad4</run_address>
         <size>0xb8c</size>
         <input_file_ref idref="fl-57"/>
      </object_component>
      <object_component id="oc-b2">
         <name>.text</name>
         <load_address>0x10660</load_address>
         <run_address>0x10660</run_address>
         <size>0xb08</size>
         <input_file_ref idref="fl-30"/>
      </object_component>
      <object_component id="oc-2f0">
         <name>.text:__TI_printfi</name>
         <load_address>0x11168</load_address>
         <run_address>0x11168</run_address>
         <size>0xa4e</size>
         <input_file_ref idref="fl-11e"/>
      </object_component>
      <object_component id="oc-489">
         <name>.text:_nop</name>
         <load_address>0x11bb6</load_address>
         <run_address>0x11bb6</run_address>
         <size>0x2</size>
         <input_file_ref idref="fl-12b"/>
      </object_component>
      <object_component id="oc-5ff">
         <name>.text</name>
         <load_address>0x11bb8</load_address>
         <run_address>0x11bb8</run_address>
         <size>0x924</size>
         <input_file_ref idref="fl-48"/>
      </object_component>
      <object_component id="oc-13e">
         <name>.text</name>
         <load_address>0x124dc</load_address>
         <run_address>0x124dc</run_address>
         <size>0x7b4</size>
         <input_file_ref idref="fl-f"/>
      </object_component>
      <object_component id="oc-34b">
         <name>.text</name>
         <load_address>0x12c90</load_address>
         <run_address>0x12c90</run_address>
         <size>0x598</size>
         <input_file_ref idref="fl-4c"/>
      </object_component>
      <object_component id="oc-351">
         <name>.text</name>
         <load_address>0x13228</load_address>
         <run_address>0x13228</run_address>
         <size>0x570</size>
         <input_file_ref idref="fl-50"/>
      </object_component>
      <object_component id="oc-1dc">
         <name>.text</name>
         <load_address>0x13798</load_address>
         <run_address>0x13798</run_address>
         <size>0x490</size>
         <input_file_ref idref="fl-23"/>
      </object_component>
      <object_component id="oc-4ab">
         <name>.text</name>
         <load_address>0x13c28</load_address>
         <run_address>0x13c28</run_address>
         <size>0x48c</size>
         <input_file_ref idref="fl-51"/>
      </object_component>
      <object_component id="oc-126">
         <name>.text</name>
         <load_address>0x140b4</load_address>
         <run_address>0x140b4</run_address>
         <size>0x478</size>
         <input_file_ref idref="fl-12"/>
      </object_component>
      <object_component id="oc-199">
         <name>.text</name>
         <load_address>0x1452c</load_address>
         <run_address>0x1452c</run_address>
         <size>0x460</size>
         <input_file_ref idref="fl-2"/>
      </object_component>
      <object_component id="oc-92">
         <name>.text</name>
         <load_address>0x1498c</load_address>
         <run_address>0x1498c</run_address>
         <size>0x3bc</size>
         <input_file_ref idref="fl-4"/>
      </object_component>
      <object_component id="oc-23d">
         <name>.text</name>
         <load_address>0x14d48</load_address>
         <run_address>0x14d48</run_address>
         <size>0x3bc</size>
         <input_file_ref idref="fl-3b"/>
      </object_component>
      <object_component id="oc-19f">
         <name>.text</name>
         <load_address>0x15104</load_address>
         <run_address>0x15104</run_address>
         <size>0x3b4</size>
         <input_file_ref idref="fl-7"/>
      </object_component>
      <object_component id="oc-181">
         <name>.text</name>
         <load_address>0x154b8</load_address>
         <run_address>0x154b8</run_address>
         <size>0x3a8</size>
         <input_file_ref idref="fl-5"/>
      </object_component>
      <object_component id="oc-237">
         <name>.text</name>
         <load_address>0x15860</load_address>
         <run_address>0x15860</run_address>
         <size>0x2de</size>
         <input_file_ref idref="fl-39"/>
      </object_component>
      <object_component id="oc-201">
         <name>.text</name>
         <load_address>0x15b3e</load_address>
         <run_address>0x15b3e</run_address>
         <size>0x2</size>
         <input_file_ref idref="fl-11f"/>
      </object_component>
      <object_component id="oc-32">
         <name>.text</name>
         <load_address>0x15b40</load_address>
         <run_address>0x15b40</run_address>
         <size>0x2d0</size>
         <input_file_ref idref="fl-10"/>
      </object_component>
      <object_component id="oc-444">
         <name>.text:_pconv_a</name>
         <load_address>0x15e10</load_address>
         <run_address>0x15e10</run_address>
         <size>0x270</size>
         <input_file_ref idref="fl-11e"/>
      </object_component>
      <object_component id="oc-3cc">
         <name>.text</name>
         <load_address>0x16080</load_address>
         <run_address>0x16080</run_address>
         <size>0x1d2</size>
         <input_file_ref idref="fl-4d"/>
      </object_component>
      <object_component id="oc-432">
         <name>.text:_pconv_g</name>
         <load_address>0x16254</load_address>
         <run_address>0x16254</run_address>
         <size>0x1d0</size>
         <input_file_ref idref="fl-11e"/>
      </object_component>
      <object_component id="oc-591">
         <name>.text</name>
         <load_address>0x16424</load_address>
         <run_address>0x16424</run_address>
         <size>0x1b6</size>
         <input_file_ref idref="fl-120"/>
      </object_component>
      <object_component id="oc-43e">
         <name>.text:_pconv_e</name>
         <load_address>0x165dc</load_address>
         <run_address>0x165dc</run_address>
         <size>0x13c</size>
         <input_file_ref idref="fl-11e"/>
      </object_component>
      <object_component id="oc-577">
         <name>.text</name>
         <load_address>0x16718</load_address>
         <run_address>0x16718</run_address>
         <size>0x136</size>
         <input_file_ref idref="fl-122"/>
      </object_component>
      <object_component id="oc-12c">
         <name>.text</name>
         <load_address>0x1684e</load_address>
         <run_address>0x1684e</run_address>
         <size>0x12a</size>
         <input_file_ref idref="fl-b"/>
      </object_component>
      <object_component id="oc-175">
         <name>.text</name>
         <load_address>0x16978</load_address>
         <run_address>0x16978</run_address>
         <size>0x124</size>
         <input_file_ref idref="fl-56"/>
      </object_component>
      <object_component id="oc-5a3">
         <name>.text:fcvt</name>
         <load_address>0x16a9c</load_address>
         <run_address>0x16a9c</run_address>
         <size>0x124</size>
         <input_file_ref idref="fl-11e"/>
      </object_component>
      <object_component id="oc-5b7">
         <name>.text:scalbn</name>
         <load_address>0x16bc0</load_address>
         <run_address>0x16bc0</run_address>
         <size>0x110</size>
         <input_file_ref idref="fl-135"/>
      </object_component>
      <object_component id="oc-572">
         <name>.text</name>
         <load_address>0x16cd0</load_address>
         <run_address>0x16cd0</run_address>
         <size>0xfc</size>
         <input_file_ref idref="fl-123"/>
      </object_component>
      <object_component id="oc-21e">
         <name>.text</name>
         <load_address>0x16dcc</load_address>
         <run_address>0x16dcc</run_address>
         <size>0xec</size>
         <input_file_ref idref="fl-52"/>
      </object_component>
      <object_component id="oc-2d">
         <name>.text</name>
         <load_address>0x16eb8</load_address>
         <run_address>0x16eb8</run_address>
         <size>0xda</size>
         <input_file_ref idref="fl-11"/>
      </object_component>
      <object_component id="oc-212">
         <name>.text</name>
         <load_address>0x16f92</load_address>
         <run_address>0x16f92</run_address>
         <size>0xc8</size>
         <input_file_ref idref="fl-53"/>
      </object_component>
      <object_component id="oc-427">
         <name>.text:_ltostr</name>
         <load_address>0x1705c</load_address>
         <run_address>0x1705c</run_address>
         <size>0xb1</size>
         <input_file_ref idref="fl-11e"/>
      </object_component>
      <object_component id="oc-341">
         <name>.text</name>
         <load_address>0x17110</load_address>
         <run_address>0x17110</run_address>
         <size>0xac</size>
         <input_file_ref idref="fl-55"/>
      </object_component>
      <object_component id="oc-52">
         <name>.text</name>
         <load_address>0x171bc</load_address>
         <run_address>0x171bc</run_address>
         <size>0x9c</size>
         <input_file_ref idref="fl-113"/>
      </object_component>
      <object_component id="oc-56b">
         <name>.text</name>
         <load_address>0x17258</load_address>
         <run_address>0x17258</run_address>
         <size>0x96</size>
         <input_file_ref idref="fl-126"/>
      </object_component>
      <object_component id="oc-42d">
         <name>.text:__aeabi_cdcmple</name>
         <load_address>0x172ee</load_address>
         <run_address>0x172ee</run_address>
         <size>0x86</size>
         <input_file_ref idref="fl-121"/>
      </object_component>
      <object_component id="oc-57c">
         <name>.text:__aeabi_cdrcmple</name>
         <load_address>0x17374</load_address>
         <run_address>0x17374</run_address>
         <size>0x86</size>
         <input_file_ref idref="fl-121"/>
      </object_component>
      <object_component id="oc-104">
         <name>.text</name>
         <load_address>0x173fa</load_address>
         <run_address>0x173fa</run_address>
         <size>0x7a</size>
         <input_file_ref idref="fl-114"/>
      </object_component>
      <object_component id="oc-59c">
         <name>.text:_mcpy</name>
         <load_address>0x17474</load_address>
         <run_address>0x17474</run_address>
         <size>0x6e</size>
         <input_file_ref idref="fl-11e"/>
      </object_component>
      <object_component id="oc-324">
         <name>.text</name>
         <load_address>0x174e4</load_address>
         <run_address>0x174e4</run_address>
         <size>0x68</size>
         <input_file_ref idref="fl-3"/>
      </object_component>
      <object_component id="oc-144">
         <name>.text</name>
         <load_address>0x1754c</load_address>
         <run_address>0x1754c</run_address>
         <size>0x68</size>
         <input_file_ref idref="fl-54"/>
      </object_component>
      <object_component id="oc-15">
         <name>.text:decompress:lzss:__TI_decompress_lzss</name>
         <load_address>0x175b4</load_address>
         <run_address>0x175b4</run_address>
         <size>0x68</size>
         <input_file_ref idref="fl-118"/>
      </object_component>
      <object_component id="oc-5b1">
         <name>.text:frexp</name>
         <load_address>0x1761c</load_address>
         <run_address>0x1761c</run_address>
         <size>0x64</size>
         <input_file_ref idref="fl-134"/>
      </object_component>
      <object_component id="oc-438">
         <name>.text:_pconv_f</name>
         <load_address>0x17680</load_address>
         <run_address>0x17680</run_address>
         <size>0x56</size>
         <input_file_ref idref="fl-11e"/>
      </object_component>
      <object_component id="oc-586">
         <name>.text:__TI_ltoa</name>
         <load_address>0x176d6</load_address>
         <run_address>0x176d6</run_address>
         <size>0x54</size>
         <input_file_ref idref="fl-12c"/>
      </object_component>
      <object_component id="oc-596">
         <name>.text:_ecpy</name>
         <load_address>0x1772a</load_address>
         <run_address>0x1772a</run_address>
         <size>0x52</size>
         <input_file_ref idref="fl-11e"/>
      </object_component>
      <object_component id="oc-421">
         <name>.text:atoi</name>
         <load_address>0x1777c</load_address>
         <run_address>0x1777c</run_address>
         <size>0x4c</size>
         <input_file_ref idref="fl-12e"/>
      </object_component>
      <object_component id="oc-581">
         <name>.text</name>
         <load_address>0x177c8</load_address>
         <run_address>0x177c8</run_address>
         <size>0x48</size>
         <input_file_ref idref="fl-124"/>
      </object_component>
      <object_component id="oc-268">
         <name>.text:__TI_auto_init_nobinit_nopinit:__TI_auto_init_nobinit_nopinit</name>
         <load_address>0x17810</load_address>
         <run_address>0x17810</run_address>
         <size>0x44</size>
         <input_file_ref idref="fl-127"/>
      </object_component>
      <object_component id="oc-cd">
         <name>.text</name>
         <load_address>0x17854</load_address>
         <run_address>0x17854</run_address>
         <size>0x40</size>
         <input_file_ref idref="fl-115"/>
      </object_component>
      <object_component id="oc-169">
         <name>.text:sprintf</name>
         <load_address>0x17894</load_address>
         <run_address>0x17894</run_address>
         <size>0x40</size>
         <input_file_ref idref="fl-111"/>
      </object_component>
      <object_component id="oc-5a9">
         <name>.text:_fcpy</name>
         <load_address>0x178d4</load_address>
         <run_address>0x178d4</run_address>
         <size>0x3e</size>
         <input_file_ref idref="fl-11e"/>
      </object_component>
      <object_component id="oc-312">
         <name>.text</name>
         <load_address>0x17912</load_address>
         <run_address>0x17912</run_address>
         <size>0x3e</size>
         <input_file_ref idref="fl-17"/>
      </object_component>
      <object_component id="oc-70">
         <name>.text:_c_int00_noargs:_c_int00_noargs</name>
         <load_address>0x17950</load_address>
         <run_address>0x17950</run_address>
         <size>0x34</size>
         <input_file_ref idref="fl-11d"/>
      </object_component>
      <object_component id="oc-187">
         <name>.text:rand</name>
         <load_address>0x17984</load_address>
         <run_address>0x17984</run_address>
         <size>0x34</size>
         <input_file_ref idref="fl-119"/>
      </object_component>
      <object_component id="oc-58c">
         <name>.text</name>
         <load_address>0x179b8</load_address>
         <run_address>0x179b8</run_address>
         <size>0x2e</size>
         <input_file_ref idref="fl-125"/>
      </object_component>
      <object_component id="oc-150">
         <name>.text:GetOverflowCounts</name>
         <load_address>0x179e8</load_address>
         <run_address>0x179e8</run_address>
         <size>0x24</size>
         <input_file_ref idref="fl-54"/>
      </object_component>
      <object_component id="oc-3e">
         <name>.text</name>
         <load_address>0x17a0c</load_address>
         <run_address>0x17a0c</run_address>
         <size>0x24</size>
         <input_file_ref idref="fl-3e"/>
      </object_component>
      <object_component id="oc-44a">
         <name>.text:memccpy</name>
         <load_address>0x17a30</load_address>
         <run_address>0x17a30</run_address>
         <size>0x1c</size>
         <input_file_ref idref="fl-130"/>
      </object_component>
      <object_component id="oc-67b">
         <name>.text:copysign</name>
         <load_address>0x17a4c</load_address>
         <run_address>0x17a4c</run_address>
         <size>0x1a</size>
         <input_file_ref idref="fl-136"/>
      </object_component>
      <object_component id="oc-2f6">
         <name>.text:_outs</name>
         <load_address>0x17a66</load_address>
         <run_address>0x17a66</run_address>
         <size>0x18</size>
         <input_file_ref idref="fl-111"/>
      </object_component>
      <object_component id="oc-49d">
         <name>.text:strcmp</name>
         <load_address>0x17a7e</load_address>
         <run_address>0x17a7e</run_address>
         <size>0x18</size>
         <input_file_ref idref="fl-11a"/>
      </object_component>
      <object_component id="oc-5bd">
         <name>.text:strchr</name>
         <load_address>0x17a96</load_address>
         <run_address>0x17a96</run_address>
         <size>0x16</size>
         <input_file_ref idref="fl-131"/>
      </object_component>
      <object_component id="oc-15d">
         <name>.text:strcpy</name>
         <load_address>0x17aac</load_address>
         <run_address>0x17aac</run_address>
         <size>0x14</size>
         <input_file_ref idref="fl-11b"/>
      </object_component>
      <object_component id="oc-163">
         <name>.text:strlen</name>
         <load_address>0x17ac0</load_address>
         <run_address>0x17ac0</run_address>
         <size>0x14</size>
         <input_file_ref idref="fl-11c"/>
      </object_component>
      <object_component id="oc-450">
         <name>.text:wcslen</name>
         <load_address>0x17ad4</load_address>
         <run_address>0x17ad4</run_address>
         <size>0x12</size>
         <input_file_ref idref="fl-133"/>
      </object_component>
      <object_component id="oc-1b">
         <name>.text:decompress:none:__TI_decompress_none</name>
         <load_address>0x17ae6</load_address>
         <run_address>0x17ae6</run_address>
         <size>0xe</size>
         <input_file_ref idref="fl-117"/>
      </object_component>
      <object_component id="oc-64">
         <name>.text:decompress:ZI:__TI_zero_init</name>
         <load_address>0x17af4</load_address>
         <run_address>0x17af4</run_address>
         <size>0xc</size>
         <input_file_ref idref="fl-116"/>
      </object_component>
      <object_component id="oc-27">
         <name>.text</name>
         <load_address>0x17b00</load_address>
         <run_address>0x17b00</run_address>
         <size>0xc</size>
         <input_file_ref idref="fl-6"/>
      </object_component>
      <object_component id="oc-2fc">
         <name>.text:_outc</name>
         <load_address>0x17b0c</load_address>
         <run_address>0x17b0c</run_address>
         <size>0xa</size>
         <input_file_ref idref="fl-111"/>
      </object_component>
      <object_component id="oc-456">
         <name>.text:__aeabi_errno_addr</name>
         <load_address>0x17b18</load_address>
         <run_address>0x17b18</run_address>
         <size>0x8</size>
         <input_file_ref idref="fl-132"/>
      </object_component>
      <object_component id="oc-321">
         <name>.text:SysCtlDelay</name>
         <load_address>0x17b20</load_address>
         <run_address>0x17b20</run_address>
         <size>0x6</size>
         <input_file_ref idref="fl-2c"/>
      </object_component>
      <object_component id="oc-10a">
         <name>.text:_system_pre_init</name>
         <load_address>0x17b26</load_address>
         <run_address>0x17b26</run_address>
         <size>0x4</size>
         <input_file_ref idref="fl-128"/>
      </object_component>
      <object_component id="oc-25c">
         <name>.text:abort:abort</name>
         <load_address>0x17b2a</load_address>
         <run_address>0x17b2a</run_address>
         <size>0x4</size>
         <input_file_ref idref="fl-12a"/>
      </object_component>
      <object_component id="oc-484">
         <name>.const:crctttab</name>
         <load_address>0x17b30</load_address>
         <run_address>0x17b30</run_address>
         <size>0x200</size>
         <input_file_ref idref="fl-3"/>
      </object_component>
      <object_component id="oc-31e">
         <name>.const:g_pppui32XTALtoVCO</name>
         <load_address>0x17d30</load_address>
         <run_address>0x17d30</run_address>
         <size>0x1b0</size>
         <input_file_ref idref="fl-2c"/>
      </object_component>
      <object_component id="oc-566">
         <name>.const:.string:_ctypes_</name>
         <load_address>0x17ee0</load_address>
         <run_address>0x17ee0</run_address>
         <size>0x101</size>
         <input_file_ref idref="fl-12f"/>
      </object_component>
      <object_component id="oc-4a8">
         <name>.const:.string</name>
         <load_address>0x17fe4</load_address>
         <run_address>0x17fe4</run_address>
         <size>0xf2</size>
         <input_file_ref idref="fl-2"/>
      </object_component>
      <object_component id="oc-335">
         <name>.const:g_ppui32GPIOIntMapSnowflake</name>
         <load_address>0x180d8</load_address>
         <run_address>0x180d8</run_address>
         <size>0xd8</size>
         <input_file_ref idref="fl-20"/>
      </object_component>
      <object_component id="oc-332">
         <name>.const:g_ppui32GPIOIntMapBlizzard</name>
         <load_address>0x181b0</load_address>
         <run_address>0x181b0</run_address>
         <size>0xc0</size>
         <input_file_ref idref="fl-20"/>
      </object_component>
      <object_component id="oc-393">
         <name>.const:g_pui32Regs</name>
         <load_address>0x18270</load_address>
         <run_address>0x18270</run_address>
         <size>0x9c</size>
         <input_file_ref idref="fl-23"/>
      </object_component>
      <object_component id="oc-338">
         <name>.const:g_pui32GPIOBaseAddrs</name>
         <load_address>0x1830c</load_address>
         <run_address>0x1830c</run_address>
         <size>0x90</size>
         <input_file_ref idref="fl-20"/>
      </object_component>
      <object_component id="oc-318">
         <name>.const:g_pui32Xtals</name>
         <load_address>0x1839c</load_address>
         <run_address>0x1839c</run_address>
         <size>0x6c</size>
         <input_file_ref idref="fl-2c"/>
      </object_component>
      <object_component id="oc-415">
         <name>.const:g_ppui32TimerIntMap</name>
         <load_address>0x18408</load_address>
         <run_address>0x18408</run_address>
         <size>0x60</size>
         <input_file_ref idref="fl-2f"/>
      </object_component>
      <object_component id="oc-418">
         <name>.const:g_ppui32TimerIntMapSnowflake</name>
         <load_address>0x18468</load_address>
         <run_address>0x18468</run_address>
         <size>0x40</size>
         <input_file_ref idref="fl-2f"/>
      </object_component>
      <object_component id="oc-1d6">
         <name>.const:g_ppui32UARTIntMap</name>
         <load_address>0x184a8</load_address>
         <run_address>0x184a8</run_address>
         <size>0x40</size>
         <input_file_ref idref="fl-30"/>
      </object_component>
      <object_component id="oc-1d9">
         <name>.const:g_ppui32UARTIntMapSnowflake</name>
         <load_address>0x184e8</load_address>
         <run_address>0x184e8</run_address>
         <size>0x40</size>
         <input_file_ref idref="fl-30"/>
      </object_component>
      <object_component id="oc-649">
         <name>.const:.string:g_pui8ConfigString</name>
         <load_address>0x18528</load_address>
         <run_address>0x18528</run_address>
         <size>0x36</size>
         <input_file_ref idref="fl-8"/>
      </object_component>
      <object_component id="oc-234">
         <name>.const:g_psUSBDStdRequests</name>
         <load_address>0x18560</load_address>
         <run_address>0x18560</run_address>
         <size>0x34</size>
         <input_file_ref idref="fl-3d"/>
      </object_component>
      <object_component id="oc-4c2">
         <name>.const:g_sCDCHandlers</name>
         <load_address>0x18594</load_address>
         <run_address>0x18594</run_address>
         <size>0x30</size>
         <input_file_ref idref="fl-38"/>
      </object_component>
      <object_component id="oc-30f">
         <name>.const:g_sXTALtoMEMTIM</name>
         <load_address>0x185c4</load_address>
         <run_address>0x185c4</run_address>
         <size>0x30</size>
         <input_file_ref idref="fl-2c"/>
      </object_component>
      <object_component id="oc-646">
         <name>.const:.string:g_pui8ControlInterfaceString</name>
         <load_address>0x185f4</load_address>
         <run_address>0x185f4</run_address>
         <size>0x2c</size>
         <input_file_ref idref="fl-8"/>
      </object_component>
      <object_component id="oc-63d">
         <name>.const:.string:g_pui8ManufacturerString</name>
         <load_address>0x18620</load_address>
         <run_address>0x18620</run_address>
         <size>0x24</size>
         <input_file_ref idref="fl-8"/>
      </object_component>
      <object_component id="oc-722">
         <name>.const:.string:g_pui8CDCSerCommInterface</name>
         <load_address>0x18644</load_address>
         <run_address>0x18644</run_address>
         <size>0x23</size>
         <input_file_ref idref="fl-38"/>
      </object_component>
      <object_component id="oc-640">
         <name>.const:.string:g_pui8ProductString</name>
         <load_address>0x18667</load_address>
         <run_address>0x18667</run_address>
         <size>0x22</size>
         <input_file_ref idref="fl-8"/>
      </object_component>
      <object_component id="oc-390">
         <name>.const:g_pui32Priority</name>
         <load_address>0x1868c</load_address>
         <run_address>0x1868c</run_address>
         <size>0x20</size>
         <input_file_ref idref="fl-23"/>
      </object_component>
      <object_component id="oc-4f1">
         <name>.const:g_ppui8StringDescriptors</name>
         <load_address>0x186ac</load_address>
         <run_address>0x186ac</run_address>
         <size>0x18</size>
         <input_file_ref idref="fl-8"/>
      </object_component>
      <object_component id="oc-727">
         <name>.const:.string:g_pui8CDCSerDataInterface</name>
         <load_address>0x186c4</load_address>
         <run_address>0x186c4</run_address>
         <size>0x17</size>
         <input_file_ref idref="fl-38"/>
      </object_component>
      <object_component id="oc-72c">
         <name>.const:.string:g_pui8CDCSerDataInterfaceHS</name>
         <load_address>0x186db</load_address>
         <run_address>0x186db</run_address>
         <size>0x17</size>
         <input_file_ref idref="fl-38"/>
      </object_component>
      <object_component id="oc-399">
         <name>.const:g_pui32Dii16Regs</name>
         <load_address>0x186f4</load_address>
         <run_address>0x186f4</run_address>
         <size>0x14</size>
         <input_file_ref idref="fl-23"/>
      </object_component>
      <object_component id="oc-396">
         <name>.const:g_pui32EnRegs</name>
         <load_address>0x18708</load_address>
         <run_address>0x18708</run_address>
         <size>0x14</size>
         <input_file_ref idref="fl-23"/>
      </object_component>
      <object_component id="oc-39c">
         <name>.const:g_pui32PendRegs</name>
         <load_address>0x1871c</load_address>
         <run_address>0x1871c</run_address>
         <size>0x14</size>
         <input_file_ref idref="fl-23"/>
      </object_component>
      <object_component id="oc-39f">
         <name>.const:g_pui32UnpendRegs</name>
         <load_address>0x18730</load_address>
         <run_address>0x18730</run_address>
         <size>0x14</size>
         <input_file_ref idref="fl-23"/>
      </object_component>
      <object_component id="oc-643">
         <name>.const:.string:g_pui8SerialNumberString</name>
         <load_address>0x18744</load_address>
         <run_address>0x18744</run_address>
         <size>0x12</size>
         <input_file_ref idref="fl-8"/>
      </object_component>
      <object_component id="oc-207">
         <name>.const:.string</name>
         <load_address>0x18758</load_address>
         <run_address>0x18758</run_address>
         <size>0x12</size>
         <input_file_ref idref="fl-57"/>
      </object_component>
      <object_component id="oc-bb">
         <name>.const:g_ui32UARTBase</name>
         <load_address>0x1876c</load_address>
         <run_address>0x1876c</run_address>
         <size>0xc</size>
         <input_file_ref idref="fl-57"/>
      </object_component>
      <object_component id="oc-c1">
         <name>.const:g_ui32UARTInt</name>
         <load_address>0x18778</load_address>
         <run_address>0x18778</run_address>
         <size>0xc</size>
         <input_file_ref idref="fl-57"/>
      </object_component>
      <object_component id="oc-be">
         <name>.const:g_ui32UARTPeriph</name>
         <load_address>0x18784</load_address>
         <run_address>0x18784</run_address>
         <size>0xc</size>
         <input_file_ref idref="fl-57"/>
      </object_component>
      <object_component id="oc-31b">
         <name>.const:g_pui32VCOFrequencies</name>
         <load_address>0x18790</load_address>
         <run_address>0x18790</run_address>
         <size>0x8</size>
         <input_file_ref idref="fl-2c"/>
      </object_component>
      <object_component id="oc-62a">
         <name>.const:g_sCDCCompSerConfigHeader</name>
         <load_address>0x18798</load_address>
         <run_address>0x18798</run_address>
         <size>0x8</size>
         <input_file_ref idref="fl-38"/>
      </object_component>
      <object_component id="oc-62f">
         <name>.const:g_sCDCCompSerConfigHeaderHS</name>
         <load_address>0x187a0</load_address>
         <run_address>0x187a0</run_address>
         <size>0x8</size>
         <input_file_ref idref="fl-38"/>
      </object_component>
      <object_component id="oc-707">
         <name>.const:g_sCDCSerCommInterfaceSection</name>
         <load_address>0x187a8</load_address>
         <run_address>0x187a8</run_address>
         <size>0x8</size>
         <input_file_ref idref="fl-38"/>
      </object_component>
      <object_component id="oc-620">
         <name>.const:g_sCDCSerConfigHeader</name>
         <load_address>0x187b0</load_address>
         <run_address>0x187b0</run_address>
         <size>0x8</size>
         <input_file_ref idref="fl-38"/>
      </object_component>
      <object_component id="oc-625">
         <name>.const:g_sCDCSerConfigHeaderHS</name>
         <load_address>0x187b8</load_address>
         <run_address>0x187b8</run_address>
         <size>0x8</size>
         <input_file_ref idref="fl-38"/>
      </object_component>
      <object_component id="oc-704">
         <name>.const:g_sCDCSerConfigSection</name>
         <load_address>0x187c0</load_address>
         <run_address>0x187c0</run_address>
         <size>0x8</size>
         <input_file_ref idref="fl-38"/>
      </object_component>
      <object_component id="oc-70a">
         <name>.const:g_sCDCSerDataInterfaceSection</name>
         <load_address>0x187c8</load_address>
         <run_address>0x187c8</run_address>
         <size>0x8</size>
         <input_file_ref idref="fl-38"/>
      </object_component>
      <object_component id="oc-70f">
         <name>.const:g_sCDCSerDataInterfaceSectionHS</name>
         <load_address>0x187d0</load_address>
         <run_address>0x187d0</run_address>
         <size>0x8</size>
         <input_file_ref idref="fl-38"/>
      </object_component>
      <object_component id="oc-714">
         <name>.const:g_sIADSerConfigSection</name>
         <load_address>0x187d8</load_address>
         <run_address>0x187d8</run_address>
         <size>0x8</size>
         <input_file_ref idref="fl-38"/>
      </object_component>
      <object_component id="oc-88">
         <name>.const</name>
         <load_address>0x187e0</load_address>
         <run_address>0x187e0</run_address>
         <size>0x8</size>
         <input_file_ref idref="fl-10"/>
      </object_component>
      <object_component id="oc-63a">
         <name>.const:.string:g_pui8LangDescriptor</name>
         <load_address>0x187e8</load_address>
         <run_address>0x187e8</run_address>
         <size>0x4</size>
         <input_file_ref idref="fl-8"/>
      </object_component>
      <object_component id="oc-4ce">
         <name>.const:g_pCDCCompSerConfigDescriptors</name>
         <load_address>0x187ec</load_address>
         <run_address>0x187ec</run_address>
         <size>0x4</size>
         <input_file_ref idref="fl-38"/>
      </object_component>
      <object_component id="oc-4d1">
         <name>.const:g_pCDCCompSerConfigDescriptorsHS</name>
         <load_address>0x187f0</load_address>
         <run_address>0x187f0</run_address>
         <size>0x4</size>
         <input_file_ref idref="fl-38"/>
      </object_component>
      <object_component id="oc-4c8">
         <name>.const:g_ppCDCSerConfigDescriptors</name>
         <load_address>0x187f4</load_address>
         <run_address>0x187f4</run_address>
         <size>0x4</size>
         <input_file_ref idref="fl-38"/>
      </object_component>
      <object_component id="oc-4cb">
         <name>.const:g_ppCDCSerConfigDescriptorsHS</name>
         <load_address>0x187f8</load_address>
         <run_address>0x187f8</run_address>
         <size>0x4</size>
         <input_file_ref idref="fl-38"/>
      </object_component>
      <object_component id="oc-14d">
         <name>.const</name>
         <load_address>0x187fc</load_address>
         <run_address>0x187fc</run_address>
         <size>0x4</size>
         <input_file_ref idref="fl-e"/>
      </object_component>
      <object_component id="oc-d2">
         <name>.const</name>
         <load_address>0x18800</load_address>
         <run_address>0x18800</run_address>
         <size>0x4</size>
         <input_file_ref idref="fl-57"/>
      </object_component>
      <object_component id="oc-76a">
         <name>.cinit..data.load</name>
         <load_address>0x18808</load_address>
         <run_address>0x18808</run_address>
         <size>0x132</size>
      </object_component>
      <object_component id="oc-767">
         <name>__TI_handler_table</name>
         <load_address>0x1893c</load_address>
         <run_address>0x1893c</run_address>
         <size>0xc</size>
      </object_component>
      <object_component id="oc-76b">
         <name>.cinit..bss.load</name>
         <load_address>0x18948</load_address>
         <run_address>0x18948</run_address>
         <size>0x8</size>
      </object_component>
      <object_component id="oc-769">
         <name>.cinit..vtable.load</name>
         <load_address>0x18950</load_address>
         <run_address>0x18950</run_address>
         <size>0x8</size>
      </object_component>
      <object_component id="oc-768">
         <name>__TI_cinit_table</name>
         <load_address>0x18958</load_address>
         <run_address>0x18958</run_address>
         <size>0x18</size>
      </object_component>
      <object_component id="oc-38d">
         <name>.vtable</name>
         <uninitialized>true</uninitialized>
         <run_address>0x20000000</run_address>
         <size>0x26c</size>
         <input_file_ref idref="fl-23"/>
      </object_component>
      <object_component id="oc-347">
         <name>.data:g_psCmdTable</name>
         <load_address>0x20006310</load_address>
         <run_address>0x20006310</run_address>
         <size>0x54</size>
         <input_file_ref idref="fl-2"/>
      </object_component>
      <object_component id="oc-193">
         <name>.data</name>
         <load_address>0x20006544</load_address>
         <run_address>0x20006544</run_address>
         <size>0x5</size>
         <input_file_ref idref="fl-4"/>
      </object_component>
      <object_component id="oc-363">
         <name>.data</name>
         <load_address>0x200064b4</load_address>
         <run_address>0x200064b4</run_address>
         <size>0xd</size>
         <input_file_ref idref="fl-7"/>
      </object_component>
      <object_component id="oc-369">
         <name>.data:ConfigLinea</name>
         <load_address>0x2000653c</load_address>
         <run_address>0x2000653c</run_address>
         <size>0x7</size>
         <input_file_ref idref="fl-7"/>
      </object_component>
      <object_component id="oc-36c">
         <name>.data:g_sCDCDevice</name>
         <load_address>0x200062b0</load_address>
         <run_address>0x200062b0</run_address>
         <size>0x60</size>
         <input_file_ref idref="fl-8"/>
      </object_component>
      <object_component id="oc-35d">
         <name>.data:g_sRxBuffer</name>
         <load_address>0x200063a0</load_address>
         <run_address>0x200063a0</run_address>
         <size>0x38</size>
         <input_file_ref idref="fl-8"/>
      </object_component>
      <object_component id="oc-366">
         <name>.data:g_sTxBuffer</name>
         <load_address>0x200063d8</load_address>
         <run_address>0x200063d8</run_address>
         <size>0x38</size>
         <input_file_ref idref="fl-8"/>
      </object_component>
      <object_component id="oc-85">
         <name>.data</name>
         <load_address>0x20006364</load_address>
         <run_address>0x20006364</run_address>
         <size>0x3c</size>
         <input_file_ref idref="fl-e"/>
      </object_component>
      <object_component id="oc-2c5">
         <name>.data</name>
         <load_address>0x200064e8</load_address>
         <run_address>0x200064e8</run_address>
         <size>0xc</size>
         <input_file_ref idref="fl-f"/>
      </object_component>
      <object_component id="oc-98">
         <name>.data</name>
         <load_address>0x200064dc</load_address>
         <run_address>0x200064dc</run_address>
         <size>0xc</size>
         <input_file_ref idref="fl-10"/>
      </object_component>
      <object_component id="oc-2b0">
         <name>.data</name>
         <load_address>0x20006458</load_address>
         <run_address>0x20006458</run_address>
         <size>0x14</size>
         <input_file_ref idref="fl-12"/>
      </object_component>
      <object_component id="oc-4c5">
         <name>.data:g_pui8CDCSerDeviceDescriptor</name>
         <load_address>0x20006480</load_address>
         <run_address>0x20006480</run_address>
         <size>0x12</size>
         <input_file_ref idref="fl-38"/>
      </object_component>
      <object_component id="oc-4d4">
         <name>.data:g_pui8CDCSerDescriptor</name>
         <load_address>0x2000650c</load_address>
         <run_address>0x2000650c</run_address>
         <size>0x9</size>
         <input_file_ref idref="fl-38"/>
      </object_component>
      <object_component id="oc-731">
         <name>.data:g_pui8IADSerDescriptor</name>
         <load_address>0x2000652c</load_address>
         <run_address>0x2000652c</run_address>
         <size>0x8</size>
         <input_file_ref idref="fl-38"/>
      </object_component>
      <object_component id="oc-6c2">
         <name>.data:g_psCDCSerSections</name>
         <load_address>0x200064c4</load_address>
         <run_address>0x200064c4</run_address>
         <size>0xc</size>
         <input_file_ref idref="fl-38"/>
      </object_component>
      <object_component id="oc-6c7">
         <name>.data:g_psCDCSerSectionsHS</name>
         <load_address>0x200064d0</load_address>
         <run_address>0x200064d0</run_address>
         <size>0xc</size>
         <input_file_ref idref="fl-38"/>
      </object_component>
      <object_component id="oc-6cc">
         <name>.data:g_psCDCCompSerSections</name>
         <load_address>0x20006494</load_address>
         <run_address>0x20006494</run_address>
         <size>0x10</size>
         <input_file_ref idref="fl-38"/>
      </object_component>
      <object_component id="oc-6d1">
         <name>.data:g_psCDCCompSerSectionsHS</name>
         <load_address>0x200064a4</load_address>
         <run_address>0x200064a4</run_address>
         <size>0x10</size>
         <input_file_ref idref="fl-38"/>
      </object_component>
      <object_component id="oc-4bf">
         <name>.data</name>
         <load_address>0x20006492</load_address>
         <run_address>0x20006492</run_address>
         <size>0x2</size>
         <input_file_ref idref="fl-38"/>
      </object_component>
      <object_component id="oc-22b">
         <name>.data</name>
         <load_address>0x20006534</load_address>
         <run_address>0x20006534</run_address>
         <size>0x8</size>
         <input_file_ref idref="fl-3d"/>
      </object_component>
      <object_component id="oc-5fc">
         <name>.data</name>
         <load_address>0x2000646c</load_address>
         <run_address>0x2000646c</run_address>
         <size>0x14</size>
         <input_file_ref idref="fl-4a"/>
      </object_component>
      <object_component id="oc-60e">
         <name>.data:g_sUSBHEP0State</name>
         <load_address>0x20006440</load_address>
         <run_address>0x20006440</run_address>
         <size>0x18</size>
         <input_file_ref idref="fl-4a"/>
      </object_component>
      <object_component id="oc-228">
         <name>.data</name>
         <load_address>0x20006518</load_address>
         <run_address>0x20006518</run_address>
         <size>0x9</size>
         <input_file_ref idref="fl-50"/>
      </object_component>
      <object_component id="oc-243">
         <name>.data</name>
         <load_address>0x20006500</load_address>
         <run_address>0x20006500</run_address>
         <size>0xc</size>
         <input_file_ref idref="fl-52"/>
      </object_component>
      <object_component id="oc-30b">
         <name>.data:g_pui32CPUUsageTimerPeriph</name>
         <load_address>0x20006428</load_address>
         <run_address>0x20006428</run_address>
         <size>0x18</size>
         <input_file_ref idref="fl-56"/>
      </object_component>
      <object_component id="oc-305">
         <name>.data:g_pui32CPUUsageTimerBase</name>
         <load_address>0x20006410</load_address>
         <run_address>0x20006410</run_address>
         <size>0x18</size>
         <input_file_ref idref="fl-56"/>
      </object_component>
      <object_component id="oc-c4">
         <name>.data</name>
         <load_address>0x200064f4</load_address>
         <run_address>0x200064f4</run_address>
         <size>0xc</size>
         <input_file_ref idref="fl-57"/>
      </object_component>
      <object_component id="oc-32e">
         <name>.data</name>
         <load_address>0x20006550</load_address>
         <run_address>0x20006550</run_address>
         <size>0x4</size>
         <input_file_ref idref="fl-119"/>
      </object_component>
      <object_component id="oc-32b">
         <name>.data:$O1$$</name>
         <load_address>0x20006524</load_address>
         <run_address>0x20006524</run_address>
         <size>0x8</size>
         <input_file_ref idref="fl-12b"/>
      </object_component>
      <object_component id="oc-5cd">
         <name>.data</name>
         <load_address>0x2000654c</load_address>
         <run_address>0x2000654c</run_address>
         <size>0x4</size>
         <input_file_ref idref="fl-132"/>
      </object_component>
      <object_component id="oc-360">
         <name>.bss</name>
         <uninitialized>true</uninitialized>
         <run_address>0x2000626c</run_address>
         <size>0x8</size>
         <input_file_ref idref="fl-7"/>
      </object_component>
      <object_component id="oc-132">
         <name>.bss:pxReadyTasksLists</name>
         <uninitialized>true</uninitialized>
         <run_address>0x20005b38</run_address>
         <size>0x140</size>
         <input_file_ref idref="fl-e"/>
      </object_component>
      <object_component id="oc-157">
         <name>.bss:xDelayedTaskList1</name>
         <uninitialized>true</uninitialized>
         <run_address>0x200061e4</run_address>
         <size>0x14</size>
         <input_file_ref idref="fl-e"/>
      </object_component>
      <object_component id="oc-15a">
         <name>.bss:xDelayedTaskList2</name>
         <uninitialized>true</uninitialized>
         <run_address>0x200061f8</run_address>
         <size>0x14</size>
         <input_file_ref idref="fl-e"/>
      </object_component>
      <object_component id="oc-138">
         <name>.bss</name>
         <uninitialized>true</uninitialized>
         <run_address>0x2000625c</run_address>
         <size>0x8</size>
         <input_file_ref idref="fl-e"/>
      </object_component>
      <object_component id="oc-14a">
         <name>.bss:xPendingReadyList</name>
         <uninitialized>true</uninitialized>
         <run_address>0x2000620c</run_address>
         <size>0x14</size>
         <input_file_ref idref="fl-e"/>
      </object_component>
      <object_component id="oc-135">
         <name>.bss:xTasksWaitingTermination</name>
         <uninitialized>true</uninitialized>
         <run_address>0x20006234</run_address>
         <size>0x14</size>
         <input_file_ref idref="fl-e"/>
      </object_component>
      <object_component id="oc-13b">
         <name>.bss:xSuspendedTaskList</name>
         <uninitialized>true</uninitialized>
         <run_address>0x20006220</run_address>
         <size>0x14</size>
         <input_file_ref idref="fl-e"/>
      </object_component>
      <object_component id="oc-2cb">
         <name>.bss:xActiveTimerList1</name>
         <uninitialized>true</uninitialized>
         <run_address>0x200061bc</run_address>
         <size>0x14</size>
         <input_file_ref idref="fl-f"/>
      </object_component>
      <object_component id="oc-2ce">
         <name>.bss:xActiveTimerList2</name>
         <uninitialized>true</uninitialized>
         <run_address>0x200061d0</run_address>
         <size>0x14</size>
         <input_file_ref idref="fl-f"/>
      </object_component>
      <object_component id="oc-2c8">
         <name>.bss</name>
         <uninitialized>true</uninitialized>
         <run_address>0x20006264</run_address>
         <size>0x8</size>
         <input_file_ref idref="fl-f"/>
      </object_component>
      <object_component id="oc-2b6">
         <name>.bss:ucHeap</name>
         <uninitialized>true</uninitialized>
         <run_address>0x2000026c</run_address>
         <size>0x5000</size>
         <input_file_ref idref="fl-12"/>
      </object_component>
      <object_component id="oc-2b3">
         <name>.bss:xStart</name>
         <uninitialized>true</uninitialized>
         <run_address>0x2000627c</run_address>
         <size>0x8</size>
         <input_file_ref idref="fl-12"/>
      </object_component>
      <object_component id="oc-231">
         <name>.bss:g_pui8DataBufferIn</name>
         <uninitialized>true</uninitialized>
         <run_address>0x200060c4</run_address>
         <size>0x40</size>
         <input_file_ref idref="fl-3d"/>
      </object_component>
      <object_component id="oc-22e">
         <name>.bss</name>
         <uninitialized>true</uninitialized>
         <run_address>0x20006284</run_address>
         <size>0x4</size>
         <input_file_ref idref="fl-3d"/>
      </object_component>
      <object_component id="oc-6a1">
         <name>.bss:g_sRootHub</name>
         <uninitialized>true</uninitialized>
         <run_address>0x20005f88</run_address>
         <size>0x9c</size>
         <input_file_ref idref="fl-48"/>
      </object_component>
      <object_component id="oc-6a4">
         <name>.bss</name>
         <uninitialized>true</uninitialized>
         <run_address>0x20006274</run_address>
         <size>0x8</size>
         <input_file_ref idref="fl-48"/>
      </object_component>
      <object_component id="oc-608">
         <name>.bss</name>
         <uninitialized>true</uninitialized>
         <run_address>0x20006288</run_address>
         <size>0x4</size>
         <input_file_ref idref="fl-4a"/>
      </object_component>
      <object_component id="oc-605">
         <name>.bss:g_pi32USBHActiveDriver</name>
         <uninitialized>true</uninitialized>
         <run_address>0x20006148</run_address>
         <size>0x18</size>
         <input_file_ref idref="fl-4a"/>
      </object_component>
      <object_component id="oc-60b">
         <name>.bss:g_ppvDriverInstance</name>
         <uninitialized>true</uninitialized>
         <run_address>0x20006160</run_address>
         <size>0x18</size>
         <input_file_ref idref="fl-4a"/>
      </object_component>
      <object_component id="oc-5f6">
         <name>.bss:g_sUSBHCD</name>
         <uninitialized>true</uninitialized>
         <run_address>0x2000526c</run_address>
         <size>0x6cc</size>
         <input_file_ref idref="fl-4a"/>
      </object_component>
      <object_component id="oc-5f9">
         <name>.bss:g_pui32Alloc</name>
         <uninitialized>true</uninitialized>
         <run_address>0x20006254</run_address>
         <size>0x8</size>
         <input_file_ref idref="fl-4a"/>
      </object_component>
      <object_component id="oc-3aa">
         <name>.bss:g_psUSBDMAInst</name>
         <uninitialized>true</uninitialized>
         <run_address>0x20005c78</run_address>
         <size>0x110</size>
         <input_file_ref idref="fl-4e"/>
      </object_component>
      <object_component id="oc-4ba">
         <name>.bss</name>
         <uninitialized>true</uninitialized>
         <run_address>0x2000628c</run_address>
         <size>0x4</size>
         <input_file_ref idref="fl-50"/>
      </object_component>
      <object_component id="oc-4a3">
         <name>.bss:g_ppcArgv</name>
         <uninitialized>true</uninitialized>
         <run_address>0x20006104</run_address>
         <size>0x24</size>
         <input_file_ref idref="fl-55"/>
      </object_component>
      <object_component id="oc-308">
         <name>.bss</name>
         <uninitialized>true</uninitialized>
         <run_address>0x20006248</run_address>
         <size>0xc</size>
         <input_file_ref idref="fl-56"/>
      </object_component>
      <object_component id="oc-b8">
         <name>.bss</name>
         <uninitialized>true</uninitialized>
         <run_address>0x200061a8</run_address>
         <size>0x14</size>
         <input_file_ref idref="fl-57"/>
      </object_component>
      <object_component id="oc-ca">
         <name>.bss:g_pcUARTRxHistoryBuffer</name>
         <uninitialized>true</uninitialized>
         <run_address>0x20005938</run_address>
         <size>0x200</size>
         <input_file_ref idref="fl-57"/>
      </object_component>
      <object_component id="oc-c7">
         <name>.bss:g_usUARTRxHistoryOffset</name>
         <uninitialized>true</uninitialized>
         <run_address>0x20006128</run_address>
         <size>0x20</size>
         <input_file_ref idref="fl-57"/>
      </object_component>
      <object_component id="oc-196">
         <name>.common:g_ui32CPUUsage</name>
         <uninitialized>true</uninitialized>
         <run_address>0x20006298</run_address>
         <size>0x4</size>
      </object_component>
      <object_component id="oc-1a8">
         <name>.common:g_ui32SystemClock</name>
         <uninitialized>true</uninitialized>
         <run_address>0x200062a0</run_address>
         <size>0x4</size>
      </object_component>
      <object_component id="oc-1a6">
         <name>.common:mutexUSB</name>
         <uninitialized>true</uninitialized>
         <run_address>0x200062a8</run_address>
         <size>0x4</size>
      </object_component>
      <object_component id="oc-1a5">
         <name>.common:mutexUART</name>
         <uninitialized>true</uninitialized>
[...]
      </symbol>
      <symbol id="sm-19f7">
         <name>USBDescGet</name>
         <value>0x160dd</value>
         <object_component_ref idref="oc-3cc"/>
      </symbol>
      <symbol id="sm-19f8">
         <name>USBDescGetNum</name>
         <value>0x16081</value>
         <object_component_ref idref="oc-3cc"/>
      </symbol>
      <symbol id="sm-19f9">
         <name>USBDescGetNumAlternateInterfaces</name>
         <value>0x16147</value>
         <object_component_ref idref="oc-3cc"/>
      </symbol>
      <symbol id="sm-1ae0">
         <name>USBLibDMASizeGet</name>
         <value>0xebb5</value>
         <object_component_ref idref="oc-218"/>
      </symbol>
      <symbol id="sm-1ae1">
         <name>USBLibDMAAddrGet</name>
         <value>0xeb9d</value>
         <object_component_ref idref="oc-218"/>
      </symbol>
      <symbol id="sm-1ae2">
         <name>USBLibDMAInit</name>
         <value>0xebcd</value>
         <object_component_ref idref="oc-218"/>
      </symbol>
      <symbol id="sm-1b5d">
         <name>g_ui32PollRate</name>
         <value>0x2000629c</value>
      </symbol>
      <symbol id="sm-1b5e">
         <name>g_eOTGModeState</name>
         <value>0x200062ac</value>
      </symbol>
      <symbol id="sm-1b5f">
         <name>USBOTGModeTerm</name>
         <value>0x133ff</value>
         <object_component_ref idref="oc-351"/>
      </symbol>
      <symbol id="sm-1b60">
         <name>USB0DualModeIntHandler</name>
         <value>0x132f3</value>
         <object_component_ref idref="oc-351"/>
      </symbol>
      <symbol id="sm-1b61">
         <name>USBOTGMain</name>
         <value>0x1369f</value>
         <object_component_ref idref="oc-351"/>
      </symbol>
      <symbol id="sm-1b62">
         <name>USB0OTGModeIntHandler</name>
         <value>0x1359d</value>
         <object_component_ref idref="oc-351"/>
      </symbol>
      <symbol id="sm-1b63">
         <name>USBDualModeInit</name>
         <value>0x1333f</value>
         <object_component_ref idref="oc-351"/>
      </symbol>
      <symbol id="sm-1b64">
         <name>USBDualModeTerm</name>
         <value>0x133bd</value>
         <object_component_ref idref="oc-351"/>
      </symbol>
      <symbol id="sm-1b65">
         <name>g_iUSBMode</name>
         <value>0x20006518</value>
         <object_component_ref idref="oc-228"/>
      </symbol>
      <symbol id="sm-1b66">
         <name>USBOTGModeInit</name>
         <value>0x13447</value>
         <object_component_ref idref="oc-351"/>
      </symbol>
      <symbol id="sm-1b67">
         <name>USBStackModeSet</name>
         <value>0x132a9</value>
         <object_component_ref idref="oc-351"/>
      </symbol>
      <symbol id="sm-1b68">
         <name>g_ui32WaitTicks</name>
         <value>0x2000651c</value>
         <object_component_ref idref="oc-228"/>
      </symbol>
      <symbol id="sm-1b69">
         <name>USBOTGPollRate</name>
         <value>0x1356d</value>
         <object_component_ref idref="oc-351"/>
      </symbol>
      <symbol id="sm-1b6a">
         <name>OTGDeviceDisconnect</name>
         <value>0x13685</value>
         <object_component_ref idref="oc-351"/>
      </symbol>
      <symbol id="sm-1b6b">
         <name>USBOTGFeatureSet</name>
         <value>0x1373d</value>
         <object_component_ref idref="oc-351"/>
      </symbol>
      <symbol id="sm-1bc2">
         <name>USBRingBufWrite</name>
         <value>0x13fef</value>
         <object_component_ref idref="oc-4ab"/>
      </symbol>
      <symbol id="sm-1bc3">
         <name>USBRingBufContigUsed</name>
         <value>0x13d71</value>
         <object_component_ref idref="oc-4ab"/>
      </symbol>
      <symbol id="sm-1bc4">
         <name>USBRingBufFlush</name>
         <value>0x13ce7</value>
         <object_component_ref idref="oc-4ab"/>
      </symbol>
      <symbol id="sm-1bc5">
         <name>USBRingBufAdvanceWrite</name>
         <value>0x13f19</value>
         <object_component_ref idref="oc-4ab"/>
      </symbol>
      <symbol id="sm-1bc6">
         <name>USBRingBufWriteOne</name>
         <value>0x13fa9</value>
         <object_component_ref idref="oc-4ab"/>
      </symbol>
      <symbol id="sm-1bc7">
         <name>USBRingBufUsed</name>
         <value>0x13d13</value>
         <object_component_ref idref="oc-4ab"/>
      </symbol>
      <symbol id="sm-1bc8">
         <name>USBRingBufFree</name>
         <value>0x13d4d</value>
         <object_component_ref idref="oc-4ab"/>
      </symbol>
      <symbol id="sm-1bc9">
         <name>USBRingBufAdvanceRead</name>
         <value>0x13ec3</value>
         <object_component_ref idref="oc-4ab"/>
      </symbol>
      <symbol id="sm-1bca">
         <name>USBRingBufFull</name>
         <value>0x13c73</value>
         <object_component_ref idref="oc-4ab"/>
      </symbol>
      <symbol id="sm-1bcb">
         <name>USBRingBufReadOne</name>
         <value>0x13e07</value>
         <object_component_ref idref="oc-4ab"/>
      </symbol>
      <symbol id="sm-1bcc">
         <name>USBRingBufEmpty</name>
         <value>0x13cb5</value>
         <object_component_ref idref="oc-4ab"/>
      </symbol>
      <symbol id="sm-1bcd">
         <name>USBRingBufSize</name>
         <value>0x13def</value>
         <object_component_ref idref="oc-4ab"/>
      </symbol>
      <symbol id="sm-1bce">
         <name>USBRingBufInit</name>
         <value>0x14065</value>
         <object_component_ref idref="oc-4ab"/>
      </symbol>
      <symbol id="sm-1bcf">
         <name>USBRingBufRead</name>
         <value>0x13e4d</value>
         <object_component_ref idref="oc-4ab"/>
      </symbol>
      <symbol id="sm-1bd0">
         <name>USBRingBufContigFree</name>
         <value>0x13da9</value>
         <object_component_ref idref="oc-4ab"/>
      </symbol>
      <symbol id="sm-1bf9">
         <name>g_pfnTickHandlers</name>
         <value>0x20006178</value>
      </symbol>
      <symbol id="sm-1bfa">
         <name>g_pvTickInstance</name>
         <value>0x20006190</value>
      </symbol>
      <symbol id="sm-1bfb">
         <name>g_ui32USBSOFCount</name>
         <value>0x20006508</value>
         <object_component_ref idref="oc-243"/>
      </symbol>
      <symbol id="sm-1bfc">
         <name>InternalUSBTickReset</name>
         <value>0x16e0b</value>
         <object_component_ref idref="oc-21e"/>
      </symbol>
      <symbol id="sm-1bfd">
         <name>g_bUSBTimerInitialized</name>
         <value>0x20006500</value>
         <object_component_ref idref="oc-243"/>
      </symbol>
      <symbol id="sm-1bfe">
         <name>g_ui32CurrentUSBTick</name>
         <value>0x20006504</value>
         <object_component_ref idref="oc-243"/>
      </symbol>
      <symbol id="sm-1bff">
         <name>InternalUSBStartOfFrameTick</name>
         <value>0x16e63</value>
         <object_component_ref idref="oc-21e"/>
      </symbol>
      <symbol id="sm-1c00">
         <name>InternalUSBRegisterTickHandler</name>
         <value>0x16e13</value>
         <object_component_ref idref="oc-21e"/>
      </symbol>
      <symbol id="sm-1c01">
         <name>InternalUSBTickInit</name>
         <value>0x16dcd</value>
         <object_component_ref idref="oc-21e"/>
      </symbol>
      <symbol id="sm-1c0e">
         <name>ULPIPowerTransceiver</name>
         <value>0x17035</value>
         <object_component_ref idref="oc-212"/>
      </symbol>
      <symbol id="sm-1c0f">
         <name>ULPIConfigSet</name>
         <value>0x16f93</value>
         <object_component_ref idref="oc-212"/>
      </symbol>
      <symbol id="sm-1c29">
         <name>GetOverflowCounts</name>
         <value>0x179e9</value>
         <object_component_ref idref="oc-150"/>
      </symbol>
      <symbol id="sm-1c2a">
         <name>vConfigureTimerForRunTimeStats</name>
         <value>0x1754d</value>
         <object_component_ref idref="oc-144"/>
      </symbol>
      <symbol id="sm-1c4a">
         <name>CmdLineProcess</name>
         <value>0x17111</value>
         <object_component_ref idref="oc-341"/>
      </symbol>
      <symbol id="sm-1c7a">
         <name>CPUUsageInit</name>
         <value>0x169b7</value>
         <object_component_ref idref="oc-175"/>
      </symbol>
      <symbol id="sm-1c7b">
         <name>CPUUsageTick</name>
         <value>0x16979</value>
         <object_component_ref idref="oc-175"/>
      </symbol>
      <symbol id="sm-1d85">
         <name>UARTTxBytesFree</name>
         <value>0x104ef</value>
         <object_component_ref idref="oc-38"/>
      </symbol>
      <symbol id="sm-1d86">
         <name>UARTFlushRx</name>
         <value>0x104fb</value>
         <object_component_ref idref="oc-38"/>
      </symbol>
      <symbol id="sm-1d87">
         <name>UARTgetc</name>
         <value>0x10185</value>
         <object_component_ref idref="oc-38"/>
      </symbol>
      <symbol id="sm-1d88">
         <name>UARTgets</name>
         <value>0xfd25</value>
         <object_component_ref idref="oc-38"/>
      </symbol>
      <symbol id="sm-1d89">
         <name>UARTFlushTx</name>
         <value>0x10509</value>
         <object_component_ref idref="oc-38"/>
      </symbol>
      <symbol id="sm-1d8a">
         <name>UARTStdioConfig</name>
         <value>0xfb2f</value>
         <object_component_ref idref="oc-38"/>
      </symbol>
      <symbol id="sm-1d8b">
         <name>UARTStdioIntHandler</name>
         <value>0x10557</value>
         <object_component_ref idref="oc-38"/>
      </symbol>
      <symbol id="sm-1d8c">
         <name>UARTRxBytesAvail</name>
         <value>0x104e3</value>
         <object_component_ref idref="oc-38"/>
      </symbol>
      <symbol id="sm-1d8d">
         <name>UARTwrite</name>
         <value>0xfc5b</value>
         <object_component_ref idref="oc-38"/>
      </symbol>
      <symbol id="sm-1d8e">
         <name>UARTEchoSet</name>
         <value>0x1052f</value>
         <object_component_ref idref="oc-38"/>
      </symbol>
      <symbol id="sm-1d8f">
         <name>UARTprintf</name>
         <value>0x104bf</value>
         <object_component_ref idref="oc-38"/>
      </symbol>
      <symbol id="sm-1d90">
         <name>UARTvprintf</name>
         <value>0x101ad</value>
         <object_component_ref idref="oc-38"/>
      </symbol>
      <symbol id="sm-1db7">
         <name>sprintf</name>
         <value>0x17895</value>
         <object_component_ref idref="oc-169"/>
      </symbol>
      <symbol id="sm-1dd3">
         <name>memcpy</name>
         <value>0x171bd</value>
         <object_component_ref idref="oc-52"/>
      </symbol>
      <symbol id="sm-1dd4">
         <name>__aeabi_memcpy</name>
         <value>0x171bd</value>
         <object_component_ref idref="oc-52"/>
      </symbol>
      <symbol id="sm-1dd5">
         <name>__aeabi_memcpy8</name>
         <value>0x171bd</value>
         <object_component_ref idref="oc-52"/>
      </symbol>
      <symbol id="sm-1dd6">
         <name>__aeabi_memcpy4</name>
         <value>0x171bd</value>
         <object_component_ref idref="oc-52"/>
      </symbol>
      <symbol id="sm-1de5">
         <name>__aeabi_memset</name>
         <value>0x173fd</value>
         <object_component_ref idref="oc-104"/>
      </symbol>
      <symbol id="sm-1de6">
         <name>memset</name>
         <value>0x17403</value>
         <object_component_ref idref="oc-104"/>
      </symbol>
      <symbol id="sm-1de7">
         <name>__aeabi_memset8</name>
         <value>0x173fd</value>
         <object_component_ref idref="oc-104"/>
      </symbol>
      <symbol id="sm-1de8">
         <name>__aeabi_memset4</name>
         <value>0x173fd</value>
         <object_component_ref idref="oc-104"/>
      </symbol>
      <symbol id="sm-1de9">
         <name>__aeabi_memclr8</name>
         <value>0x173fb</value>
         <object_component_ref idref="oc-104"/>
      </symbol>
      <symbol id="sm-1dea">
         <name>__aeabi_memclr4</name>
         <value>0x173fb</value>
         <object_component_ref idref="oc-104"/>
      </symbol>
      <symbol id="sm-1deb">
         <name>__aeabi_memclr</name>
         <value>0x173fb</value>
         <object_component_ref idref="oc-104"/>
      </symbol>
      <symbol id="sm-1dfa">
         <name>__aeabi_uidivmod</name>
         <value>0x17855</value>
         <object_component_ref idref="oc-cd"/>
      </symbol>
      <symbol id="sm-1dfb">
         <name>__aeabi_uidiv</name>
         <value>0x17855</value>
         <object_component_ref idref="oc-cd"/>
      </symbol>
      <symbol id="sm-1e0d">
         <name>__TI_zero_init</name>
         <value>0x17af5</value>
         <object_component_ref idref="oc-64"/>
      </symbol>
      <symbol id="sm-1e24">
         <name>__TI_decompress_none</name>
         <value>0x17ae7</value>
         <object_component_ref idref="oc-1b"/>
      </symbol>
      <symbol id="sm-1e47">
         <name>__TI_decompress_lzss</name>
         <value>0x175b5</value>
         <object_component_ref idref="oc-15"/>
      </symbol>
      <symbol id="sm-1e5d">
         <name>rand</name>
         <value>0x17985</value>
         <object_component_ref idref="oc-187"/>
      </symbol>
      <symbol id="sm-1e6c">
         <name>strcmp</name>
         <value>0x17a7f</value>
         <object_component_ref idref="oc-49d"/>
      </symbol>
      <symbol id="sm-1e7a">
         <name>strcpy</name>
         <value>0x17aad</value>
         <object_component_ref idref="oc-15d"/>
      </symbol>
      <symbol id="sm-1e88">
         <name>strlen</name>
         <value>0x17ac1</value>
         <object_component_ref idref="oc-163"/>
      </symbol>
      <symbol id="sm-1e9b">
         <name>__stack</name>
         <value>0x20006558</value>
         <object_component_ref idref="oc-24"/>
      </symbol>
      <symbol id="sm-1e9c">
         <name>_c_int00_noargs</name>
         <value>0x17951</value>
         <object_component_ref idref="oc-70"/>
      </symbol>
      <symbol id="sm-2001">
         <name>__TI_printfi</name>
         <value>0x11169</value>
         <object_component_ref idref="oc-2f0"/>
      </symbol>
      <symbol id="sm-200b">
         <name>__aeabi_idiv0</name>
         <value>0x15b3f</value>
         <object_component_ref idref="oc-201"/>
      </symbol>
      <symbol id="sm-200c">
         <name>__aeabi_ldiv0</name>
         <value>0x15b3f</value>
         <object_component_ref idref="oc-201"/>
      </symbol>
      <symbol id="sm-2023">
         <name>__aeabi_dsub</name>
         <value>0x16425</value>
         <object_component_ref idref="oc-591"/>
      </symbol>
      <symbol id="sm-2024">
         <name>__aeabi_dadd</name>
         <value>0x1642f</value>
         <object_component_ref idref="oc-591"/>
      </symbol>
      <symbol id="sm-2046">
         <name>__aeabi_cdcmpeq</name>
         <value>0x172ef</value>
         <object_component_ref idref="oc-42d"/>
      </symbol>
      <symbol id="sm-2047">
         <name>__aeabi_cdcmple</name>
         <value>0x172ef</value>
         <object_component_ref idref="oc-42d"/>
      </symbol>
      <symbol id="sm-2048">
         <name>__aeabi_cdrcmple</name>
         <value>0x17375</value>
         <object_component_ref idref="oc-57c"/>
      </symbol>
      <symbol id="sm-205c">
         <name>__aeabi_ddiv</name>
         <value>0x16719</value>
         <object_component_ref idref="oc-577"/>
      </symbol>
      <symbol id="sm-2067">
         <name>__aeabi_dmul</name>
         <value>0x16cd1</value>
         <object_component_ref idref="oc-572"/>
      </symbol>
      <symbol id="sm-2071">
         <name>__aeabi_d2iz</name>
         <value>0x177c9</value>
         <object_component_ref idref="oc-581"/>
      </symbol>
      <symbol id="sm-207b">
         <name>__aeabi_i2d</name>
         <value>0x179b9</value>
         <object_component_ref idref="oc-58c"/>
      </symbol>
      <symbol id="sm-2088">
         <name>__aeabi_uldivmod</name>
         <value>0x17259</value>
         <object_component_ref idref="oc-56b"/>
      </symbol>
      <symbol id="sm-20b0">
         <name>__TI_auto_init_nobinit_nopinit</name>
         <value>0x17811</value>
         <object_component_ref idref="oc-268"/>
      </symbol>
      <symbol id="sm-20ba">
         <name>_system_pre_init</name>
         <value>0x17b27</value>
         <object_component_ref idref="oc-10a"/>
      </symbol>
      <symbol id="sm-20c6">
         <name>C$$EXIT</name>
         <value>0x17b2b</value>
         <object_component_ref idref="oc-25c"/>
      </symbol>
      <symbol id="sm-20c7">
         <name>abort</name>
         <value>0x17b2b</value>
         <object_component_ref idref="oc-25c"/>
      </symbol>
      <symbol id="sm-20dc">
         <name>_nop</name>
         <value>0x11bb7</value>
         <object_component_ref idref="oc-489"/>
      </symbol>
      <symbol id="sm-20dd">
         <name>_lock</name>
         <value>0x20006524</value>
         <object_component_ref idref="oc-32b"/>
      </symbol>
      <symbol id="sm-20de">
         <name>_unlock</name>
         <value>0x20006528</value>
         <object_component_ref idref="oc-32b"/>
      </symbol>
      <symbol id="sm-20ed">
         <name>__TI_ltoa</name>
         <value>0x176d7</value>
         <object_component_ref idref="oc-586"/>
      </symbol>
      <symbol id="sm-2104">
         <name>atoi</name>
         <value>0x1777d</value>
         <object_component_ref idref="oc-421"/>
      </symbol>
      <symbol id="sm-210f">
         <name>_ctypes_</name>
         <value>0x17ee0</value>
         <object_component_ref idref="oc-566"/>
      </symbol>
      <symbol id="sm-211f">
         <name>memccpy</name>
         <value>0x17a31</value>
         <object_component_ref idref="oc-44a"/>
      </symbol>
      <symbol id="sm-212f">
         <name>strchr</name>
         <value>0x17a97</value>
         <object_component_ref idref="oc-5bd"/>
      </symbol>
      <symbol id="sm-2145">
         <name>__aeabi_errno_addr</name>
         <value>0x17b19</value>
         <object_component_ref idref="oc-456"/>
      </symbol>
      <symbol id="sm-2146">
         <name>errno</name>
         <value>0x2000654c</value>
         <object_component_ref idref="oc-5cd"/>
      </symbol>
      <symbol id="sm-215f">
         <name>wcslen</name>
         <value>0x17ad5</value>
         <object_component_ref idref="oc-450"/>
      </symbol>
      <symbol id="sm-217f">
         <name>frexpl</name>
         <value>0x1761d</value>
         <object_component_ref idref="oc-5b1"/>
      </symbol>
      <symbol id="sm-2180">
         <name>frexp</name>
         <value>0x1761d</value>
         <object_component_ref idref="oc-5b1"/>
      </symbol>
      <symbol id="sm-219d">
         <name>scalbn</name>
         <value>0x16bc1</value>
         <object_component_ref idref="oc-5b7"/>
      </symbol>
      <symbol id="sm-219e">
         <name>scalbnl</name>
         <value>0x16bc1</value>
         <object_component_ref idref="oc-5b7"/>
      </symbol>
      <symbol id="sm-219f">
         <name>ldexpl</name>
         <value>0x16bc1</value>
         <object_component_ref idref="oc-5b7"/>
      </symbol>
      <symbol id="sm-21a0">
         <name>ldexp</name>
         <value>0x16bc1</value>
         <object_component_ref idref="oc-5b7"/>
      </symbol>
      <symbol id="sm-21aa">
         <name>copysign</name>
         <value>0x17a4d</value>
         <object_component_ref idref="oc-67b"/>
      </symbol>
      <symbol id="sm-21ab">
         <name>copysignl</name>
         <value>0x17a4d</value>
         <object_component_ref idref="oc-67b"/>
      </symbol>
      <symbol id="sm-21ac">
         <name>__TI_static_base__</name>
         <value>0x0</value>
      </symbol>
      <symbol id="sm-21af">
         <name>__mpu_init</name>
         <value>0x0</value>
      </symbol>
      <symbol id="sm-21b0">
         <name>_system_post_cinit</name>
         <value>0x0</value>
      </symbol>
   </symbol_table>
   <title>Link successful</title>
</link_info>
